Archive member included because of file (symbol)

C:\stm32ws\vva_tstat\STemWin\lib\libSTemWin526_CM4_GCC.a(WINDOW.o)
                              ./gui/home_scr.o (WINDOW_SetBkColor)
C:\stm32ws\vva_tstat\STemWin\lib\libSTemWin526_CM4_GCC.a(WIDGET.o)
                              C:\stm32ws\vva_tstat\STemWin\lib\libSTemWin526_CM4_GCC.a(WINDOW.o) (WIDGET__Init)
C:\stm32ws\vva_tstat\STemWin\lib\libSTemWin526_CM4_GCC.a(TEXT_SetTextColor.o)
                              ./gui/home_scr.o (TEXT_SetTextColor)
C:\stm32ws\vva_tstat\STemWin\lib\libSTemWin526_CM4_GCC.a(TEXT_SetTextAlign.o)
                              ./gui/home_scr.o (TEXT_SetTextAlign)
C:\stm32ws\vva_tstat\STemWin\lib\libSTemWin526_CM4_GCC.a(TEXT_SetText.o)
                              ./gui/home_scr.o (TEXT_SetText)
C:\stm32ws\vva_tstat\STemWin\lib\libSTemWin526_CM4_GCC.a(TEXT_SetFont.o)
                              ./gui/home_scr.o (TEXT_SetFont)
C:\stm32ws\vva_tstat\STemWin\lib\libSTemWin526_CM4_GCC.a(TEXT_CreateIndirect.o)
                              ./gui/home_scr.o (TEXT_CreateIndirect)
C:\stm32ws\vva_tstat\STemWin\lib\libSTemWin526_CM4_GCC.a(TEXT.o)
                              C:\stm32ws\vva_tstat\STemWin\lib\libSTemWin526_CM4_GCC.a(TEXT_CreateIndirect.o) (TEXT_CreateUser)
C:\stm32ws\vva_tstat\STemWin\lib\libSTemWin526_CM4_GCC.a(SLIDER_SkinFlex.o)
                              ./Src/main.o (SLIDER_DrawSkinFlex)
C:\stm32ws\vva_tstat\STemWin\lib\libSTemWin526_CM4_GCC.a(SLIDER_Skin.o)
                              ./Src/main.o (SLIDER_SetDefaultSkin)
C:\stm32ws\vva_tstat\STemWin\lib\libSTemWin526_CM4_GCC.a(SLIDER_CreateIndirect.o)
                              ./gui/home_scr.o (SLIDER_CreateIndirect)
C:\stm32ws\vva_tstat\STemWin\lib\libSTemWin526_CM4_GCC.a(SLIDER.o)
                              C:\stm32ws\vva_tstat\STemWin\lib\libSTemWin526_CM4_GCC.a(SLIDER_CreateIndirect.o) (SLIDER_CreateUser)
C:\stm32ws\vva_tstat\STemWin\lib\libSTemWin526_CM4_GCC.a(PROGBAR_SkinFlex.o)
                              ./Src/main.o (PROGBAR_DrawSkinFlex)
C:\stm32ws\vva_tstat\STemWin\lib\libSTemWin526_CM4_GCC.a(PROGBAR_Skin.o)
                              ./Src/main.o (PROGBAR_SetDefaultSkin)
C:\stm32ws\vva_tstat\STemWin\lib\libSTemWin526_CM4_GCC.a(PROGBAR_CreateIndirect.o)
                              ./gui/splash_screen.o (PROGBAR_CreateIndirect)
C:\stm32ws\vva_tstat\STemWin\lib\libSTemWin526_CM4_GCC.a(PROGBAR.o)
                              C:\stm32ws\vva_tstat\STemWin\lib\libSTemWin526_CM4_GCC.a(PROGBAR_Skin.o) (PROGBAR__GetTextLocked)
C:\stm32ws\vva_tstat\STemWin\lib\libSTemWin526_CM4_GCC.a(IMAGE_DTA.o)
                              ./gui/splash_screen.o (IMAGE_SetDTA)
C:\stm32ws\vva_tstat\STemWin\lib\libSTemWin526_CM4_GCC.a(IMAGE_BMP.o)
                              ./gui/home_scr.o (IMAGE_SetBMP)
C:\stm32ws\vva_tstat\STemWin\lib\libSTemWin526_CM4_GCC.a(IMAGE.o)
                              C:\stm32ws\vva_tstat\STemWin\lib\libSTemWin526_CM4_GCC.a(IMAGE_DTA.o) (IMAGE__FreeAttached)
C:\stm32ws\vva_tstat\STemWin\lib\libSTemWin526_CM4_GCC.a(DIALOG.o)
                              C:\stm32ws\vva_tstat\STemWin\lib\libSTemWin526_CM4_GCC.a(WIDGET.o) (DIALOG_GetBkColor)
C:\stm32ws\vva_tstat\STemWin\lib\libSTemWin526_CM4_GCC.a(BUTTON_SkinFlex.o)
                              ./Src/main.o (BUTTON_DrawSkinFlex)
C:\stm32ws\vva_tstat\STemWin\lib\libSTemWin526_CM4_GCC.a(BUTTON_Skin.o)
                              ./Src/main.o (BUTTON_SetDefaultSkin)
C:\stm32ws\vva_tstat\STemWin\lib\libSTemWin526_CM4_GCC.a(BUTTON_CreateIndirect.o)
                              ./gui/home_scr.o (BUTTON_CreateIndirect)
C:\stm32ws\vva_tstat\STemWin\lib\libSTemWin526_CM4_GCC.a(BUTTON.o)
                              C:\stm32ws\vva_tstat\STemWin\lib\libSTemWin526_CM4_GCC.a(BUTTON_CreateIndirect.o) (BUTTON_CreateUser)
C:\stm32ws\vva_tstat\STemWin\lib\libSTemWin526_CM4_GCC.a(WM__UpdateChildPositions.o)
                              C:\stm32ws\vva_tstat\STemWin\lib\libSTemWin526_CM4_GCC.a(WIDGET.o) (WM__UpdateChildPositions)
C:\stm32ws\vva_tstat\STemWin\lib\libSTemWin526_CM4_GCC.a(WM__Screen2Client.o)
                              C:\stm32ws\vva_tstat\STemWin\lib\libSTemWin526_CM4_GCC.a(WIDGET.o) (WM__Screen2Client)
C:\stm32ws\vva_tstat\STemWin\lib\libSTemWin526_CM4_GCC.a(WM__IsEnabled.o)
                              C:\stm32ws\vva_tstat\STemWin\lib\libSTemWin526_CM4_GCC.a(BUTTON_SkinFlex.o) (WM__IsEnabled)
C:\stm32ws\vva_tstat\STemWin\lib\libSTemWin526_CM4_GCC.a(WM__IsAncestor.o)
                              C:\stm32ws\vva_tstat\STemWin\lib\libSTemWin526_CM4_GCC.a(WINDOW.o) (WM__IsAncestor)
C:\stm32ws\vva_tstat\STemWin\lib\libSTemWin526_CM4_GCC.a(WM_UserData.o)
                              C:\stm32ws\vva_tstat\STemWin\lib\libSTemWin526_CM4_GCC.a(WINDOW.o) (WM__GetUserDataEx)
C:\stm32ws\vva_tstat\STemWin\lib\libSTemWin526_CM4_GCC.a(WM_Show.o)
                              ./Src/main.o (WM_ShowWindow)
C:\stm32ws\vva_tstat\STemWin\lib\libSTemWin526_CM4_GCC.a(WM_SetUserClipRect.o)
[...]
Memory Configuration

Name             Origin             Length             Attributes
FLASH            0x08000000         0x00100000         xr
RAM              0x20000000         0x00020000         xrw
CCMRAM           0x10000000         0x00010000         rw
*default*        0x00000000         0xffffffff

Linker script and memory map

LOAD c:/stm32tc/gcc49/bin/../lib/gcc/arm-none-eabi/4.9.3/armv7e-m/fpu/crti.o
LOAD c:/stm32tc/gcc49/bin/../lib/gcc/arm-none-eabi/4.9.3/armv7e-m/fpu/crtbegin.o
LOAD c:/stm32tc/gcc49/bin/../lib/gcc/arm-none-eabi/4.9.3/../../../../arm-none-eabi/lib/armv7e-m/fpu/crt0.o
LOAD ./gui/home_scr.o
LOAD ./gui/splash_screen.o
LOAD ./Src/GUIConf.o
LOAD ./Src/LCDConf.o
LOAD ./Src/adc.o
LOAD ./Src/crc.o
LOAD ./Src/fsmc.o
LOAD ./Src/ft6206.o
LOAD ./Src/gpio.o
LOAD ./Src/i2c.o
LOAD ./Src/ili_9341.o
LOAD ./Src/main.o
LOAD ./Src/stm32f4xx_hal_msp.o
LOAD ./Src/stm32f4xx_it.o
LOAD ./Src/tim.o
LOAD ./STemWin/OS/GUI_X.o
LOAD ./Drivers/STM32F4xx_HAL_Driver/Src/stm32f4xx_hal.o
LOAD ./Drivers/STM32F4xx_HAL_Driver/Src/stm32f4xx_hal_adc.o
LOAD ./Drivers/STM32F4xx_HAL_Driver/Src/stm32f4xx_hal_adc_ex.o
LOAD ./Drivers/STM32F4xx_HAL_Driver/Src/stm32f4xx_hal_cortex.o
LOAD ./Drivers/STM32F4xx_HAL_Driver/Src/stm32f4xx_hal_crc.o
LOAD ./Drivers/STM32F4xx_HAL_Driver/Src/stm32f4xx_hal_dma.o
LOAD ./Drivers/STM32F4xx_HAL_Driver/Src/stm32f4xx_hal_dma_ex.o
LOAD ./Drivers/STM32F4xx_HAL_Driver/Src/stm32f4xx_hal_flash.o
LOAD ./Drivers/STM32F4xx_HAL_Driver/Src/stm32f4xx_hal_flash_ex.o
LOAD ./Drivers/STM32F4xx_HAL_Driver/Src/stm32f4xx_hal_flash_ramfunc.o
LOAD ./Drivers/STM32F4xx_HAL_Driver/Src/stm32f4xx_hal_gpio.o
LOAD ./Drivers/STM32F4xx_HAL_Driver/Src/stm32f4xx_hal_i2c.o
LOAD ./Drivers/STM32F4xx_HAL_Driver/Src/stm32f4xx_hal_i2c_ex.o
LOAD ./Drivers/STM32F4xx_HAL_Driver/Src/stm32f4xx_hal_pwr.o
LOAD ./Drivers/STM32F4xx_HAL_Driver/Src/stm32f4xx_hal_pwr_ex.o
LOAD ./Drivers/STM32F4xx_HAL_Driver/Src/stm32f4xx_hal_rcc.o
LOAD ./Drivers/STM32F4xx_HAL_Driver/Src/stm32f4xx_hal_rcc_ex.o
LOAD ./Drivers/STM32F4xx_HAL_Driver/Src/stm32f4xx_hal_sram.o
LOAD ./Drivers/STM32F4xx_HAL_Driver/Src/stm32f4xx_hal_tim.o
LOAD ./Drivers/STM32F4xx_HAL_Driver/Src/stm32f4xx_hal_tim_ex.o
LOAD ./Drivers/STM32F4xx_HAL_Driver/Src/stm32f4xx_ll_fsmc.o
LOAD ./Drivers/CMSIS/Device/ST/STM32F4xx/Source/Templates/gcc/startup_stm32f407xx.o
LOAD ./Drivers/CMSIS/Device/ST/STM32F4xx/Source/Templates/system_stm32f4xx.o
LOAD C:\stm32ws\vva_tstat\STemWin\lib\libSTemWin526_CM4_GCC.a
LOAD c:/stm32tc/gcc49/bin/../lib/gcc/arm-none-eabi/4.9.3/../../../../arm-none-eabi/lib/armv7e-m/fpu\libstdc++.a
LOAD c:/stm32tc/gcc49/bin/../lib/gcc/arm-none-eabi/4.9.3/../../../../arm-none-eabi/lib/armv7e-m/fpu\libm.a
START GROUP
LOAD c:/stm32tc/gcc49/bin/../lib/gcc/arm-none-eabi/4.9.3/armv7e-m/fpu\libgcc.a
LOAD c:/stm32tc/gcc49/bin/../lib/gcc/arm-none-eabi/4.9.3/../../../../arm-none-eabi/lib/armv7e-m/fpu\libg.a
LOAD c:/stm32tc/gcc49/bin/../lib/gcc/arm-none-eabi/4.9.3/../../../../arm-none-eabi/lib/armv7e-m/fpu\libc.a
END GROUP
LOAD c:/stm32tc/gcc49/bin/../lib/gcc/arm-none-eabi/4.9.3/armv7e-m/fpu/crtend.o
LOAD c:/stm32tc/gcc49/bin/../lib/gcc/arm-none-eabi/4.9.3/armv7e-m/fpu/crtn.o
                0x2001ffff                _estack = 0x2001ffff
                0x00000400                _Min_Heap_Size = 0x400
                0x00000600                _Min_Stack_Size = 0x600

.isr_vector     0x08000000      0x188
                0x08000000                . = ALIGN (0x4)
 *(.isr_vector)
 .isr_vector    0x08000000      0x188 ./Drivers/CMSIS/Device/ST/STM32F4xx/Source/Templates/gcc/startup_stm32f407xx.o
                0x08000000                g_pfnVectors
                0x08000188                . = ALIGN (0x4)

.text           0x08000188    0x13fac
                0x08000188                . = ALIGN (0x4)
 *(.text)
 .text          0x08000188       0x5c c:/stm32tc/gcc49/bin/../lib/gcc/arm-none-eabi/4.9.3/armv7e-m/fpu/crtbegin.o
 .text          0x080001e4      0x134 c:/stm32tc/gcc49/bin/../lib/gcc/arm-none-eabi/4.9.3/../../../../arm-none-eabi/lib/armv7e-m/fpu\libg.a(lib_a-memcpy.o)
                0x080001e4                memcpy
 *(.text*)
 .text._GetImageById
                0x08000318       0x58 ./gui/home_scr.o
 .text._cbDialog
                0x08000370      0x37c ./gui/home_scr.o
 .text.CreateHomeScreen
                0x080006ec       0x34 ./gui/home_scr.o
                0x080006ec                CreateHomeScreen
 .text._GetImageById
                0x08000720       0x30 ./gui/splash_screen.o
 .text._cbDialog
                0x08000750       0x5c ./gui/splash_screen.o
 .text.CreateSplashScreen
                0x080007ac       0x34 ./gui/splash_screen.o
                0x080007ac                CreateSplashScreen
 .text.GUI_X_Config
                0x080007e0       0x14 ./Src/GUIConf.o
                0x080007e0                GUI_X_Config
 .text.LcdWriteReg
                0x080007f4       0x1c ./Src/LCDConf.o
 .text.LcdWriteData
                0x08000810       0x20 ./Src/LCDConf.o
 .text.LcdWriteDataMultiple
                0x08000830       0x30 ./Src/LCDConf.o
 .text.LcdReadDataMultiple
                0x08000860       0x34 ./Src/LCDConf.o
 .text.LCD_X_Config
                0x08000894       0xb0 ./Src/LCDConf.o
                0x08000894                LCD_X_Config
 .text.LCD_X_DisplayDriver
                0x08000944       0x2c ./Src/LCDConf.o
                0x08000944                LCD_X_DisplayDriver
 .text.MX_ADC1_Init
                0x08000970       0x74 ./Src/adc.o
                0x08000970                MX_ADC1_Init
 .text.HAL_ADC_MspInit
                0x080009e4       0x58 ./Src/adc.o
                0x080009e4                HAL_ADC_MspInit
 .text.MX_CRC_Init
                0x08000a3c       0x1c ./Src/crc.o
                0x08000a3c                MX_CRC_Init
 .text.HAL_CRC_MspInit
                0x08000a58       0x30 ./Src/crc.o
                0x08000a58                HAL_CRC_MspInit
 .text.MX_FSMC_Init
                0x08000a88       0x9c ./Src/fsmc.o
                0x08000a88                MX_FSMC_Init
 .text.HAL_FSMC_MspInit
                0x08000b24       0x78 ./Src/fsmc.o
 .text.HAL_SRAM_MspInit
                0x08000b9c       0x14 ./Src/fsmc.o
                0x08000b9c                HAL_SRAM_MspInit
 .text.FT6206_read_register
                0x08000bb0       0x9c ./Src/ft6206.o
 .text.FT6206_write_register
                0x08000c4c       0x68 ./Src/ft6206.o
 .text.FT6206_begin
                0x08000cb4       0x80 ./Src/ft6206.o
                0x08000cb4                FT6206_begin
 .text.FT6206_touched
                0x08000d34       0x2c ./Src/ft6206.o
                0x08000d34                FT6206_touched
 .text.FT6206_read_data
                0x08000d60      0x108 ./Src/ft6206.o
                0x08000d60                FT6206_read_data
 .text.MX_GPIO_Init
                0x08000e68       0xe0 ./Src/gpio.o
                0x08000e68                MX_GPIO_Init
 .text.MX_I2C1_Init
                0x08000f48       0x50 ./Src/i2c.o
                0x08000f48                MX_I2C1_Init
 .text.HAL_I2C_MspInit
                0x08000f98       0x54 ./Src/i2c.o
                0x08000f98                HAL_I2C_MspInit
 .text.set_tft_window
                0x08000fec       0x84 ./Src/ili_9341.o
                0x08000fec                set_tft_window
 .text.tft_fill_rect
                0x08001070       0x78 ./Src/ili_9341.o
                0x08001070                tft_fill_rect
 .text.ILI9341_init
                0x080010e8      0x25c ./Src/ili_9341.o
                0x080010e8                ILI9341_init
 .text.main     0x08001344       0x88 ./Src/main.o
                0x08001344                main
 .text.SystemClock_Config
                0x080013cc       0x7c ./Src/main.o
                0x080013cc                SystemClock_Config
 .text.show_splash
                0x08001448       0x50 ./Src/main.o
                0x08001448                show_splash
 .text.update_touch
                0x08001498       0x8c ./Src/main.o
                0x08001498                update_touch
 .text.TFT_reset
                0x08001524       0x28 ./Src/main.o
                0x08001524                TFT_reset
 .text.CTP_reset
                0x0800154c       0x24 ./Src/main.o
                0x0800154c                CTP_reset
 .text.HAL_MspInit
                0x08001570       0x18 ./Src/stm32f4xx_hal_msp.o
                0x08001570                HAL_MspInit
 .text.ADC_IRQHandler
                0x08001588       0x10 ./Src/stm32f4xx_it.o
                0x08001588                ADC_IRQHandler
 .text.SysTick_Handler
                0x08001598       0x30 ./Src/stm32f4xx_it.o
                0x08001598                SysTick_Handler
 .text.EXTI2_IRQHandler
                0x080015c8       0x20 ./Src/stm32f4xx_it.o
                0x080015c8                EXTI2_IRQHandler
 .text.TIM3_IRQHandler
                0x080015e8       0x10 ./Src/stm32f4xx_it.o
                0x080015e8                TIM3_IRQHandler
 .text.MX_TIM3_Init
                0x080015f8       0x60 ./Src/tim.o
                0x080015f8                MX_TIM3_Init
 .text.HAL_TIM_Base_MspInit
                0x08001658       0x30 ./Src/tim.o
                0x08001658                HAL_TIM_Base_MspInit
 .text.GUI_X_Init
                0x08001688        0xc ./STemWin/OS/GUI_X.o
                0x08001688                GUI_X_Init
 .text.HAL_Init
                0x08001694       0x44 ./Drivers/STM32F4xx_HAL_Driver/Src/stm32f4xx_hal.o
                0x08001694                HAL_Init
 .text.HAL_InitTick
                0x080016d8       0x38 ./Drivers/STM32F4xx_HAL_Driver/Src/stm32f4xx_hal.o
                0x080016d8                HAL_InitTick
 .text.HAL_IncTick
                0x08001710       0x1c ./Drivers/STM32F4xx_HAL_Driver/Src/stm32f4xx_hal.o
                0x08001710                HAL_IncTick
 .text.HAL_GetTick
                0x0800172c       0x18 ./Drivers/STM32F4xx_HAL_Driver/Src/stm32f4xx_hal.o
                0x0800172c                HAL_GetTick
 .text.HAL_Delay
                0x08001744       0x2c ./Drivers/STM32F4xx_HAL_Driver/Src/stm32f4xx_hal.o
                0x08001744                HAL_Delay
 .text.HAL_ADC_Init
                0x08001770       0x54 ./Drivers/STM32F4xx_HAL_Driver/Src/stm32f4xx_hal_adc.o
                0x08001770                HAL_ADC_Init
 .text.HAL_ADC_IRQHandler
                0x080017c4      0x25c ./Drivers/STM32F4xx_HAL_Driver/Src/stm32f4xx_hal_adc.o
                0x080017c4                HAL_ADC_IRQHandler
 .text.HAL_ADC_ConvCpltCallback
                0x08001a20       0x14 ./Drivers/STM32F4xx_HAL_Driver/Src/stm32f4xx_hal_adc.o
                0x08001a20                HAL_ADC_ConvCpltCallback
 .text.HAL_ADC_LevelOutOfWindowCallback
                0x08001a34       0x14 ./Drivers/STM32F4xx_HAL_Driver/Src/stm32f4xx_hal_adc.o
                0x08001a34                HAL_ADC_LevelOutOfWindowCallback
 .text.HAL_ADC_ErrorCallback
                0x08001a48       0x14 ./Drivers/STM32F4xx_HAL_Driver/Src/stm32f4xx_hal_adc.o
                0x08001a48                HAL_ADC_ErrorCallback
 .text.HAL_ADC_ConfigChannel
                0x08001a5c      0x20c ./Drivers/STM32F4xx_HAL_Driver/Src/stm32f4xx_hal_adc.o
                0x08001a5c                HAL_ADC_ConfigChannel
 .text.ADC_Init
                0x08001c68      0x1c0 ./Drivers/STM32F4xx_HAL_Driver/Src/stm32f4xx_hal_adc.o
 .text.HAL_ADCEx_InjectedConvCpltCallback
                0x08001e28       0x14 ./Drivers/STM32F4xx_HAL_Driver/Src/stm32f4xx_hal_adc_ex.o
                0x08001e28                HAL_ADCEx_InjectedConvCpltCallback
 .text.NVIC_SetPriorityGrouping
                0x08001e3c       0x48 ./Drivers/STM32F4xx_HAL_Driver/Src/stm32f4xx_hal_cortex.o
 .text.NVIC_GetPriorityGrouping
                0x08001e84       0x1c ./Drivers/STM32F4xx_HAL_Driver/Src/stm32f4xx_hal_cortex.o
 .text.NVIC_EnableIRQ
                0x08001ea0       0x30 ./Drivers/STM32F4xx_HAL_Driver/Src/stm32f4xx_hal_cortex.o
 .text.NVIC_SetPriority
                0x08001ed0       0x54 ./Drivers/STM32F4xx_HAL_Driver/Src/stm32f4xx_hal_cortex.o
 .text.NVIC_EncodePriority
                0x08001f24       0x68 ./Drivers/STM32F4xx_HAL_Driver/Src/stm32f4xx_hal_cortex.o
 .text.SysTick_Config
                0x08001f8c       0x44 ./Drivers/STM32F4xx_HAL_Driver/Src/stm32f4xx_hal_cortex.o
 .text.HAL_NVIC_SetPriorityGrouping
                0x08001fd0       0x14 ./Drivers/STM32F4xx_HAL_Driver/Src/stm32f4xx_hal_cortex.o
                0x08001fd0                HAL_NVIC_SetPriorityGrouping
 .text.HAL_NVIC_SetPriority
                0x08001fe4       0x38 ./Drivers/STM32F4xx_HAL_Driver/Src/stm32f4xx_hal_cortex.o
                0x08001fe4                HAL_NVIC_SetPriority
 .text.HAL_NVIC_EnableIRQ
                0x0800201c       0x1c ./Drivers/STM32F4xx_HAL_Driver/Src/stm32f4xx_hal_cortex.o
                0x0800201c                HAL_NVIC_EnableIRQ
 .text.HAL_SYSTICK_Config
                0x08002038       0x18 ./Drivers/STM32F4xx_HAL_Driver/Src/stm32f4xx_hal_cortex.o
                0x08002038                HAL_SYSTICK_Config
 .text.HAL_SYSTICK_IRQHandler
                0x08002050        0xc ./Drivers/STM32F4xx_HAL_Driver/Src/stm32f4xx_hal_cortex.o
                0x08002050                HAL_SYSTICK_IRQHandler
 .text.HAL_SYSTICK_Callback
                0x0800205c        0xc ./Drivers/STM32F4xx_HAL_Driver/Src/stm32f4xx_hal_cortex.o
                0x0800205c                HAL_SYSTICK_Callback
 .text.HAL_CRC_Init
                0x08002068       0x38 ./Drivers/STM32F4xx_HAL_Driver/Src/stm32f4xx_hal_crc.o
                0x08002068                HAL_CRC_Init
 .text.HAL_GPIO_Init
                0x080020a0      0x32c ./Drivers/STM32F4xx_HAL_Driver/Src/stm32f4xx_hal_gpio.o
                0x080020a0                HAL_GPIO_Init
 .text.HAL_GPIO_WritePin
                0x080023cc       0x30 ./Drivers/STM32F4xx_HAL_Driver/Src/stm32f4xx_hal_gpio.o
                0x080023cc                HAL_GPIO_WritePin
 .text.HAL_GPIO_TogglePin
                0x080023fc       0x24 ./Drivers/STM32F4xx_HAL_Driver/Src/stm32f4xx_hal_gpio.o
                0x080023fc                HAL_GPIO_TogglePin
 .text.HAL_GPIO_EXTI_IRQHandler
                0x08002420       0x30 ./Drivers/STM32F4xx_HAL_Driver/Src/stm32f4xx_hal_gpio.o
                0x08002420                HAL_GPIO_EXTI_IRQHandler
 .text.HAL_GPIO_EXTI_Callback
                0x08002450       0x14 ./Drivers/STM32F4xx_HAL_Driver/Src/stm32f4xx_hal_gpio.o
                0x08002450                HAL_GPIO_EXTI_Callback
 .text.HAL_I2C_Init
                0x08002464      0x1ac ./Drivers/STM32F4xx_HAL_Driver/Src/stm32f4xx_hal_i2c.o
                0x08002464                HAL_I2C_Init
 .text.HAL_I2C_Master_Transmit
                0x08002610      0x168 ./Drivers/STM32F4xx_HAL_Driver/Src/stm32f4xx_hal_i2c.o
                0x08002610                HAL_I2C_Master_Transmit
 .text.HAL_I2C_Master_Receive
                0x08002778      0x300 ./Drivers/STM32F4xx_HAL_Driver/Src/stm32f4xx_hal_i2c.o
                0x08002778                HAL_I2C_Master_Receive
 .text.HAL_I2C_GetState
                0x08002a78       0x1c ./Drivers/STM32F4xx_HAL_Driver/Src/stm32f4xx_hal_i2c.o
                0x08002a78                HAL_I2C_GetState
 .text.I2C_MasterRequestWrite
                0x08002a94       0xc4 ./Drivers/STM32F4xx_HAL_Driver/Src/stm32f4xx_hal_i2c.o
 .text.I2C_MasterRequestRead
                0x08002b58      0x144 ./Drivers/STM32F4xx_HAL_Driver/Src/stm32f4xx_hal_i2c.o
 .text.I2C_WaitOnFlagUntilTimeout
                0x08002c9c      0x114 ./Drivers/STM32F4xx_HAL_Driver/Src/stm32f4xx_hal_i2c.o
 .text.I2C_WaitOnMasterAddressFlagUntilTimeout
                0x08002db0       0xd8 ./Drivers/STM32F4xx_HAL_Driver/Src/stm32f4xx_hal_i2c.o
 .text.HAL_RCC_OscConfig
                0x08002e88      0x4b0 ./Drivers/STM32F4xx_HAL_Driver/Src/stm32f4xx_hal_rcc.o
                0x08002e88                HAL_RCC_OscConfig
 .text.HAL_RCC_ClockConfig
                0x08003338      0x2b0 ./Drivers/STM32F4xx_HAL_Driver/Src/stm32f4xx_hal_rcc.o
                0x08003338                HAL_RCC_ClockConfig
 .text.HAL_RCC_GetSysClockFreq
                0x080035e8      0x118 ./Drivers/STM32F4xx_HAL_Driver/Src/stm32f4xx_hal_rcc.o
                0x080035e8                HAL_RCC_GetSysClockFreq
 .text.HAL_RCC_GetHCLKFreq
                0x08003700       0x58 ./Drivers/STM32F4xx_HAL_Driver/Src/stm32f4xx_hal_rcc.o
                0x08003700                HAL_RCC_GetHCLKFreq
 .text.HAL_RCC_GetPCLK1Freq
                0x08003758       0x4c ./Drivers/STM32F4xx_HAL_Driver/Src/stm32f4xx_hal_rcc.o
                0x08003758                HAL_RCC_GetPCLK1Freq
 .text.HAL_SRAM_Init
                0x080037a4       0x84 ./Drivers/STM32F4xx_HAL_Driver/Src/stm32f4xx_hal_sram.o
                0x080037a4                HAL_SRAM_Init
 .text.HAL_TIM_Base_Init
                0x08003828       0x50 ./Drivers/STM32F4xx_HAL_Driver/Src/stm32f4xx_hal_tim.o
                0x08003828                HAL_TIM_Base_Init
 .text.HAL_TIM_IRQHandler
                0x08003878      0x210 ./Drivers/STM32F4xx_HAL_Driver/Src/stm32f4xx_hal_tim.o
                0x08003878                HAL_TIM_IRQHandler
 .text.HAL_TIM_ConfigClockSource
                0x08003a88      0x1c4 ./Drivers/STM32F4xx_HAL_Driver/Src/stm32f4xx_hal_tim.o
                0x08003a88                HAL_TIM_ConfigClockSource
 .text.HAL_TIM_PeriodElapsedCallback
                0x08003c4c       0x14 ./Drivers/STM32F4xx_HAL_Driver/Src/stm32f4xx_hal_tim.o
                0x08003c4c                HAL_TIM_PeriodElapsedCallback
 .text.HAL_TIM_OC_DelayElapsedCallback
                0x08003c60       0x14 ./Drivers/STM32F4xx_HAL_Driver/Src/stm32f4xx_hal_tim.o
                0x08003c60                HAL_TIM_OC_DelayElapsedCallback
 .text.HAL_TIM_IC_CaptureCallback
                0x08003c74       0x14 ./Drivers/STM32F4xx_HAL_Driver/Src/stm32f4xx_hal_tim.o
                0x08003c74                HAL_TIM_IC_CaptureCallback
 .text.HAL_TIM_PWM_PulseFinishedCallback
                0x08003c88       0x14 ./Drivers/STM32F4xx_HAL_Driver/Src/stm32f4xx_hal_tim.o
                0x08003c88                HAL_TIM_PWM_PulseFinishedCallback
 .text.HAL_TIM_TriggerCallback
                0x08003c9c       0x14 ./Drivers/STM32F4xx_HAL_Driver/Src/stm32f4xx_hal_tim.o
                0x08003c9c                HAL_TIM_TriggerCallback
 .text.TIM_Base_SetConfig
                0x08003cb0      0x150 ./Drivers/STM32F4xx_HAL_Driver/Src/stm32f4xx_hal_tim.o
                0x08003cb0                TIM_Base_SetConfig
 .text.TIM_TI1_ConfigInputStage
                0x08003e00       0x64 ./Drivers/STM32F4xx_HAL_Driver/Src/stm32f4xx_hal_tim.o
 .text.TIM_TI2_ConfigInputStage
                0x08003e64       0x68 ./Drivers/STM32F4xx_HAL_Driver/Src/stm32f4xx_hal_tim.o
 .text.TIM_ITRx_SetConfig
                0x08003ecc       0x40 ./Drivers/STM32F4xx_HAL_Driver/Src/stm32f4xx_hal_tim.o
 .text.TIM_ETR_SetConfig
                0x08003f0c       0x44 ./Drivers/STM32F4xx_HAL_Driver/Src/stm32f4xx_hal_tim.o
 .text.HAL_TIMEx_MasterConfigSynchronization
                0x08003f50       0x8c ./Drivers/STM32F4xx_HAL_Driver/Src/stm32f4xx_hal_tim_ex.o
                0x08003f50                HAL_TIMEx_MasterConfigSynchronization
 .text.HAL_TIMEx_CommutationCallback
                0x08003fdc       0x14 ./Drivers/STM32F4xx_HAL_Driver/Src/stm32f4xx_hal_tim_ex.o
                0x08003fdc                HAL_TIMEx_CommutationCallback
 .text.HAL_TIMEx_BreakCallback
                0x08003ff0       0x14 ./Drivers/STM32F4xx_HAL_Driver/Src/stm32f4xx_hal_tim_ex.o
                0x08003ff0                HAL_TIMEx_BreakCallback
 .text.FSMC_NORSRAM_Init
                0x08004004       0x9c ./Drivers/STM32F4xx_HAL_Driver/Src/stm32f4xx_ll_fsmc.o
                0x08004004                FSMC_NORSRAM_Init
 .text.FSMC_NORSRAM_Timing_Init
                0x080040a0       0x7c ./Drivers/STM32F4xx_HAL_Driver/Src/stm32f4xx_ll_fsmc.o
                0x080040a0                FSMC_NORSRAM_Timing_Init
 .text.FSMC_NORSRAM_Extended_Timing_Init
                0x0800411c       0x90 ./Drivers/STM32F4xx_HAL_Driver/Src/stm32f4xx_ll_fsmc.o
                0x0800411c                FSMC_NORSRAM_Extended_Timing_Init
 .text.Reset_Handler
                0x080041ac       0x50 ./Drivers/CMSIS/Device/ST/STM32F4xx/Source/Templates/gcc/startup_stm32f407xx.o
                0x080041ac                Reset_Handler
 .text.Default_Handler
                0x080041fc        0x2 ./Drivers/CMSIS/Device/ST/STM32F4xx/Source/Templates/gcc/startup_stm32f407xx.o
                0x080041fc                RTC_Alarm_IRQHandler
                0x080041fc                HASH_RNG_IRQHandler
                0x080041fc                TIM8_CC_IRQHandler
                0x080041fc                DebugMon_Handler
                0x080041fc                TIM1_CC_IRQHandler
                0x080041fc                DMA2_Stream5_IRQHandler
                0x080041fc                HardFault_Handler
                0x080041fc                DMA1_Stream5_IRQHandler
                0x080041fc                PVD_IRQHandler
                0x080041fc                SDIO_IRQHandler
                0x080041fc                TAMP_STAMP_IRQHandler
                0x080041fc                PendSV_Handler
                0x080041fc                NMI_Handler
                0x080041fc                CAN2_RX1_IRQHandler
                0x080041fc                EXTI3_IRQHandler
                0x080041fc                TIM8_TRG_COM_TIM14_IRQHandler
                0x080041fc                TIM1_UP_TIM10_IRQHandler
                0x080041fc                TIM8_UP_TIM13_IRQHandler
                0x080041fc                I2C3_ER_IRQHandler
                0x080041fc                EXTI0_IRQHandler
                0x080041fc                I2C2_EV_IRQHandler
                0x080041fc                DMA1_Stream2_IRQHandler
                0x080041fc                CAN1_RX0_IRQHandler
                0x080041fc                FPU_IRQHandler
                0x080041fc                OTG_HS_WKUP_IRQHandler
                0x080041fc                UsageFault_Handler
                0x080041fc                CAN2_SCE_IRQHandler
                0x080041fc                DMA2_Stream2_IRQHandler
                0x080041fc                SPI1_IRQHandler
                0x080041fc                TIM6_DAC_IRQHandler
                0x080041fc                TIM1_BRK_TIM9_IRQHandler
                0x080041fc                DCMI_IRQHandler
                0x080041fc                CAN2_RX0_IRQHandler
                0x080041fc                DMA2_Stream3_IRQHandler
                0x080041fc                USART6_IRQHandler
                0x080041fc                USART3_IRQHandler
                0x080041fc                CAN1_RX1_IRQHandler
                0x080041fc                UART5_IRQHandler
                0x080041fc                DMA2_Stream0_IRQHandler
                0x080041fc                TIM4_IRQHandler
                0x080041fc                I2C1_EV_IRQHandler
                0x080041fc                DMA1_Stream6_IRQHandler
                0x080041fc                DMA1_Stream1_IRQHandler
                0x080041fc                UART4_IRQHandler
                0x080041fc                RCC_IRQHandler
                0x080041fc                TIM8_BRK_TIM12_IRQHandler
                0x080041fc                Default_Handler
                0x080041fc                EXTI15_10_IRQHandler
                0x080041fc                DMA1_Stream7_IRQHandler
                0x080041fc                TIM7_IRQHandler
                0x080041fc                CAN2_TX_IRQHandler
                0x080041fc                TIM5_IRQHandler
                0x080041fc                DMA2_Stream7_IRQHandler
                0x080041fc                I2C3_EV_IRQHandler
                0x080041fc                EXTI9_5_IRQHandler
                0x080041fc                RTC_WKUP_IRQHandler
                0x080041fc                ETH_WKUP_IRQHandler
                0x080041fc                SPI2_IRQHandler
                0x080041fc                OTG_HS_EP1_IN_IRQHandler
                0x080041fc                MemManage_Handler
                0x080041fc                DMA1_Stream0_IRQHandler
                0x080041fc                CAN1_TX_IRQHandler
                0x080041fc                SVC_Handler
                0x080041fc                EXTI4_IRQHandler
                0x080041fc                FSMC_IRQHandler
                0x080041fc                ETH_IRQHandler
                0x080041fc                OTG_HS_EP1_OUT_IRQHandler
                0x080041fc                WWDG_IRQHandler
                0x080041fc                TIM2_IRQHandler
                0x080041fc                OTG_FS_WKUP_IRQHandler
                0x080041fc                TIM1_TRG_COM_TIM11_IRQHandler
                0x080041fc                OTG_HS_IRQHandler
                0x080041fc                EXTI1_IRQHandler
                0x080041fc                USART2_IRQHandler
                0x080041fc                I2C2_ER_IRQHandler
                0x080041fc                DMA2_Stream1_IRQHandler
                0x080041fc                CAN1_SCE_IRQHandler
                0x080041fc                FLASH_IRQHandler
                0x080041fc                DMA2_Stream4_IRQHandler
                0x080041fc                BusFault_Handler
                0x080041fc                USART1_IRQHandler
                0x080041fc                OTG_FS_IRQHandler
                0x080041fc                SPI3_IRQHandler
                0x080041fc                DMA1_Stream4_IRQHandler
                0x080041fc                I2C1_ER_IRQHandler
                0x080041fc                DMA2_Stream6_IRQHandler
                0x080041fc                DMA1_Stream3_IRQHandler
 *fill*         0x080041fe        0x2 
 .text.SystemInit
                0x08004200       0x6c ./Drivers/CMSIS/Device/ST/STM32F4xx/Source/Templates/system_stm32f4xx.o
                0x08004200                SystemInit
 .text.WINDOW_Callback
                0x0800426c      0x12c C:\stm32ws\vva_tstat\STemWin\lib\libSTemWin526_CM4_GCC.a(WINDOW.o)
                0x0800426c                WINDOW_Callback
 .text.WINDOW_SetBkColor
                0x08004398       0x20 C:\stm32ws\vva_tstat\STemWin\lib\libSTemWin526_CM4_GCC.a(WINDOW.o)
                0x08004398                WINDOW_SetBkColor
 .text.WINDOW_CreateUser
                0x080043b8       0x54 C:\stm32ws\vva_tstat\STemWin\lib\libSTemWin526_CM4_GCC.a(WINDOW.o)
                0x080043b8                WINDOW_CreateUser
 .text.WINDOW_CreateIndirect
                0x0800440c       0x3e C:\stm32ws\vva_tstat\STemWin\lib\libSTemWin526_CM4_GCC.a(WINDOW.o)
                0x0800440c                WINDOW_CreateIndirect
 .text._EffectRequiresRedraw
                0x0800444a       0x5e C:\stm32ws\vva_tstat\STemWin\lib\libSTemWin526_CM4_GCC.a(WIDGET.o)
 .text.WIDGET__RotateRect90
                0x080044a8       0x24 C:\stm32ws\vva_tstat\STemWin\lib\libSTemWin526_CM4_GCC.a(WIDGET.o)
                0x080044a8                WIDGET__RotateRect90
 .text.WIDGET__GetClientRect
                0x080044cc       0x36 C:\stm32ws\vva_tstat\STemWin\lib\libSTemWin526_CM4_GCC.a(WIDGET.o)
                0x080044cc                WIDGET__GetClientRect
 .text.WIDGET__GetInsideRect
                0x08004502       0x1a C:\stm32ws\vva_tstat\STemWin\lib\libSTemWin526_CM4_GCC.a(WIDGET.o)
                0x08004502                WIDGET__GetInsideRect
 .text.WIDGET__GetWindowSizeX
                0x0800451c       0x2c C:\stm32ws\vva_tstat\STemWin\lib\libSTemWin526_CM4_GCC.a(WIDGET.o)
                0x0800451c                WIDGET__GetWindowSizeX
 .text.WIDGET_SetState
                0x08004548       0x22 C:\stm32ws\vva_tstat\STemWin\lib\libSTemWin526_CM4_GCC.a(WIDGET.o)
                0x08004548                WIDGET_SetState
 .text.WIDGET_OrState
                0x0800456a       0x2a C:\stm32ws\vva_tstat\STemWin\lib\libSTemWin526_CM4_GCC.a(WIDGET.o)
                0x0800456a                WIDGET_OrState
 .text.WIDGET_AndState
                0x08004594       0x28 C:\stm32ws\vva_tstat\STemWin\lib\libSTemWin526_CM4_GCC.a(WIDGET.o)
                0x08004594                WIDGET_AndState
 .text.WIDGET__Init
                0x080045bc       0x10 C:\stm32ws\vva_tstat\STemWin\lib\libSTemWin526_CM4_GCC.a(WIDGET.o)
                0x080045bc                WIDGET__Init
 .text.WIDGET_HandleActive
                0x080045cc      0x13c C:\stm32ws\vva_tstat\STemWin\lib\libSTemWin526_CM4_GCC.a(WIDGET.o)
                0x080045cc                WIDGET_HandleActive
 .text.WIDGET__DrawFocusRect
                0x08004708       0x24 C:\stm32ws\vva_tstat\STemWin\lib\libSTemWin526_CM4_GCC.a(WIDGET.o)
                0x08004708                WIDGET__DrawFocusRect
 .text.WIDGET__DrawVLine
                0x0800472c       0x44 C:\stm32ws\vva_tstat\STemWin\lib\libSTemWin526_CM4_GCC.a(WIDGET.o)
                0x0800472c                WIDGET__DrawVLine
 .text.WIDGET__FillRectEx
                0x08004770       0x1e C:\stm32ws\vva_tstat\STemWin\lib\libSTemWin526_CM4_GCC.a(WIDGET.o)
                0x08004770                WIDGET__FillRectEx
 .text.WIDGET__EFFECT_DrawDownRect
                0x0800478e       0x3a C:\stm32ws\vva_tstat\STemWin\lib\libSTemWin526_CM4_GCC.a(WIDGET.o)
                0x0800478e                WIDGET__EFFECT_DrawDownRect
 .text.WIDGET__EFFECT_DrawUpRect
                0x080047c8       0x2e C:\stm32ws\vva_tstat\STemWin\lib\libSTemWin526_CM4_GCC.a(WIDGET.o)
                0x080047c8                WIDGET__EFFECT_DrawUpRect
 .text.TEXT_SetTextColor
                0x080047f6       0x24 C:\stm32ws\vva_tstat\STemWin\lib\libSTemWin526_CM4_GCC.a(TEXT_SetTextColor.o)
                0x080047f6                TEXT_SetTextColor
 .text.TEXT_SetTextAlign
                0x0800481a       0x24 C:\stm32ws\vva_tstat\STemWin\lib\libSTemWin526_CM4_GCC.a(TEXT_SetTextAlign.o)
                0x0800481a                TEXT_SetTextAlign
 .text.TEXT_SetText
                0x0800483e       0x50 C:\stm32ws\vva_tstat\STemWin\lib\libSTemWin526_CM4_GCC.a(TEXT_SetText.o)
                0x0800483e                TEXT_SetText
 .text.TEXT_SetFont
                0x0800488e       0x24 C:\stm32ws\vva_tstat\STemWin\lib\libSTemWin526_CM4_GCC.a(TEXT_SetFont.o)
                0x0800488e                TEXT_SetFont
 .text.TEXT_CreateIndirect
                0x080048b2       0x3e C:\stm32ws\vva_tstat\STemWin\lib\libSTemWin526_CM4_GCC.a(TEXT_CreateIndirect.o)
                0x080048b2                TEXT_CreateIndirect
 .text.TEXT_Callback
                0x080048f0       0xc6 C:\stm32ws\vva_tstat\STemWin\lib\libSTemWin526_CM4_GCC.a(TEXT.o)
                0x080048f0                TEXT_Callback
 *fill*         0x080049b6        0x2 
 .text.TEXT_CreateUser
                0x080049b8       0x90 C:\stm32ws\vva_tstat\STemWin\lib\libSTemWin526_CM4_GCC.a(TEXT.o)
                0x080049b8                TEXT_CreateUser
 .text.SLIDER_DrawSkinFlex
                0x08004a48      0x3cc C:\stm32ws\vva_tstat\STemWin\lib\libSTemWin526_CM4_GCC.a(SLIDER_SkinFlex.o)
                0x08004a48                SLIDER_DrawSkinFlex
 .text._Create  0x08004e14       0x28 C:\stm32ws\vva_tstat\STemWin\lib\libSTemWin526_CM4_GCC.a(SLIDER_Skin.o)
 .text._Paint   0x08004e3c      0x1ce C:\stm32ws\vva_tstat\STemWin\lib\libSTemWin526_CM4_GCC.a(SLIDER_Skin.o)
 *fill*         0x0800500a        0x2 
 .text.SLIDER_SetDefaultSkin
                0x0800500c       0x1c C:\stm32ws\vva_tstat\STemWin\lib\libSTemWin526_CM4_GCC.a(SLIDER_Skin.o)
                0x0800500c                SLIDER_SetDefaultSkin
 .text.SLIDER_CreateIndirect
                0x08005028       0x3a C:\stm32ws\vva_tstat\STemWin\lib\libSTemWin526_CM4_GCC.a(SLIDER_CreateIndirect.o)
                0x08005028                SLIDER_CreateIndirect
 *fill*         0x08005062        0x2 
 .text.SLIDER_CreateUser
                0x08005064       0x90 C:\stm32ws\vva_tstat\STemWin\lib\libSTemWin526_CM4_GCC.a(SLIDER.o)
                0x08005064                SLIDER_CreateUser
 .text.SLIDER_Dec
                0x080050f4       0x3a C:\stm32ws\vva_tstat\STemWin\lib\libSTemWin526_CM4_GCC.a(SLIDER.o)
                0x080050f4                SLIDER_Dec
 .text.SLIDER_GetFlag
                0x0800512e       0x22 C:\stm32ws\vva_tstat\STemWin\lib\libSTemWin526_CM4_GCC.a(SLIDER.o)
                0x0800512e                SLIDER_GetFlag
 .text.SLIDER_Inc
                0x08005150       0x3a C:\stm32ws\vva_tstat\STemWin\lib\libSTemWin526_CM4_GCC.a(SLIDER.o)
                0x08005150                SLIDER_Inc
 .text.SLIDER_SetValue
                0x0800518a       0x4a C:\stm32ws\vva_tstat\STemWin\lib\libSTemWin526_CM4_GCC.a(SLIDER.o)
                0x0800518a                SLIDER_SetValue
 .text.SLIDER_Callback
                0x080051d4      0x162 C:\stm32ws\vva_tstat\STemWin\lib\libSTemWin526_CM4_GCC.a(SLIDER.o)
                0x080051d4                SLIDER_Callback
 *fill*         0x08005336        0x2 
 .text.PROGBAR_DrawSkinFlex
                0x08005338      0x158 C:\stm32ws\vva_tstat\STemWin\lib\libSTemWin526_CM4_GCC.a(PROGBAR_SkinFlex.o)
                0x08005338                PROGBAR_DrawSkinFlex
 .text._Create  0x08005490       0x2c C:\stm32ws\vva_tstat\STemWin\lib\libSTemWin526_CM4_GCC.a(PROGBAR_Skin.o)
 .text._Paint   0x080054bc      0x144 C:\stm32ws\vva_tstat\STemWin\lib\libSTemWin526_CM4_GCC.a(PROGBAR_Skin.o)
 .text.PROGBAR_SetDefaultSkin
                0x08005600       0x1c C:\stm32ws\vva_tstat\STemWin\lib\libSTemWin526_CM4_GCC.a(PROGBAR_Skin.o)
                0x08005600                PROGBAR_SetDefaultSkin
 .text.PROGBAR_CreateIndirect
                0x0800561c       0x3a C:\stm32ws\vva_tstat\STemWin\lib\libSTemWin526_CM4_GCC.a(PROGBAR_CreateIndirect.o)
                0x0800561c                PROGBAR_CreateIndirect
 .text._SetValue
                0x08005656       0x2c C:\stm32ws\vva_tstat\STemWin\lib\libSTemWin526_CM4_GCC.a(PROGBAR.o)
 .text.PROGBAR_Callback
                0x08005682       0x58 C:\stm32ws\vva_tstat\STemWin\lib\libSTemWin526_CM4_GCC.a(PROGBAR.o)
                0x08005682                PROGBAR_Callback
 .text.PROGBAR__GetTextLocked
                0x080056da        0x6 C:\stm32ws\vva_tstat\STemWin\lib\libSTemWin526_CM4_GCC.a(PROGBAR.o)
                0x080056da                PROGBAR__GetTextLocked
 .text.PROGBAR__GetTextRect
                0x080056e0       0x86 C:\stm32ws\vva_tstat\STemWin\lib\libSTemWin526_CM4_GCC.a(PROGBAR.o)
                0x080056e0                PROGBAR__GetTextRect
 .text.PROGBAR__Value2Pos
                0x08005766       0x4c C:\stm32ws\vva_tstat\STemWin\lib\libSTemWin526_CM4_GCC.a(PROGBAR.o)
                0x08005766                PROGBAR__Value2Pos
 *fill*         0x080057b2        0x2 
 .text.PROGBAR_CreateUser
                0x080057b4       0xbc C:\stm32ws\vva_tstat\STemWin\lib\libSTemWin526_CM4_GCC.a(PROGBAR.o)
                0x080057b4                PROGBAR_CreateUser
 .text.PROGBAR_SetValue
                0x08005870      0x154 C:\stm32ws\vva_tstat\STemWin\lib\libSTemWin526_CM4_GCC.a(PROGBAR.o)
                0x08005870                PROGBAR_SetValue
 .text._GetImageSize
                0x080059c4       0x24 C:\stm32ws\vva_tstat\STemWin\lib\libSTemWin526_CM4_GCC.a(IMAGE_DTA.o)
 .text._DrawImageAt
                0x080059e8       0x22 C:\stm32ws\vva_tstat\STemWin\lib\libSTemWin526_CM4_GCC.a(IMAGE_DTA.o)
 *fill*         0x08005a0a        0x2 
 .text.IMAGE_SetDTA
                0x08005a0c       0x58 C:\stm32ws\vva_tstat\STemWin\lib\libSTemWin526_CM4_GCC.a(IMAGE_DTA.o)
                0x08005a0c                IMAGE_SetDTA
 .text._GetImageSize
                0x08005a64       0x2a C:\stm32ws\vva_tstat\STemWin\lib\libSTemWin526_CM4_GCC.a(IMAGE_BMP.o)
 .text._DrawImageAt
                0x08005a8e       0x24 C:\stm32ws\vva_tstat\STemWin\lib\libSTemWin526_CM4_GCC.a(IMAGE_BMP.o)
 *fill*         0x08005ab2        0x2 
 .text.IMAGE_SetBMP
                0x08005ab4       0x48 C:\stm32ws\vva_tstat\STemWin\lib\libSTemWin526_CM4_GCC.a(IMAGE_BMP.o)
                0x08005ab4                IMAGE_SetBMP
 .text._Paint   0x08005afc       0x26 C:\stm32ws\vva_tstat\STemWin\lib\libSTemWin526_CM4_GCC.a(IMAGE.o)
 .text._PaintTiled
                0x08005b22       0xce C:\stm32ws\vva_tstat\STemWin\lib\libSTemWin526_CM4_GCC.a(IMAGE.o)
 .text.IMAGE__FreeAttached
                0x08005bf0       0x30 C:\stm32ws\vva_tstat\STemWin\lib\libSTemWin526_CM4_GCC.a(IMAGE.o)
                0x08005bf0                IMAGE__FreeAttached
 .text.IMAGE_Callback
                0x08005c20      0x1d8 C:\stm32ws\vva_tstat\STemWin\lib\libSTemWin526_CM4_GCC.a(IMAGE.o)
                0x08005c20                IMAGE_Callback
 .text.IMAGE__SetWindowSize
                0x08005df8       0x30 C:\stm32ws\vva_tstat\STemWin\lib\libSTemWin526_CM4_GCC.a(IMAGE.o)
                0x08005df8                IMAGE__SetWindowSize
 .text.IMAGE_CreateUser
                0x08005e28       0x98 C:\stm32ws\vva_tstat\STemWin\lib\libSTemWin526_CM4_GCC.a(IMAGE.o)
                0x08005e28                IMAGE_CreateUser
 .text.IMAGE_CreateIndirect
                0x08005ec0       0x3a C:\stm32ws\vva_tstat\STemWin\lib\libSTemWin526_CM4_GCC.a(IMAGE.o)
                0x08005ec0                IMAGE_CreateIndirect
 .text.GUI_CreateDialogBox
                0x08005efa       0x9e C:\stm32ws\vva_tstat\STemWin\lib\libSTemWin526_CM4_GCC.a(DIALOG.o)
                0x08005efa                GUI_CreateDialogBox
 .text.BUTTON_DrawSkinFlex
                0x08005f98      0x238 C:\stm32ws\vva_tstat\STemWin\lib\libSTemWin526_CM4_GCC.a(BUTTON_SkinFlex.o)
                0x08005f98                BUTTON_DrawSkinFlex
 .text._Create  0x080061d0       0x36 C:\stm32ws\vva_tstat\STemWin\lib\libSTemWin526_CM4_GCC.a(BUTTON_Skin.o)
 .text._Paint   0x08006206       0x88 C:\stm32ws\vva_tstat\STemWin\lib\libSTemWin526_CM4_GCC.a(BUTTON_Skin.o)
 *fill*         0x0800628e        0x2 
 .text.BUTTON_SetDefaultSkin
                0x08006290       0x1c C:\stm32ws\vva_tstat\STemWin\lib\libSTemWin526_CM4_GCC.a(BUTTON_Skin.o)
                0x08006290                BUTTON_SetDefaultSkin
 .text.BUTTON_CreateIndirect
                0x080062ac       0x46 C:\stm32ws\vva_tstat\STemWin\lib\libSTemWin526_CM4_GCC.a(BUTTON_CreateIndirect.o)
                0x080062ac                BUTTON_CreateIndirect
 .text._OnButtonPressed
                0x080062f2       0x2e C:\stm32ws\vva_tstat\STemWin\lib\libSTemWin526_CM4_GCC.a(BUTTON.o)
 .text._OnButtonReleased
                0x08006320       0x3c C:\stm32ws\vva_tstat\STemWin\lib\libSTemWin526_CM4_GCC.a(BUTTON.o)
 .text._OnTouchDefault
                0x0800635c       0x40 C:\stm32ws\vva_tstat\STemWin\lib\libSTemWin526_CM4_GCC.a(BUTTON.o)
 .text.BUTTON_Callback
                0x0800639c       0xd8 C:\stm32ws\vva_tstat\STemWin\lib\libSTemWin526_CM4_GCC.a(BUTTON.o)
                0x0800639c                BUTTON_Callback
 .text.BUTTON_CreateUser
                0x08006474       0x70 C:\stm32ws\vva_tstat\STemWin\lib\libSTemWin526_CM4_GCC.a(BUTTON.o)
                0x08006474                BUTTON_CreateUser
 .text.BUTTON_SetText
                0x080064e4       0x50 C:\stm32ws\vva_tstat\STemWin\lib\libSTemWin526_CM4_GCC.a(BUTTON.o)
                0x080064e4                BUTTON_SetText
 .text.BUTTON_SetFont
                0x08006534       0x22 C:\stm32ws\vva_tstat\STemWin\lib\libSTemWin526_CM4_GCC.a(BUTTON.o)
                0x08006534                BUTTON_SetFont
 .text.WM__UpdateChildPositions
                0x08006556      0x104 C:\stm32ws\vva_tstat\STemWin\lib\libSTemWin526_CM4_GCC.a(WM__UpdateChildPositions.o)
                0x08006556                WM__UpdateChildPositions
 .text.WM__Screen2Client
                0x0800665a       0x12 C:\stm32ws\vva_tstat\STemWin\lib\libSTemWin526_CM4_GCC.a(WM__Screen2Client.o)
                0x0800665a                WM__Screen2Client
 .text.WM__IsEnabled
                0x0800666c       0x12 C:\stm32ws\vva_tstat\STemWin\lib\libSTemWin526_CM4_GCC.a(WM__IsEnabled.o)
                0x0800666c                WM__IsEnabled
 .text.WM__IsAncestor
                0x0800667e       0x22 C:\stm32ws\vva_tstat\STemWin\lib\libSTemWin526_CM4_GCC.a(WM__IsAncestor.o)
                0x0800667e                WM__IsAncestor
 .text.WM__IsAncestorOrSelf
                0x080066a0        0xc C:\stm32ws\vva_tstat\STemWin\lib\libSTemWin526_CM4_GCC.a(WM__IsAncestor.o)
                0x080066a0                WM__IsAncestorOrSelf
 .text.WM_InvalidateWindowAndDescs
                0x080066ac       0x26 C:\stm32ws\vva_tstat\STemWin\lib\libSTemWin526_CM4_GCC.a(WM_Show.o)
                0x080066ac                WM_InvalidateWindowAndDescs
 .text.WM_ShowWindow
                0x080066d2       0x26 C:\stm32ws\vva_tstat\STemWin\lib\libSTemWin526_CM4_GCC.a(WM_Show.o)
                0x080066d2                WM_ShowWindow
 .text.WM_SetUserClipRect
                0x080066f8       0x18 C:\stm32ws\vva_tstat\STemWin\lib\libSTemWin526_CM4_GCC.a(WM_SetUserClipRect.o)
                0x080066f8                WM_SetUserClipRect
 .text.WM_SetHasTrans
                0x08006710       0x3c C:\stm32ws\vva_tstat\STemWin\lib\libSTemWin526_CM4_GCC.a(WM_SetTrans.o)
                0x08006710                WM_SetHasTrans
 .text.WM_GetHasTrans
                0x0800674c       0x12 C:\stm32ws\vva_tstat\STemWin\lib\libSTemWin526_CM4_GCC.a(WM_SetTrans.o)
                0x0800674c                WM_GetHasTrans
 .text.WM_SetSize
                0x0800675e       0x48 C:\stm32ws\vva_tstat\STemWin\lib\libSTemWin526_CM4_GCC.a(WM_SetSize.o)
                0x0800675e                WM_SetSize
 .text._GetPrevChild
                0x080067a6       0x1e C:\stm32ws\vva_tstat\STemWin\lib\libSTemWin526_CM4_GCC.a(WM_SetFocusOnPrevChild.o)
 .text.WM_SetFocusOnPrevChild
                0x080067c4       0x3a C:\stm32ws\vva_tstat\STemWin\lib\libSTemWin526_CM4_GCC.a(WM_SetFocusOnPrevChild.o)
                0x080067c4                WM_SetFocusOnPrevChild
 .text._GetNextChild
                0x080067fe       0x26 C:\stm32ws\vva_tstat\STemWin\lib\libSTemWin526_CM4_GCC.a(WM_SetFocusOnNextChild.o)
 .text.WM_SetFocusOnNextChild
                0x08006824       0x64 C:\stm32ws\vva_tstat\STemWin\lib\libSTemWin526_CM4_GCC.a(WM_SetFocusOnNextChild.o)
                0x08006824                WM_SetFocusOnNextChild
 .text.WM_SetFocus
                0x08006888       0x9c C:\stm32ws\vva_tstat\STemWin\lib\libSTemWin526_CM4_GCC.a(WM_SetFocus.o)
                0x08006888                WM_SetFocus
 .text.WM__ReleaseCapture
                0x08006924       0x34 C:\stm32ws\vva_tstat\STemWin\lib\libSTemWin526_CM4_GCC.a(WM_SetCapture.o)
 .text.WM_SetCapture
                0x08006958       0x34 C:\stm32ws\vva_tstat\STemWin\lib\libSTemWin526_CM4_GCC.a(WM_SetCapture.o)
                0x08006958                WM_SetCapture
 .text.WM_ReleaseCapture
                0x0800698c        0x4 C:\stm32ws\vva_tstat\STemWin\lib\libSTemWin526_CM4_GCC.a(WM_SetCapture.o)
                0x0800698c                WM_ReleaseCapture
 .text.WM_SendMessageNoPara
                0x08006990        0x4 C:\stm32ws\vva_tstat\STemWin\lib\libSTemWin526_CM4_GCC.a(WM_SendMessageNoPara.o)
                0x08006990                WM_SendMessageNoPara
 .text.WM_ResizeWindow
                0x08006994       0xf4 C:\stm32ws\vva_tstat\STemWin\lib\libSTemWin526_CM4_GCC.a(WM_ResizeWindow.o)
                0x08006994                WM_ResizeWindow
 .text.WM_NotifyParent
                0x08006a88       0x12 C:\stm32ws\vva_tstat\STemWin\lib\libSTemWin526_CM4_GCC.a(WM_NotifyParent.o)
                0x08006a88                WM_NotifyParent
 .text._MoveDescendents
                0x08006a9a       0x6c C:\stm32ws\vva_tstat\STemWin\lib\libSTemWin526_CM4_GCC.a(WM_Move.o)
 .text.WM__MoveWindow
                0x08006b06       0xa4 C:\stm32ws\vva_tstat\STemWin\lib\libSTemWin526_CM4_GCC.a(WM_Move.o)
                0x08006b06                WM__MoveWindow
 .text.WM_MoveWindow
                0x08006baa        0x4 C:\stm32ws\vva_tstat\STemWin\lib\libSTemWin526_CM4_GCC.a(WM_Move.o)
                0x08006baa                WM_MoveWindow
 .text.WM_IsWindow
                0x08006bae        0x4 C:\stm32ws\vva_tstat\STemWin\lib\libSTemWin526_CM4_GCC.a(WM_IsWindow.o)
                0x08006bae                WM_IsWindow
 .text.WM_IsFocussable
                0x08006bb2       0x1e C:\stm32ws\vva_tstat\STemWin\lib\libSTemWin526_CM4_GCC.a(WM_IsFocussable.o)
                0x08006bb2                WM_IsFocussable
 .text.WM__GetWindowSizeX
                0x08006bd0        0xe C:\stm32ws\vva_tstat\STemWin\lib\libSTemWin526_CM4_GCC.a(WM_GetWindowSize.o)
                0x08006bd0                WM__GetWindowSizeX
 .text.WM__GetWindowSizeY
                0x08006bde        0xe C:\stm32ws\vva_tstat\STemWin\lib\libSTemWin526_CM4_GCC.a(WM_GetWindowSize.o)
                0x08006bde                WM__GetWindowSizeY
 .text.WM_GetWindowSizeX
                0x08006bec       0x28 C:\stm32ws\vva_tstat\STemWin\lib\libSTemWin526_CM4_GCC.a(WM_GetWindowSize.o)
                0x08006bec                WM_GetWindowSizeX
 .text.WM_GetWindowSizeY
                0x08006c14       0x28 C:\stm32ws\vva_tstat\STemWin\lib\libSTemWin526_CM4_GCC.a(WM_GetWindowSize.o)
                0x08006c14                WM_GetWindowSizeY
 .text.WM_GetParent
                0x08006c3c       0x10 C:\stm32ws\vva_tstat\STemWin\lib\libSTemWin526_CM4_GCC.a(WM_GetParent.o)
                0x08006c3c                WM_GetParent
 .text.WM_GetId
                0x08006c4c       0x20 C:\stm32ws\vva_tstat\STemWin\lib\libSTemWin526_CM4_GCC.a(WM_GetId.o)
                0x08006c4c                WM_GetId
 .text.WM_GetFocussedWindow
                0x08006c6c       0x14 C:\stm32ws\vva_tstat\STemWin\lib\libSTemWin526_CM4_GCC.a(WM_GetFocussedWindow.o)
                0x08006c6c                WM_GetFocussedWindow
 .text.WM_GetFirstChild
                0x08006c80       0x10 C:\stm32ws\vva_tstat\STemWin\lib\libSTemWin526_CM4_GCC.a(WM_GetFirstChild.o)
                0x08006c80                WM_GetFirstChild
 .text._GetDialogItem
                0x08006c90       0x3c C:\stm32ws\vva_tstat\STemWin\lib\libSTemWin526_CM4_GCC.a(WM_GetDialogItem.o)
 .text.WM_GetDialogItem
                0x08006ccc        0x8 C:\stm32ws\vva_tstat\STemWin\lib\libSTemWin526_CM4_GCC.a(WM_GetDialogItem.o)
                0x08006ccc                WM_GetDialogItem
 .text.WM_GetDesktopWindow
                0x08006cd4       0x18 C:\stm32ws\vva_tstat\STemWin\lib\libSTemWin526_CM4_GCC.a(WM_GetDesktopWindow.o)
                0x08006cd4                WM_GetDesktopWindow
 .text.WM_GetClientWindow
                0x08006cec       0x1a C:\stm32ws\vva_tstat\STemWin\lib\libSTemWin526_CM4_GCC.a(WM_GetClientWindow.o)
                0x08006cec                WM_GetClientWindow
 .text.WM__GetClientRectEx
                0x08006d06       0x20 C:\stm32ws\vva_tstat\STemWin\lib\libSTemWin526_CM4_GCC.a(WM_GetClientRect.o)
                0x08006d06                WM__GetClientRectEx
 .text.WM_GetClientRectEx
                0x08006d26        0x4 C:\stm32ws\vva_tstat\STemWin\lib\libSTemWin526_CM4_GCC.a(WM_GetClientRect.o)
                0x08006d26                WM_GetClientRectEx
 *fill*         0x08006d2a        0x2 
 .text.WM_GetClientRect
                0x08006d2c       0x1c C:\stm32ws\vva_tstat\STemWin\lib\libSTemWin526_CM4_GCC.a(WM_GetClientRect.o)
                0x08006d2c                WM_GetClientRect
 .text._cbInvalidateOne
                0x08006d48        0x4 C:\stm32ws\vva_tstat\STemWin\lib\libSTemWin526_CM4_GCC.a(WM_BringToTop.o)
 .text.WM_BringToTop
                0x08006d4c       0x74 C:\stm32ws\vva_tstat\STemWin\lib\libSTemWin526_CM4_GCC.a(WM_BringToTop.o)
                0x08006d4c                WM_BringToTop
 .text._OnExit  0x08006dc0       0x50 C:\stm32ws\vva_tstat\STemWin\lib\libSTemWin526_CM4_GCC.a(WM.o)
 .text._Paint1  0x08006e10       0x24 C:\stm32ws\vva_tstat\STemWin\lib\libSTemWin526_CM4_GCC.a(WM.o)
 .text._Paint1Trans
                0x08006e34       0x94 C:\stm32ws\vva_tstat\STemWin\lib\libSTemWin526_CM4_GCC.a(WM.o)
 .text._PaintTransChildren
                0x08006ec8       0xac C:\stm32ws\vva_tstat\STemWin\lib\libSTemWin526_CM4_GCC.a(WM.o)
 .text._Findy1  0x08006f74       0xac C:\stm32ws\vva_tstat\STemWin\lib\libSTemWin526_CM4_GCC.a(WM.o)
 .text._Findx0  0x08007020       0x8a C:\stm32ws\vva_tstat\STemWin\lib\libSTemWin526_CM4_GCC.a(WM.o)
 .text._Findx1  0x080070aa       0x76 C:\stm32ws\vva_tstat\STemWin\lib\libSTemWin526_CM4_GCC.a(WM.o)
 .text.WM__PaintWinAndOverlays
                0x08007120       0x74 C:\stm32ws\vva_tstat\STemWin\lib\libSTemWin526_CM4_GCC.a(WM.o)
 .text._cbPaintMemDev
                0x08007194       0x58 C:\stm32ws\vva_tstat\STemWin\lib\libSTemWin526_CM4_GCC.a(WM.o)
 .text.WM__ClipAtParentBorders
                0x080071ec       0x60 C:\stm32ws\vva_tstat\STemWin\lib\libSTemWin526_CM4_GCC.a(WM.o)
                0x080071ec                WM__ClipAtParentBorders
 .text.WM__InsertWindowIntoList
                0x0800724c       0x9c C:\stm32ws\vva_tstat\STemWin\lib\libSTemWin526_CM4_GCC.a(WM.o)
                0x0800724c                WM__InsertWindowIntoList
 .text.WM__RemoveWindowFromList
                0x080072e8       0x3c C:\stm32ws\vva_tstat\STemWin\lib\libSTemWin526_CM4_GCC.a(WM.o)
                0x080072e8                WM__RemoveWindowFromList
 .text.WM__Client2Screen
                0x08007324       0x10 C:\stm32ws\vva_tstat\STemWin\lib\libSTemWin526_CM4_GCC.a(WM.o)
                0x08007324                WM__Client2Screen
 .text._SetClipRectUserIntersect
                0x08007334       0x50 C:\stm32ws\vva_tstat\STemWin\lib\libSTemWin526_CM4_GCC.a(WM.o)
 .text.WM__ActivateClipRect
                0x08007384       0x48 C:\stm32ws\vva_tstat\STemWin\lib\libSTemWin526_CM4_GCC.a(WM.o)
                0x08007384                WM__ActivateClipRect
 .text.WM__IsWindow
                0x080073cc       0x20 C:\stm32ws\vva_tstat\STemWin\lib\libSTemWin526_CM4_GCC.a(WM.o)
                0x080073cc                WM__IsWindow
 .text.WM__InvalidateDrawAndDescs
                0x080073ec       0x50 C:\stm32ws\vva_tstat\STemWin\lib\libSTemWin526_CM4_GCC.a(WM.o)
                0x080073ec                WM__InvalidateDrawAndDescs
 .text.WM__RemoveFromLinList
                0x0800743c       0x28 C:\stm32ws\vva_tstat\STemWin\lib\libSTemWin526_CM4_GCC.a(WM.o)
                0x0800743c                WM__RemoveFromLinList
 .text.WM__RectIsNZ
                0x08007464       0x22 C:\stm32ws\vva_tstat\STemWin\lib\libSTemWin526_CM4_GCC.a(WM.o)
                0x08007464                WM__RectIsNZ
 *fill*         0x08007486        0x2 
 .text._Invalidate1Abs
                0x08007488       0x88 C:\stm32ws\vva_tstat\STemWin\lib\libSTemWin526_CM4_GCC.a(WM.o)
 .text.WM_InvalidateWindowAndDescsEx
                0x08007510       0x5c C:\stm32ws\vva_tstat\STemWin\lib\libSTemWin526_CM4_GCC.a(WM.o)
                0x08007510                WM_InvalidateWindowAndDescsEx
 .text.WM__InvalidateRect
                0x0800756c       0x76 C:\stm32ws\vva_tstat\STemWin\lib\libSTemWin526_CM4_GCC.a(WM.o)
                0x0800756c                WM__InvalidateRect
 .text.WM__InvalidateRectEx
                0x080075e2        0x6 C:\stm32ws\vva_tstat\STemWin\lib\libSTemWin526_CM4_GCC.a(WM.o)
                0x080075e2                WM__InvalidateRectEx
 .text.WM__DetachWindow
                0x080075e8       0x28 C:\stm32ws\vva_tstat\STemWin\lib\libSTemWin526_CM4_GCC.a(WM.o)
                0x080075e8                WM__DetachWindow
 .text.WM__InvalidateParent
                0x08007610       0x2a C:\stm32ws\vva_tstat\STemWin\lib\libSTemWin526_CM4_GCC.a(WM.o)
                0x08007610                WM__InvalidateParent
 .text.WM__Invalidate1Abs
                0x0800763a        0x6 C:\stm32ws\vva_tstat\STemWin\lib\libSTemWin526_CM4_GCC.a(WM.o)
                0x0800763a                WM__Invalidate1Abs
 .text.WM_SendMessage
                0x08007640        0x8 C:\stm32ws\vva_tstat\STemWin\lib\libSTemWin526_CM4_GCC.a(WM.o)
                0x08007640                WM_SendMessage
 .text.WM__SendMsgNoData
                0x08007648       0x14 C:\stm32ws\vva_tstat\STemWin\lib\libSTemWin526_CM4_GCC.a(WM.o)
                0x08007648                WM__SendMsgNoData
 .text.WM__GetClientRectWin
                0x0800765c       0x18 C:\stm32ws\vva_tstat\STemWin\lib\libSTemWin526_CM4_GCC.a(WM.o)
                0x0800765c                WM__GetClientRectWin
 .text.WM_InvalidateRect
                0x08007674       0x78 C:\stm32ws\vva_tstat\STemWin\lib\libSTemWin526_CM4_GCC.a(WM.o)
                0x08007674                WM_InvalidateRect
 .text.WM_InvalidateWindow
                0x080076ec        0x6 C:\stm32ws\vva_tstat\STemWin\lib\libSTemWin526_CM4_GCC.a(WM.o)
                0x080076ec                WM_InvalidateWindow
 *fill*         0x080076f2        0x2 
 .text.WM__GetTopLevelLayer
                0x080076f4       0x28 C:\stm32ws\vva_tstat\STemWin\lib\libSTemWin526_CM4_GCC.a(WM.o)
                0x080076f4                WM__GetTopLevelLayer
 .text.WM__SelectTopLevelLayer
                0x0800771c       0x14 C:\stm32ws\vva_tstat\STemWin\lib\libSTemWin526_CM4_GCC.a(WM.o)
                0x0800771c                WM__SelectTopLevelLayer
 .text.WM_SelectWindow
                0x08007730       0x40 C:\stm32ws\vva_tstat\STemWin\lib\libSTemWin526_CM4_GCC.a(WM.o)
                0x08007730                WM_SelectWindow
 .text.WM_DeleteWindow
                0x08007770       0xf4 C:\stm32ws\vva_tstat\STemWin\lib\libSTemWin526_CM4_GCC.a(WM.o)
                0x08007770                WM_DeleteWindow
 .text.WM_CreateWindowAsChild
                0x08007864      0x160 C:\stm32ws\vva_tstat\STemWin\lib\libSTemWin526_CM4_GCC.a(WM.o)
                0x08007864                WM_CreateWindowAsChild
 .text.WM_GetActiveWindow
                0x080079c4        0xc C:\stm32ws\vva_tstat\STemWin\lib\libSTemWin526_CM4_GCC.a(WM.o)
                0x080079c4                WM_GetActiveWindow
 .text.WM__GetNextIVR
                0x080079d0      0x180 C:\stm32ws\vva_tstat\STemWin\lib\libSTemWin526_CM4_GCC.a(WM.o)
                0x080079d0                WM__GetNextIVR
 .text.WM__InitIVRSearch
                0x08007b50      0x100 C:\stm32ws\vva_tstat\STemWin\lib\libSTemWin526_CM4_GCC.a(WM.o)
                0x08007b50                WM__InitIVRSearch
 .text.WM_SetDefault
                0x08007c50       0x14 C:\stm32ws\vva_tstat\STemWin\lib\libSTemWin526_CM4_GCC.a(WM.o)
                0x08007c50                WM_SetDefault
 .text.WM__Paint1
                0x08007c64       0x90 C:\stm32ws\vva_tstat\STemWin\lib\libSTemWin526_CM4_GCC.a(WM.o)
                0x08007c64                WM__Paint1
 .text.WM__Paint
                0x08007cf4       0xb4 C:\stm32ws\vva_tstat\STemWin\lib\libSTemWin526_CM4_GCC.a(WM.o)
                0x08007cf4                WM__Paint
 .text.WM_Exec  0x08007da8      0x158 C:\stm32ws\vva_tstat\STemWin\lib\libSTemWin526_CM4_GCC.a(WM.o)
                0x08007da8                WM_Exec
 .text.WM_Activate
                0x08007f00       0x10 C:\stm32ws\vva_tstat\STemWin\lib\libSTemWin526_CM4_GCC.a(WM.o)
                0x08007f00                WM_Activate
 .text.WM_Deactivate
                0x08007f10       0x14 C:\stm32ws\vva_tstat\STemWin\lib\libSTemWin526_CM4_GCC.a(WM.o)
                0x08007f10                WM_Deactivate
 .text.WM_DefaultProc
                0x08007f24       0x48 C:\stm32ws\vva_tstat\STemWin\lib\libSTemWin526_CM4_GCC.a(WM.o)
                0x08007f24                WM_DefaultProc
 .text.cbBackWin
                0x08007f6c       0x68 C:\stm32ws\vva_tstat\STemWin\lib\libSTemWin526_CM4_GCC.a(WM.o)
 .text.WM_Init  0x08007fd4       0xf4 C:\stm32ws\vva_tstat\STemWin\lib\libSTemWin526_CM4_GCC.a(WM.o)
                0x08007fd4                WM_Init
 .text.GUI_MEMDEV_WriteAt
                0x080080c8       0x60 C:\stm32ws\vva_tstat\STemWin\lib\libSTemWin526_CM4_GCC.a(GUIDEV_Write.o)
                0x080080c8                GUI_MEMDEV_WriteAt
 .text.GUI_MEMDEV_Write
                0x08008128        0xc C:\stm32ws\vva_tstat\STemWin\lib\libSTemWin526_CM4_GCC.a(GUIDEV_Write.o)
                0x08008128                GUI_MEMDEV_Write
 .text._CreateStaticDevice
                0x08008134      0x15c C:\stm32ws\vva_tstat\STemWin\lib\libSTemWin526_CM4_GCC.a(GUIDEV_StaticDevices.o)
 .text.GUI_MEMDEV_Paint1Static
                0x08008290       0x1c C:\stm32ws\vva_tstat\STemWin\lib\libSTemWin526_CM4_GCC.a(GUIDEV_StaticDevices.o)
                0x08008290                GUI_MEMDEV_Paint1Static
 .text.GUI_MEMDEV_SetOrg
                0x080082ac       0x54 C:\stm32ws\vva_tstat\STemWin\lib\libSTemWin526_CM4_GCC.a(GUIDEV_SetOrg.o)
                0x080082ac                GUI_MEMDEV_SetOrg
 .text.GUI_MEMDEV_GetYSize
                0x08008300       0x2c C:\stm32ws\vva_tstat\STemWin\lib\libSTemWin526_CM4_GCC.a(GUIDEV_GetYSize.o)
                0x08008300                GUI_MEMDEV_GetYSize
 .text.GUI_MEMDEV_GetXPos
                0x0800832c       0x2c C:\stm32ws\vva_tstat\STemWin\lib\libSTemWin526_CM4_GCC.a(GUIDEV_GetPos.o)
                0x0800832c                GUI_MEMDEV_GetXPos
 .text.GUI_MEMDEV_GetYPos
                0x08008358       0x2c C:\stm32ws\vva_tstat\STemWin\lib\libSTemWin526_CM4_GCC.a(GUIDEV_GetPos.o)
                0x08008358                GUI_MEMDEV_GetYPos
 .text.GUI_MEMDEV_GetDataPtr
                0x08008384       0x18 C:\stm32ws\vva_tstat\STemWin\lib\libSTemWin526_CM4_GCC.a(GUIDEV_GetDataPtr.o)
                0x08008384                GUI_MEMDEV_GetDataPtr
 .text.GUI_MEMDEV_CreateFixed
                0x0800839c       0x16 C:\stm32ws\vva_tstat\STemWin\lib\libSTemWin526_CM4_GCC.a(GUIDEV_CreateFixed.o)
                0x0800839c                GUI_MEMDEV_CreateFixed
 *fill*         0x080083b2        0x2 
 .text.GUI_MEMDEV_Clear
                0x080083b4       0x40 C:\stm32ws\vva_tstat\STemWin\lib\libSTemWin526_CM4_GCC.a(GUIDEV_Clear.o)
                0x080083b4                GUI_MEMDEV_Clear
 .text.GUI_MEMDEV_Draw
                0x080083f4      0x12c C:\stm32ws\vva_tstat\STemWin\lib\libSTemWin526_CM4_GCC.a(GUIDEV_Banding.o)
                0x080083f4                GUI_MEMDEV_Draw
 .text._GetDevData
                0x08008520       0x10 C:\stm32ws\vva_tstat\STemWin\lib\libSTemWin526_CM4_GCC.a(GUIDEV_32.o)
 .text._GetDevFunc
                0x08008530       0x10 C:\stm32ws\vva_tstat\STemWin\lib\libSTemWin526_CM4_GCC.a(GUIDEV_32.o)
 .text._GetDevProp
                0x08008540        0xa C:\stm32ws\vva_tstat\STemWin\lib\libSTemWin526_CM4_GCC.a(GUIDEV_32.o)
 .text._SetOrg  0x0800854a        0xc C:\stm32ws\vva_tstat\STemWin\lib\libSTemWin526_CM4_GCC.a(GUIDEV_32.o)
 .text._GetRect
                0x08008556       0x30 C:\stm32ws\vva_tstat\STemWin\lib\libSTemWin526_CM4_GCC.a(GUIDEV_32.o)
 *fill*         0x08008586        0x2 
 .text._XY2PTR  0x08008588       0x40 C:\stm32ws\vva_tstat\STemWin\lib\libSTemWin526_CM4_GCC.a(GUIDEV_32.o)
 .text._GetPixelIndex
                0x080085c8        0xe C:\stm32ws\vva_tstat\STemWin\lib\libSTemWin526_CM4_GCC.a(GUIDEV_32.o)
 *fill*         0x080085d6        0x2 
 .text._XorPixel
                0x080085d8       0x5c C:\stm32ws\vva_tstat\STemWin\lib\libSTemWin526_CM4_GCC.a(GUIDEV_32.o)
 .text._SetPixelIndex
                0x08008634       0x4c C:\stm32ws\vva_tstat\STemWin\lib\libSTemWin526_CM4_GCC.a(GUIDEV_32.o)
 .text._DrawVLine
                0x08008680       0xb8 C:\stm32ws\vva_tstat\STemWin\lib\libSTemWin526_CM4_GCC.a(GUIDEV_32.o)
 .text._FillRect
                0x08008738       0xbc C:\stm32ws\vva_tstat\STemWin\lib\libSTemWin526_CM4_GCC.a(GUIDEV_32.o)
 .text._DrawHLine
                0x080087f4        0xa C:\stm32ws\vva_tstat\STemWin\lib\libSTemWin526_CM4_GCC.a(GUIDEV_32.o)
 *fill*         0x080087fe        0x2 
 .text._DrawBitmap
                0x08008800      0x710 C:\stm32ws\vva_tstat\STemWin\lib\libSTemWin526_CM4_GCC.a(GUIDEV_32.o)
 .text.GUI_MEMDEV__WriteToActiveAt
                0x08008f10       0x36 C:\stm32ws\vva_tstat\STemWin\lib\libSTemWin526_CM4_GCC.a(GUIDEV.o)
                0x08008f10                GUI_MEMDEV__WriteToActiveAt
 *fill*         0x08008f46        0x2 
 .text.GUI_MEMDEV__CreateFixed
                0x08008f48       0xfc C:\stm32ws\vva_tstat\STemWin\lib\libSTemWin526_CM4_GCC.a(GUIDEV.o)
                0x08008f48                GUI_MEMDEV__CreateFixed
 .text.GUI_MEMDEV_GetBitsPerPixel
                0x08009044       0x28 C:\stm32ws\vva_tstat\STemWin\lib\libSTemWin526_CM4_GCC.a(GUIDEV.o)
                0x08009044                GUI_MEMDEV_GetBitsPerPixel
 .text.GUI_MEMDEV_Delete
                0x0800906c       0x44 C:\stm32ws\vva_tstat\STemWin\lib\libSTemWin526_CM4_GCC.a(GUIDEV.o)
                0x0800906c                GUI_MEMDEV_Delete
 .text.GUI_MEMDEV_CreateEx
                0x080090b0       0x74 C:\stm32ws\vva_tstat\STemWin\lib\libSTemWin526_CM4_GCC.a(GUIDEV.o)
                0x080090b0                GUI_MEMDEV_CreateEx
 .text.GUI_MEMDEV_Create
                0x08009124        0xc C:\stm32ws\vva_tstat\STemWin\lib\libSTemWin526_CM4_GCC.a(GUIDEV.o)
                0x08009124                GUI_MEMDEV_Create
 .text.GUI_MEMDEV_Select
                0x08009130       0x4c C:\stm32ws\vva_tstat\STemWin\lib\libSTemWin526_CM4_GCC.a(GUIDEV.o)
                0x08009130                GUI_MEMDEV_Select
 .text.GUI_MEMDEV_CopyToLCDAt
                0x0800917c       0xa4 C:\stm32ws\vva_tstat\STemWin\lib\libSTemWin526_CM4_GCC.a(GUIDEV.o)
                0x0800917c                GUI_MEMDEV_CopyToLCDAt
 .text.GUI_MEMDEV_CopyToLCD
                0x08009220        0xc C:\stm32ws\vva_tstat\STemWin\lib\libSTemWin526_CM4_GCC.a(GUIDEV.o)
                0x08009220                GUI_MEMDEV_CopyToLCD
 .text._SetPhysRAMAddr
                0x0800922c       0xa2 C:\stm32ws\vva_tstat\STemWin\lib\libSTemWin526_CM4_GCC.a(GUIDRV_FlexColor_Func66709.o)
 .text._SetRect
                0x080092ce       0xaa C:\stm32ws\vva_tstat\STemWin\lib\libSTemWin526_CM4_GCC.a(GUIDRV_FlexColor_Func66709.o)
 .text._SetOrientation
                0x08009378       0x3c C:\stm32ws\vva_tstat\STemWin\lib\libSTemWin526_CM4_GCC.a(GUIDRV_FlexColor_Func66709.o)
 .text._ReadPixel_16bpp_B8
                0x080093b4       0x36 C:\stm32ws\vva_tstat\STemWin\lib\libSTemWin526_CM4_GCC.a(GUIDRV_FlexColor_Func66709.o)
 .text._ReadPixel_16bpp_B16_I
                0x080093ea       0x3e C:\stm32ws\vva_tstat\STemWin\lib\libSTemWin526_CM4_GCC.a(GUIDRV_FlexColor_Func66709.o)
 .text._SetReg_B8
                0x08009428       0x18 C:\stm32ws\vva_tstat\STemWin\lib\libSTemWin526_CM4_GCC.a(GUIDRV_FlexColor_Func66709.o)
 .text._SetReg_B16
                0x08009440        0xc C:\stm32ws\vva_tstat\STemWin\lib\libSTemWin526_CM4_GCC.a(GUIDRV_FlexColor_Func66709.o)
 .text._WritePara_B8
                0x0800944c        0xc C:\stm32ws\vva_tstat\STemWin\lib\libSTemWin526_CM4_GCC.a(GUIDRV_FlexColor_Func66709.o)
 .text._WritePara_B16
                0x08009458        0xc C:\stm32ws\vva_tstat\STemWin\lib\libSTemWin526_CM4_GCC.a(GUIDRV_FlexColor_Func66709.o)
 .text._SetInterface
                0x08009464       0x30 C:\stm32ws\vva_tstat\STemWin\lib\libSTemWin526_CM4_GCC.a(GUIDRV_FlexColor_Func66709.o)
 .text._ReadRect_16bpp_B16_I
                0x08009494       0x62 C:\stm32ws\vva_tstat\STemWin\lib\libSTemWin526_CM4_GCC.a(GUIDRV_FlexColor_Func66709.o)
 .text._ReadRect_16bpp_B8
                0x080094f6       0x60 C:\stm32ws\vva_tstat\STemWin\lib\libSTemWin526_CM4_GCC.a(GUIDRV_FlexColor_Func66709.o)
 *fill*         0x08009556        0x2 
 .text.GUIDRV_FlexColor_SetFunc66709
                0x08009558       0x74 C:\stm32ws\vva_tstat\STemWin\lib\libSTemWin526_CM4_GCC.a(GUIDRV_FlexColor_Func66709.o)
                0x08009558                GUIDRV_FlexColor_SetFunc66709
 .text._ReadData
                0x080095cc        0xa C:\stm32ws\vva_tstat\STemWin\lib\libSTemWin526_CM4_GCC.a(GUIDRV_FlexColor_16bpp_C0B16.o)
 .text._WriteData
                0x080095d6        0xc C:\stm32ws\vva_tstat\STemWin\lib\libSTemWin526_CM4_GCC.a(GUIDRV_FlexColor_16bpp_C0B16.o)
 *fill*         0x080095e2        0x2 
 .text._DrawBitmap
                0x080095e4      0x524 C:\stm32ws\vva_tstat\STemWin\lib\libSTemWin526_CM4_GCC.a(GUIDRV_FlexColor_16bpp_C0B16.o)
 .text._FillRect
                0x08009b08       0xec C:\stm32ws\vva_tstat\STemWin\lib\libSTemWin526_CM4_GCC.a(GUIDRV_FlexColor_16bpp_C0B16.o)
 .text.GUIDRV_FlexColor_SetMode16bppC0B16
                0x08009bf4       0x68 C:\stm32ws\vva_tstat\STemWin\lib\libSTemWin526_CM4_GCC.a(GUIDRV_FlexColor_16bpp_C0B16.o)
                0x08009bf4                GUIDRV_FlexColor_SetMode16bppC0B16
 .text._Log2PhysX_X0Y0S0
                0x08009c5c        0x4 C:\stm32ws\vva_tstat\STemWin\lib\libSTemWin526_CM4_GCC.a(GUIDRV_FlexColor.o)
 .text._Log2PhysX_X1Y0S0
                0x08009c60        0x8 C:\stm32ws\vva_tstat\STemWin\lib\libSTemWin526_CM4_GCC.a(GUIDRV_FlexColor.o)
 .text._Log2PhysX_X0Y1S0
                0x08009c68        0x4 C:\stm32ws\vva_tstat\STemWin\lib\libSTemWin526_CM4_GCC.a(GUIDRV_FlexColor.o)
 .text._Log2PhysX_X1Y1S0
                0x08009c6c        0x8 C:\stm32ws\vva_tstat\STemWin\lib\libSTemWin526_CM4_GCC.a(GUIDRV_FlexColor.o)
 .text._Log2PhysX_X0Y0S1
                0x08009c74        0x4 C:\stm32ws\vva_tstat\STemWin\lib\libSTemWin526_CM4_GCC.a(GUIDRV_FlexColor.o)
 .text._Log2PhysX_X1Y0S1
                0x08009c78        0x8 C:\stm32ws\vva_tstat\STemWin\lib\libSTemWin526_CM4_GCC.a(GUIDRV_FlexColor.o)
 .text._Log2PhysX_X0Y1S1
                0x08009c80        0x4 C:\stm32ws\vva_tstat\STemWin\lib\libSTemWin526_CM4_GCC.a(GUIDRV_FlexColor.o)
 .text._Log2PhysX_X1Y1S1
                0x08009c84        0x8 C:\stm32ws\vva_tstat\STemWin\lib\libSTemWin526_CM4_GCC.a(GUIDRV_FlexColor.o)
 .text._Log2PhysY_X0Y0S0
                0x08009c8c        0x4 C:\stm32ws\vva_tstat\STemWin\lib\libSTemWin526_CM4_GCC.a(GUIDRV_FlexColor.o)
 .text._Log2PhysY_X1Y0S0
                0x08009c90        0x4 C:\stm32ws\vva_tstat\STemWin\lib\libSTemWin526_CM4_GCC.a(GUIDRV_FlexColor.o)
 .text._Log2PhysY_X0Y1S0
                0x08009c94        0x8 C:\stm32ws\vva_tstat\STemWin\lib\libSTemWin526_CM4_GCC.a(GUIDRV_FlexColor.o)
 .text._Log2PhysY_X1Y1S0
                0x08009c9c        0x8 C:\stm32ws\vva_tstat\STemWin\lib\libSTemWin526_CM4_GCC.a(GUIDRV_FlexColor.o)
 .text._Log2PhysY_X0Y0S1
                0x08009ca4        0x4 C:\stm32ws\vva_tstat\STemWin\lib\libSTemWin526_CM4_GCC.a(GUIDRV_FlexColor.o)
 .text._Log2PhysY_X1Y0S1
                0x08009ca8        0x4 C:\stm32ws\vva_tstat\STemWin\lib\libSTemWin526_CM4_GCC.a(GUIDRV_FlexColor.o)
 .text._Log2PhysY_X0Y1S1
                0x08009cac        0x8 C:\stm32ws\vva_tstat\STemWin\lib\libSTemWin526_CM4_GCC.a(GUIDRV_FlexColor.o)
 .text._Log2PhysY_X1Y1S1
                0x08009cb4        0x8 C:\stm32ws\vva_tstat\STemWin\lib\libSTemWin526_CM4_GCC.a(GUIDRV_FlexColor.o)
 .text._SetPixelIndex
                0x08009cbc        0xc C:\stm32ws\vva_tstat\STemWin\lib\libSTemWin526_CM4_GCC.a(GUIDRV_FlexColor.o)
 .text._GetPixelIndex
                0x08009cc8        0xc C:\stm32ws\vva_tstat\STemWin\lib\libSTemWin526_CM4_GCC.a(GUIDRV_FlexColor.o)
 .text._XorPixel
                0x08009cd4       0x26 C:\stm32ws\vva_tstat\STemWin\lib\libSTemWin526_CM4_GCC.a(GUIDRV_FlexColor.o)
 .text._DrawHLine
                0x08009cfa        0xe C:\stm32ws\vva_tstat\STemWin\lib\libSTemWin526_CM4_GCC.a(GUIDRV_FlexColor.o)
 .text._DrawVLine
                0x08009d08       0x10 C:\stm32ws\vva_tstat\STemWin\lib\libSTemWin526_CM4_GCC.a(GUIDRV_FlexColor.o)
 .text._FillRect
                0x08009d18       0x10 C:\stm32ws\vva_tstat\STemWin\lib\libSTemWin526_CM4_GCC.a(GUIDRV_FlexColor.o)
 .text._DrawBitmap
                0x08009d28       0x28 C:\stm32ws\vva_tstat\STemWin\lib\libSTemWin526_CM4_GCC.a(GUIDRV_FlexColor.o)
 .text._GetDevFunc_SetRect
                0x08009d50        0x2 C:\stm32ws\vva_tstat\STemWin\lib\libSTemWin526_CM4_GCC.a(GUIDRV_FlexColor.o)
 *fill*         0x08009d52        0x2 
 .text._GetDevFunc_SetRectOutside
                0x08009d54       0x3c C:\stm32ws\vva_tstat\STemWin\lib\libSTemWin526_CM4_GCC.a(GUIDRV_FlexColor.o)
 .text._ReadPixelCust_16bpp
                0x08009d90        0xe C:\stm32ws\vva_tstat\STemWin\lib\libSTemWin526_CM4_GCC.a(GUIDRV_FlexColor.o)
 .text._ReadPixelCust_18bpp
                0x08009d9e        0xe C:\stm32ws\vva_tstat\STemWin\lib\libSTemWin526_CM4_GCC.a(GUIDRV_FlexColor.o)
 .text._ReadRectCust_16bpp
                0x08009dac       0x38 C:\stm32ws\vva_tstat\STemWin\lib\libSTemWin526_CM4_GCC.a(GUIDRV_FlexColor.o)
 .text._ReadRectCust_18bpp
                0x08009de4       0x38 C:\stm32ws\vva_tstat\STemWin\lib\libSTemWin526_CM4_GCC.a(GUIDRV_FlexColor.o)
 .text._GetDevFunc
                0x08009e1c       0x6c C:\stm32ws\vva_tstat\STemWin\lib\libSTemWin526_CM4_GCC.a(GUIDRV_FlexColor.o)
 .text._GetDevProp
                0x08009e88       0x60 C:\stm32ws\vva_tstat\STemWin\lib\libSTemWin526_CM4_GCC.a(GUIDRV_FlexColor.o)
 .text._GetDevData
                0x08009ee8        0xc C:\stm32ws\vva_tstat\STemWin\lib\libSTemWin526_CM4_GCC.a(GUIDRV_FlexColor.o)
 .text._GetRect
                0x08009ef4       0x16 C:\stm32ws\vva_tstat\STemWin\lib\libSTemWin526_CM4_GCC.a(GUIDRV_FlexColor.o)
 *fill*         0x08009f0a        0x2 
 .text.GUIDRV_FlexColor__SetLog2Phys
                0x08009f0c       0x48 C:\stm32ws\vva_tstat\STemWin\lib\libSTemWin526_CM4_GCC.a(GUIDRV_FlexColor.o)
                0x08009f0c                GUIDRV_FlexColor__SetLog2Phys
 .text._SetOrg  0x08009f54       0x12 C:\stm32ws\vva_tstat\STemWin\lib\libSTemWin526_CM4_GCC.a(GUIDRV_FlexColor.o)
 .text.GUIDRV_FlexColor__SetPixelIndexNoCache
                0x08009f66       0x94 C:\stm32ws\vva_tstat\STemWin\lib\libSTemWin526_CM4_GCC.a(GUIDRV_FlexColor.o)
                0x08009f66                GUIDRV_FlexColor__SetPixelIndexNoCache
 .text.GUIDRV_FlexColor__GetPixelIndexNoCache
                0x08009ffa       0xb6 C:\stm32ws\vva_tstat\STemWin\lib\libSTemWin526_CM4_GCC.a(GUIDRV_FlexColor.o)
                0x08009ffa                GUIDRV_FlexColor__GetPixelIndexNoCache
 .text.GUIDRV_FlexColor__InitOnce
                0x0800a0b0       0x34 C:\stm32ws\vva_tstat\STemWin\lib\libSTemWin526_CM4_GCC.a(GUIDRV_FlexColor.o)
                0x0800a0b0                GUIDRV_FlexColor__InitOnce
 .text._SetDevFunc
                0x0800a0e4       0x9c C:\stm32ws\vva_tstat\STemWin\lib\libSTemWin526_CM4_GCC.a(GUIDRV_FlexColor.o)
 .text._GetDevFunc_Init
                0x0800a180       0x4a C:\stm32ws\vva_tstat\STemWin\lib\libSTemWin526_CM4_GCC.a(GUIDRV_FlexColor.o)
 .text._GetDevFunc_SetSize
                0x0800a1ca       0x14 C:\stm32ws\vva_tstat\STemWin\lib\libSTemWin526_CM4_GCC.a(GUIDRV_FlexColor.o)
 .text._GetDevFunc_SetVSize
                0x0800a1de       0x14 C:\stm32ws\vva_tstat\STemWin\lib\libSTemWin526_CM4_GCC.a(GUIDRV_FlexColor.o)
 .text.GUIDRV_FlexColor_Config
                0x0800a1f2       0x3c C:\stm32ws\vva_tstat\STemWin\lib\libSTemWin526_CM4_GCC.a(GUIDRV_FlexColor.o)
                0x0800a1f2                GUIDRV_FlexColor_Config
 .text.GUIDRV_FlexColor_SetFunc
                0x0800a22e       0x32 C:\stm32ws\vva_tstat\STemWin\lib\libSTemWin526_CM4_GCC.a(GUIDRV_FlexColor.o)
                0x0800a22e                GUIDRV_FlexColor_SetFunc
 .text.LCD_UpdateColorIndices
                0x0800a260       0x24 C:\stm32ws\vva_tstat\STemWin\lib\libSTemWin526_CM4_GCC.a(LCD_UpdateColorIndices.o)
                0x0800a260                LCD_UpdateColorIndices
 .text.LCD_SetClipRectEx
                0x0800a284       0x30 C:\stm32ws\vva_tstat\STemWin\lib\libSTemWin526_CM4_GCC.a(LCD_SetClipRectEx.o)
                0x0800a284                LCD_SetClipRectEx
 .text.LCD_SetVSizeEx
                0x0800a2b4       0x2e C:\stm32ws\vva_tstat\STemWin\lib\libSTemWin526_CM4_GCC.a(LCD_Set.o)
                0x0800a2b4                LCD_SetVSizeEx
 .text.LCD_SetSizeEx
                0x0800a2e2       0x2e C:\stm32ws\vva_tstat\STemWin\lib\libSTemWin526_CM4_GCC.a(LCD_Set.o)
                0x0800a2e2                LCD_SetSizeEx
 .text.LCD_SetPosEx
                0x0800a310       0x2e C:\stm32ws\vva_tstat\STemWin\lib\libSTemWin526_CM4_GCC.a(LCD_Set.o)
                0x0800a310                LCD_SetPosEx
 .text.LCD_SetLUTEntryEx
                0x0800a33e       0x2e C:\stm32ws\vva_tstat\STemWin\lib\libSTemWin526_CM4_GCC.a(LCD_Set.o)
                0x0800a33e                LCD_SetLUTEntryEx
 .text.LCD_GetPosEx
                0x0800a36c       0x2e C:\stm32ws\vva_tstat\STemWin\lib\libSTemWin526_CM4_GCC.a(LCD_Set.o)
                0x0800a36c                LCD_GetPosEx
 .text._GetDevProp
                0x0800a39a       0x1e C:\stm32ws\vva_tstat\STemWin\lib\libSTemWin526_CM4_GCC.a(LCD_GetEx.o)
 .text._GetMaxValue
                0x0800a3b8       0x22 C:\stm32ws\vva_tstat\STemWin\lib\libSTemWin526_CM4_GCC.a(LCD_GetEx.o)
 .text.LCD_GetXSizeEx
                0x0800a3da        0x6 C:\stm32ws\vva_tstat\STemWin\lib\libSTemWin526_CM4_GCC.a(LCD_GetEx.o)
                0x0800a3da                LCD_GetXSizeEx
 .text.LCD_GetYSizeEx
                0x0800a3e0        0x6 C:\stm32ws\vva_tstat\STemWin\lib\libSTemWin526_CM4_GCC.a(LCD_GetEx.o)
                0x0800a3e0                LCD_GetYSizeEx
 .text.LCD_GetVXSizeEx
                0x0800a3e6        0x6 C:\stm32ws\vva_tstat\STemWin\lib\libSTemWin526_CM4_GCC.a(LCD_GetEx.o)
                0x0800a3e6                LCD_GetVXSizeEx
 .text.LCD_GetVYSizeEx
                0x0800a3ec        0x6 C:\stm32ws\vva_tstat\STemWin\lib\libSTemWin526_CM4_GCC.a(LCD_GetEx.o)
                0x0800a3ec                LCD_GetVYSizeEx
 .text.LCD_GetBitsPerPixelEx
                0x0800a3f2        0x6 C:\stm32ws\vva_tstat\STemWin\lib\libSTemWin526_CM4_GCC.a(LCD_GetEx.o)
                0x0800a3f2                LCD_GetBitsPerPixelEx
 .text.LCD_GetNumColorsEx
                0x0800a3f8        0x6 C:\stm32ws\vva_tstat\STemWin\lib\libSTemWin526_CM4_GCC.a(LCD_GetEx.o)
                0x0800a3f8                LCD_GetNumColorsEx
 *fill*         0x0800a3fe        0x2 
 .text.LCD_GetXSize
                0x0800a400       0x10 C:\stm32ws\vva_tstat\STemWin\lib\libSTemWin526_CM4_GCC.a(LCD_GetEx.o)
                0x0800a400                LCD_GetXSize
 .text.LCD_GetYSize
                0x0800a410       0x10 C:\stm32ws\vva_tstat\STemWin\lib\libSTemWin526_CM4_GCC.a(LCD_GetEx.o)
                0x0800a410                LCD_GetYSize
 .text.LCD_GetNumColors
                0x0800a420       0x10 C:\stm32ws\vva_tstat\STemWin\lib\libSTemWin526_CM4_GCC.a(LCD_GetEx.o)
                0x0800a420                LCD_GetNumColors
 .text.GUI_GetBitsPerPixelEx
                0x0800a430       0x18 C:\stm32ws\vva_tstat\STemWin\lib\libSTemWin526_CM4_GCC.a(LCD_GetEx.o)
                0x0800a430                GUI_GetBitsPerPixelEx
 .text.LCD_GetPaletteEx
                0x0800a448       0x14 C:\stm32ws\vva_tstat\STemWin\lib\libSTemWin526_CM4_GCC.a(LCD_GetEx.o)
                0x0800a448                LCD_GetPaletteEx
 .text.LCD_GetPalette
                0x0800a45c       0x10 C:\stm32ws\vva_tstat\STemWin\lib\libSTemWin526_CM4_GCC.a(LCD_GetEx.o)
                0x0800a45c                LCD_GetPalette
 .text.GUI_GetpfIndex2ColorEx
                0x0800a46c       0x10 C:\stm32ws\vva_tstat\STemWin\lib\libSTemWin526_CM4_GCC.a(LCD_GetEx.o)
                0x0800a46c                GUI_GetpfIndex2ColorEx
 .text.LCD_GetpfColor2IndexEx
                0x0800a47c        0xe C:\stm32ws\vva_tstat\STemWin\lib\libSTemWin526_CM4_GCC.a(LCD_GetEx.o)
                0x0800a47c                LCD_GetpfColor2IndexEx
 *fill*         0x0800a48a        0x2 
 .text.GUI_GetpfColor2IndexEx
                0x0800a48c       0x10 C:\stm32ws\vva_tstat\STemWin\lib\libSTemWin526_CM4_GCC.a(LCD_GetEx.o)
                0x0800a48c                GUI_GetpfColor2IndexEx
 .text.LCD_GetVXSizeMax
                0x0800a49c        0x6 C:\stm32ws\vva_tstat\STemWin\lib\libSTemWin526_CM4_GCC.a(LCD_GetEx.o)
                0x0800a49c                LCD_GetVXSizeMax
 .text.LCD__GetBPP
                0x0800a4a2       0x82 C:\stm32ws\vva_tstat\STemWin\lib\libSTemWin526_CM4_GCC.a(LCD_GetEx.o)
                0x0800a4a2                LCD__GetBPP
 .text.LCD__GetBPPDevice
                0x0800a524       0x2c C:\stm32ws\vva_tstat\STemWin\lib\libSTemWin526_CM4_GCC.a(LCD_GetEx.o)
                0x0800a524                LCD__GetBPPDevice
 .text._SetDrawMode
                0x0800a550       0x28 C:\stm32ws\vva_tstat\STemWin\lib\libSTemWin526_CM4_GCC.a(LCD.o)
 .text.LCD_SetDrawMode
                0x0800a578       0x10 C:\stm32ws\vva_tstat\STemWin\lib\libSTemWin526_CM4_GCC.a(LCD.o)
                0x0800a578                LCD_SetDrawMode
 .text.LCD_DrawPixel
                0x0800a588       0x5c C:\stm32ws\vva_tstat\STemWin\lib\libSTemWin526_CM4_GCC.a(LCD.o)
                0x0800a588                LCD_DrawPixel
 .text.LCD_DrawHLine
                0x0800a5e4       0x4c C:\stm32ws\vva_tstat\STemWin\lib\libSTemWin526_CM4_GCC.a(LCD.o)
                0x0800a5e4                LCD_DrawHLine
 .text.LCD_DrawVLine
                0x0800a630       0x4c C:\stm32ws\vva_tstat\STemWin\lib\libSTemWin526_CM4_GCC.a(LCD.o)
                0x0800a630                LCD_DrawVLine
 .text.LCD_FillRect
                0x0800a67c       0x54 C:\stm32ws\vva_tstat\STemWin\lib\libSTemWin526_CM4_GCC.a(LCD.o)
                0x0800a67c                LCD_FillRect
 .text.LCD__DrawBitmap_1bpp
                0x0800a6d0      0x1b8 C:\stm32ws\vva_tstat\STemWin\lib\libSTemWin526_CM4_GCC.a(LCD.o)
                0x0800a6d0                LCD__DrawBitmap_1bpp
 .text.LCD_DrawBitmap
                0x0800a888      0x21c C:\stm32ws\vva_tstat\STemWin\lib\libSTemWin526_CM4_GCC.a(LCD.o)
                0x0800a888                LCD_DrawBitmap
 .text.LCD_SetClipRectMax
                0x0800aaa4       0x20 C:\stm32ws\vva_tstat\STemWin\lib\libSTemWin526_CM4_GCC.a(LCD.o)
                0x0800aaa4                LCD_SetClipRectMax
 .text.emWin_LCD_Init
                0x0800aac4       0x8e C:\stm32ws\vva_tstat\STemWin\lib\libSTemWin526_CM4_GCC.a(LCD.o)
                0x0800aac4                emWin_LCD_Init
 *fill*         0x0800ab52        0x2 
 .text.LCD_Color2Index
                0x0800ab54       0x20 C:\stm32ws\vva_tstat\STemWin\lib\libSTemWin526_CM4_GCC.a(LCD.o)
                0x0800ab54                LCD_Color2Index
 .text.LCD_Index2Color
                0x0800ab74       0x20 C:\stm32ws\vva_tstat\STemWin\lib\libSTemWin526_CM4_GCC.a(LCD.o)
                0x0800ab74                LCD_Index2Color
 .text.LCD_SetColorIndex
                0x0800ab94       0x1c C:\stm32ws\vva_tstat\STemWin\lib\libSTemWin526_CM4_GCC.a(LCD.o)
                0x0800ab94                LCD_SetColorIndex
 .text._SetColor
                0x0800abb0       0x20 C:\stm32ws\vva_tstat\STemWin\lib\libSTemWin526_CM4_GCC.a(LCD.o)
 .text.LCD_SetBkColorIndex
                0x0800abd0       0x1c C:\stm32ws\vva_tstat\STemWin\lib\libSTemWin526_CM4_GCC.a(LCD.o)
                0x0800abd0                LCD_SetBkColorIndex
 .text._SetBkColor
                0x0800abec       0x20 C:\stm32ws\vva_tstat\STemWin\lib\libSTemWin526_CM4_GCC.a(LCD.o)
 .text.LCD_SetBkColor
                0x0800ac0c       0x10 C:\stm32ws\vva_tstat\STemWin\lib\libSTemWin526_CM4_GCC.a(LCD.o)
                0x0800ac0c                LCD_SetBkColor
 .text.LCD_SetColor
                0x0800ac1c       0x10 C:\stm32ws\vva_tstat\STemWin\lib\libSTemWin526_CM4_GCC.a(LCD.o)
                0x0800ac1c                LCD_SetColor
 .text.GUI__memset16
                0x0800ac2c       0x5a C:\stm32ws\vva_tstat\STemWin\lib\libSTemWin526_CM4_GCC.a(GUI__memset16.o)
                0x0800ac2c                GUI__memset16
 .text.GUI__memset
                0x0800ac86       0x54 C:\stm32ws\vva_tstat\STemWin\lib\libSTemWin526_CM4_GCC.a(GUI__memset.o)
                0x0800ac86                GUI__memset
 .text.GUI__SetText
                0x0800acda       0x74 C:\stm32ws\vva_tstat\STemWin\lib\libSTemWin526_CM4_GCC.a(GUI__SetText.o)
                0x0800acda                GUI__SetText
 .text.GUI__ReduceRect
                0x0800ad4e       0x1c C:\stm32ws\vva_tstat\STemWin\lib\libSTemWin526_CM4_GCC.a(GUI__ReduceRect.o)
                0x0800ad4e                GUI__ReduceRect
 *fill*         0x0800ad6a        0x2 
 .text.GUI__ManageCacheEx
                0x0800ad6c       0xd8 C:\stm32ws\vva_tstat\STemWin\lib\libSTemWin526_CM4_GCC.a(GUI__ManageCache.o)
                0x0800ad6c                GUI__ManageCacheEx
 .text.GUI__ManageCache
                0x0800ae44       0x10 C:\stm32ws\vva_tstat\STemWin\lib\libSTemWin526_CM4_GCC.a(GUI__ManageCache.o)
                0x0800ae44                GUI__ManageCache
 .text.GUI__IntersectRects
                0x0800ae54       0x64 C:\stm32ws\vva_tstat\STemWin\lib\libSTemWin526_CM4_GCC.a(GUI__IntersectRects.o)
                0x0800ae54                GUI__IntersectRects
 .text.GUI__IntersectRect
                0x0800aeb8       0x3c C:\stm32ws\vva_tstat\STemWin\lib\libSTemWin526_CM4_GCC.a(GUI__IntersectRect.o)
                0x0800aeb8                GUI__IntersectRect
 .text._GetTwinArcPara
                0x0800aef4       0x56 C:\stm32ws\vva_tstat\STemWin\lib\libSTemWin526_CM4_GCC.a(GUI__DrawTwinArc.o)
 *fill*         0x0800af4a        0x2 
 .text.GUI__DrawTwinArc4
                0x0800af4c      0x1d8 C:\stm32ws\vva_tstat\STemWin\lib\libSTemWin526_CM4_GCC.a(GUI__DrawTwinArc.o)
                0x0800af4c                GUI__DrawTwinArc4
 .text.GUI__MixColors
                0x0800b124       0x5e C:\stm32ws\vva_tstat\STemWin\lib\libSTemWin526_CM4_GCC.a(GUI__Alpha.o)
                0x0800b124                GUI__MixColors
 *fill*         0x0800b182        0x2 
 .text._OnExit  0x0800b184       0x40 C:\stm32ws\vva_tstat\STemWin\lib\libSTemWin526_CM4_GCC.a(GUI__Alpha.o)
 .text.GUI__GetAlphaBuffer
                0x0800b1c4       0xd0 C:\stm32ws\vva_tstat\STemWin\lib\libSTemWin526_CM4_GCC.a(GUI__Alpha.o)
                0x0800b1c4                GUI__GetAlphaBuffer
 .text.GUI__DoAlphaBlending
                0x0800b294      0x1cc C:\stm32ws\vva_tstat\STemWin\lib\libSTemWin526_CM4_GCC.a(GUI__Alpha.o)
                0x0800b294                GUI__DoAlphaBlending
 .text.GUI__AllocAlphaBuffer
                0x0800b460       0x18 C:\stm32ws\vva_tstat\STemWin\lib\libSTemWin526_CM4_GCC.a(GUI__Alpha.o)
                0x0800b460                GUI__AllocAlphaBuffer
 .text.GUI_SignalEvent
                0x0800b478       0x10 C:\stm32ws\vva_tstat\STemWin\lib\libSTemWin526_CM4_GCC.a(GUI_WaitEvent.o)
                0x0800b478                GUI_SignalEvent
 .text._Unlink  0x0800b488       0x4c C:\stm32ws\vva_tstat\STemWin\lib\libSTemWin526_CM4_GCC.a(GUI_Timer.o)
 .text.GUI_TIMER__GetFirstTimer
                0x0800b4d4       0x2c C:\stm32ws\vva_tstat\STemWin\lib\libSTemWin526_CM4_GCC.a(GUI_Timer.o)
                0x0800b4d4                GUI_TIMER__GetFirstTimer
 .text.GUI_TIMER__GetNextTimerLin
                0x0800b500       0x32 C:\stm32ws\vva_tstat\STemWin\lib\libSTemWin526_CM4_GCC.a(GUI_Timer.o)
                0x0800b500                GUI_TIMER__GetNextTimerLin
 *fill*         0x0800b532        0x2 
 .text.GUI_TIMER_Delete
                0x0800b534       0x60 C:\stm32ws\vva_tstat\STemWin\lib\libSTemWin526_CM4_GCC.a(GUI_Timer.o)
                0x0800b534                GUI_TIMER_Delete
 .text.GUI_TIMER_GetFlag
                0x0800b594       0x28 C:\stm32ws\vva_tstat\STemWin\lib\libSTemWin526_CM4_GCC.a(GUI_Timer.o)
                0x0800b594                GUI_TIMER_GetFlag
 .text.GUI_TOUCH_StoreStateEx
                0x0800b5bc       0x28 C:\stm32ws\vva_tstat\STemWin\lib\libSTemWin526_CM4_GCC.a(GUI_TOUCH.o)
                0x0800b5bc                GUI_TOUCH_StoreStateEx
 .text.GUI_CreateBitmapFromStream
                0x0800b5e4      0x110 C:\stm32ws\vva_tstat\STemWin\lib\libSTemWin526_CM4_GCC.a(GUI_StreamCreate.o)
                0x0800b5e4                GUI_CreateBitmapFromStream
 .text.GUI__ReadHeaderFromStream
                0x0800b6f4       0x4c C:\stm32ws\vva_tstat\STemWin\lib\libSTemWin526_CM4_GCC.a(GUI_Stream.o)
                0x0800b6f4                GUI__ReadHeaderFromStream
 .text.GUI__CreateBitmapFromStream
                0x0800b740       0x36 C:\stm32ws\vva_tstat\STemWin\lib\libSTemWin526_CM4_GCC.a(GUI_Stream.o)
                0x0800b740                GUI__CreateBitmapFromStream
 *fill*         0x0800b776        0x2 
 .text.GUI_SetTextMode
                0x0800b778       0x14 C:\stm32ws\vva_tstat\STemWin\lib\libSTemWin526_CM4_GCC.a(GUI_SetTextMode.o)
                0x0800b778                GUI_SetTextMode
 .text.GUI_SetFont
                0x0800b78c       0x14 C:\stm32ws\vva_tstat\STemWin\lib\libSTemWin526_CM4_GCC.a(GUI_SetFont.o)
                0x0800b78c                GUI_SetFont
 .text.GUI_SetDrawMode
                0x0800b7a0        0x4 C:\stm32ws\vva_tstat\STemWin\lib\libSTemWin526_CM4_GCC.a(GUI_SetDrawMode.o)
                0x0800b7a0                GUI_SetDrawMode
 .text.GL_SetDefault
                0x0800b7a4       0x40 C:\stm32ws\vva_tstat\STemWin\lib\libSTemWin526_CM4_GCC.a(GUI_SetDefault.o)
                0x0800b7a4                GL_SetDefault
 .text.GUI_SetBkColor
                0x0800b7e4        0x4 C:\stm32ws\vva_tstat\STemWin\lib\libSTemWin526_CM4_GCC.a(GUI_SetColor.o)
                0x0800b7e4                GUI_SetBkColor
 .text.GUI_SetColor
                0x0800b7e8        0x4 C:\stm32ws\vva_tstat\STemWin\lib\libSTemWin526_CM4_GCC.a(GUI_SetColor.o)
                0x0800b7e8                GUI_SetColor
 .text.GUI__AlphaSuppressMixing
                0x0800b7ec       0x24 C:\stm32ws\vva_tstat\STemWin\lib\libSTemWin526_CM4_GCC.a(GUI_SetAlpha.o)
                0x0800b7ec                GUI__AlphaSuppressMixing
 .text.GUI_GetCursorLayer
                0x0800b810       0x14 C:\stm32ws\vva_tstat\STemWin\lib\libSTemWin526_CM4_GCC.a(GUI_SelectLayer.o)
                0x0800b810                GUI_GetCursorLayer
 .text.GUI_GetLayerPosEx
                0x0800b824       0x14 C:\stm32ws\vva_tstat\STemWin\lib\libSTemWin526_CM4_GCC.a(GUI_SelectLayer.o)
                0x0800b824                GUI_GetLayerPosEx
 .text.GUI_SelectLayer
                0x0800b838       0x24 C:\stm32ws\vva_tstat\STemWin\lib\libSTemWin526_CM4_GCC.a(GUI_SelectLayer.o)
                0x0800b838                GUI_SelectLayer
 .text.GUI_SetLayerPosEx
                0x0800b85c        0x4 C:\stm32ws\vva_tstat\STemWin\lib\libSTemWin526_CM4_GCC.a(GUI_SelectLayer.o)
                0x0800b85c                GUI_SetLayerPosEx
 .text.GUI_SelectLCD
                0x0800b860       0x12 C:\stm32ws\vva_tstat\STemWin\lib\libSTemWin526_CM4_GCC.a(GUI_SelectLCD.o)
                0x0800b860                GUI_SelectLCD
 *fill*         0x0800b872        0x2 
 .text.GUI_SaveContext_W
                0x0800b874       0x14 C:\stm32ws\vva_tstat\STemWin\lib\libSTemWin526_CM4_GCC.a(GUI_SaveContext.o)
                0x0800b874                GUI_SaveContext_W
 .text.GUI_RestoreContext
                0x0800b888       0x14 C:\stm32ws\vva_tstat\STemWin\lib\libSTemWin526_CM4_GCC.a(GUI_SaveContext.o)
                0x0800b888                GUI_RestoreContext
 .text.GUI_RectsIntersect
                0x0800b89c       0x3a C:\stm32ws\vva_tstat\STemWin\lib\libSTemWin526_CM4_GCC.a(GUI_RectsIntersect.o)
                0x0800b89c                GUI_RectsIntersect
 .text.GUI_ALLOC_Realloc
                0x0800b8d6       0x54 C:\stm32ws\vva_tstat\STemWin\lib\libSTemWin526_CM4_GCC.a(GUI_Realloc.o)
                0x0800b8d6                GUI_ALLOC_Realloc
 *fill*         0x0800b92a        0x2 
 .text.GUI_SetPenSize
                0x0800b92c       0x10 C:\stm32ws\vva_tstat\STemWin\lib\libSTemWin526_CM4_GCC.a(GUI_Pen.o)
                0x0800b92c                GUI_SetPenSize
 .text.GUI_PID_GetState
                0x0800b93c       0x58 C:\stm32ws\vva_tstat\STemWin\lib\libSTemWin526_CM4_GCC.a(GUI_PID.o)
                0x0800b93c                GUI_PID_GetState
 .text.GUI_PID_StoreState
                0x0800b994       0x9c C:\stm32ws\vva_tstat\STemWin\lib\libSTemWin526_CM4_GCC.a(GUI_PID.o)
                0x0800b994                GUI_PID_StoreState
 .text.GUI_PID_IsEmpty
                0x0800ba30       0x18 C:\stm32ws\vva_tstat\STemWin\lib\libSTemWin526_CM4_GCC.a(GUI_PID.o)
                0x0800ba30                GUI_PID_IsEmpty
 .text.GUI_StoreKey
                0x0800ba48       0x10 C:\stm32ws\vva_tstat\STemWin\lib\libSTemWin526_CM4_GCC.a(GUI_OnKey.o)
                0x0800ba48                GUI_StoreKey
 .text.GUI_PollKeyMsg
                0x0800ba58       0x3c C:\stm32ws\vva_tstat\STemWin\lib\libSTemWin526_CM4_GCC.a(GUI_OnKey.o)
                0x0800ba58                GUI_PollKeyMsg
 .text.GUI_MoveRect
                0x0800ba94       0x20 C:\stm32ws\vva_tstat\STemWin\lib\libSTemWin526_CM4_GCC.a(GUI_MoveRect.o)
                0x0800ba94                GUI_MoveRect
 .text.GUI_MergeRect
                0x0800bab4       0x56 C:\stm32ws\vva_tstat\STemWin\lib\libSTemWin526_CM4_GCC.a(GUI_MergeRect.o)
                0x0800bab4                GUI_MergeRect
 *fill*         0x0800bb0a        0x2 
 .text.GUI_GotoXY
                0x0800bb0c       0x10 C:\stm32ws\vva_tstat\STemWin\lib\libSTemWin526_CM4_GCC.a(GUI_Goto.o)
                0x0800bb0c                GUI_GotoXY
 .text.GUI_GetStringDistX
                0x0800bb1c       0x14 C:\stm32ws\vva_tstat\STemWin\lib\libSTemWin526_CM4_GCC.a(GUI_GetStringDistX.o)
                0x0800bb1c                GUI_GetStringDistX
 .text.GUI_GetOrg
                0x0800bb30       0x1c C:\stm32ws\vva_tstat\STemWin\lib\libSTemWin526_CM4_GCC.a(GUI_GetOrg.o)
                0x0800bb30                GUI_GetOrg
 .text.GUI_GetFontSizeY
                0x0800bb4c        0x4 C:\stm32ws\vva_tstat\STemWin\lib\libSTemWin526_CM4_GCC.a(GUI_GetFontSizeY.o)
                0x0800bb4c                GUI_GetFontSizeY
 .text.GUI_GetClientRect
                0x0800bb50        0x8 C:\stm32ws\vva_tstat\STemWin\lib\libSTemWin526_CM4_GCC.a(GUI_GetClientRect.o)
                0x0800bb50                GUI_GetClientRect
 .text.GUI_FillRectEx
                0x0800bb58       0x16 C:\stm32ws\vva_tstat\STemWin\lib\libSTemWin526_CM4_GCC.a(GUI_FillRectEx.o)
                0x0800bb58                GUI_FillRectEx
 *fill*         0x0800bb6e        0x2 
 .text.GUI_FillRect
                0x0800bb70       0x44 C:\stm32ws\vva_tstat\STemWin\lib\libSTemWin526_CM4_GCC.a(GUI_FillRect.o)
                0x0800bb70                GUI_FillRect
 .text.GUI_Exec1
                0x0800bbb4       0x28 C:\stm32ws\vva_tstat\STemWin\lib\libSTemWin526_CM4_GCC.a(GUI_Exec.o)
                0x0800bbb4                GUI_Exec1
 .text.GUI_Exec
                0x0800bbdc       0x12 C:\stm32ws\vva_tstat\STemWin\lib\libSTemWin526_CM4_GCC.a(GUI_Exec.o)
                0x0800bbdc                GUI_Exec
 *fill*         0x0800bbee        0x2 
 .text.GUI_DrawVLine
                0x0800bbf0       0x40 C:\stm32ws\vva_tstat\STemWin\lib\libSTemWin526_CM4_GCC.a(GUI_DrawVLine.o)
                0x0800bbf0                GUI_DrawVLine
 .text._SetLineColor
                0x0800bc30       0x8c C:\stm32ws\vva_tstat\STemWin\lib\libSTemWin526_CM4_GCC.a(GUI_DrawLine.o)
 .text.GUI_sin  0x0800bcbc       0x58 C:\stm32ws\vva_tstat\STemWin\lib\libSTemWin526_CM4_GCC.a(GUI_DrawLine.o)
                0x0800bcbc                GUI_sin
 .text.GUI_cos  0x0800bd14        0x8 C:\stm32ws\vva_tstat\STemWin\lib\libSTemWin526_CM4_GCC.a(GUI_DrawLine.o)
                0x0800bd14                GUI_cos
 .text.GL_DrawLine1Ex
                0x0800bd1c      0x1b4 C:\stm32ws\vva_tstat\STemWin\lib\libSTemWin526_CM4_GCC.a(GUI_DrawLine.o)
                0x0800bd1c                GL_DrawLine1Ex
 .text.GL_DrawLineEx
                0x0800bed0      0x1b4 C:\stm32ws\vva_tstat\STemWin\lib\libSTemWin526_CM4_GCC.a(GUI_DrawLine.o)
                0x0800bed0                GL_DrawLineEx
 .text.GL_DrawLine
                0x0800c084       0x16 C:\stm32ws\vva_tstat\STemWin\lib\libSTemWin526_CM4_GCC.a(GUI_DrawLine.o)
                0x0800c084                GL_DrawLine
 *fill*         0x0800c09a        0x2 
 .text.GUI_DrawLine
                0x0800c09c       0x3c C:\stm32ws\vva_tstat\STemWin\lib\libSTemWin526_CM4_GCC.a(GUI_DrawLine.o)
                0x0800c09c                GUI_DrawLine
 .text.GUI_DrawHLine
                0x0800c0d8       0x48 C:\stm32ws\vva_tstat\STemWin\lib\libSTemWin526_CM4_GCC.a(GUI_DrawHLine.o)
                0x0800c0d8                GUI_DrawHLine
 .text._DrawGradient
                0x0800c120      0x1d8 C:\stm32ws\vva_tstat\STemWin\lib\libSTemWin526_CM4_GCC.a(GUI_DrawGradient.o)
 .text.GUI_DrawGradientV
                0x0800c2f8       0x64 C:\stm32ws\vva_tstat\STemWin\lib\libSTemWin526_CM4_GCC.a(GUI_DrawGradient.o)
                0x0800c2f8                GUI_DrawGradientV
 .text.GUI_DrawGradientH
                0x0800c35c       0x64 C:\stm32ws\vva_tstat\STemWin\lib\libSTemWin526_CM4_GCC.a(GUI_DrawGradient.o)
                0x0800c35c                GUI_DrawGradientH
 .text.GUI_DrawFocusRect
                0x0800c3c0       0xac C:\stm32ws\vva_tstat\STemWin\lib\libSTemWin526_CM4_GCC.a(GUI_DrawFocusRect.o)
                0x0800c3c0                GUI_DrawFocusRect
 .text._DoClipping
                0x0800c46c       0xa4 C:\stm32ws\vva_tstat\STemWin\lib\libSTemWin526_CM4_GCC.a(GUI_DrawBitmap_8888.o)
 .text._DrawBitmapHW_8888
                0x0800c510       0x8c C:\stm32ws\vva_tstat\STemWin\lib\libSTemWin526_CM4_GCC.a(GUI_DrawBitmap_8888.o)
 .text._DrawBitmap_8888
                0x0800c59c      0x2a4 C:\stm32ws\vva_tstat\STemWin\lib\libSTemWin526_CM4_GCC.a(GUI_DrawBitmap_8888.o)
 .text._DrawBitmapSwapRB
                0x0800c840       0x2c C:\stm32ws\vva_tstat\STemWin\lib\libSTemWin526_CM4_GCC.a(GUI_DrawBitmap_565.o)
 .text._DrawBitmap
                0x0800c86c       0x2c C:\stm32ws\vva_tstat\STemWin\lib\libSTemWin526_CM4_GCC.a(GUI_DrawBitmap_565.o)
 .text._DrawBitmapSwapRB
                0x0800c898       0x28 C:\stm32ws\vva_tstat\STemWin\lib\libSTemWin526_CM4_GCC.a(GUI_DrawBitmap_555.o)
 .text._DrawBitmap
                0x0800c8c0       0x28 C:\stm32ws\vva_tstat\STemWin\lib\libSTemWin526_CM4_GCC.a(GUI_DrawBitmap_555.o)
 .text._DrawBitmapM444_16