Archive member included because of file (symbol)

C:\stm32ws\vva_tstat\STemWin\lib\libSTemWin526_CM4_GCC.a(WINDOW.o)
                              ./gui/HomeScreenDLG.o (WINDOW_SetBkColor)
C:\stm32ws\vva_tstat\STemWin\lib\libSTemWin526_CM4_GCC.a(WIDGET.o)
                              C:\stm32ws\vva_tstat\STemWin\lib\libSTemWin526_CM4_GCC.a(WINDOW.o) (WIDGET__Init)
C:\stm32ws\vva_tstat\STemWin\lib\libSTemWin526_CM4_GCC.a(TEXT_SetTextColor.o)
                              ./gui/HomeScreenDLG.o (TEXT_SetTextColor)
C:\stm32ws\vva_tstat\STemWin\lib\libSTemWin526_CM4_GCC.a(TEXT_SetTextAlign.o)
                              ./gui/HomeScreenDLG.o (TEXT_SetTextAlign)
C:\stm32ws\vva_tstat\STemWin\lib\libSTemWin526_CM4_GCC.a(TEXT_SetText.o)
                              ./gui/HomeScreenDLG.o (TEXT_SetText)
C:\stm32ws\vva_tstat\STemWin\lib\libSTemWin526_CM4_GCC.a(TEXT_SetFont.o)
                              ./gui/HomeScreenDLG.o (TEXT_SetFont)
C:\stm32ws\vva_tstat\STemWin\lib\libSTemWin526_CM4_GCC.a(TEXT_CreateIndirect.o)
                              ./gui/HomeScreenDLG.o (TEXT_CreateIndirect)
C:\stm32ws\vva_tstat\STemWin\lib\libSTemWin526_CM4_GCC.a(TEXT.o)
                              C:\stm32ws\vva_tstat\STemWin\lib\libSTemWin526_CM4_GCC.a(TEXT_CreateIndirect.o) (TEXT_CreateUser)
C:\stm32ws\vva_tstat\STemWin\lib\libSTemWin526_CM4_GCC.a(SLIDER_SkinFlex.o)
                              ./Src/main.o (SLIDER_DrawSkinFlex)
C:\stm32ws\vva_tstat\STemWin\lib\libSTemWin526_CM4_GCC.a(SLIDER_Skin.o)
                              ./Src/main.o (SLIDER_SetDefaultSkin)
C:\stm32ws\vva_tstat\STemWin\lib\libSTemWin526_CM4_GCC.a(SLIDER_CreateIndirect.o)
                              ./gui/HomeScreenDLG.o (SLIDER_CreateIndirect)
C:\stm32ws\vva_tstat\STemWin\lib\libSTemWin526_CM4_GCC.a(SLIDER.o)
                              C:\stm32ws\vva_tstat\STemWin\lib\libSTemWin526_CM4_GCC.a(SLIDER_CreateIndirect.o) (SLIDER_CreateUser)
C:\stm32ws\vva_tstat\STemWin\lib\libSTemWin526_CM4_GCC.a(PROGBAR_SkinFlex.o)
                              ./Src/main.o (PROGBAR_DrawSkinFlex)
C:\stm32ws\vva_tstat\STemWin\lib\libSTemWin526_CM4_GCC.a(PROGBAR_Skin.o)
                              ./Src/main.o (PROGBAR_SetDefaultSkin)
C:\stm32ws\vva_tstat\STemWin\lib\libSTemWin526_CM4_GCC.a(PROGBAR_CreateIndirect.o)
                              ./gui/SplashScreenDLG.o (PROGBAR_CreateIndirect)
C:\stm32ws\vva_tstat\STemWin\lib\libSTemWin526_CM4_GCC.a(PROGBAR.o)
                              C:\stm32ws\vva_tstat\STemWin\lib\libSTemWin526_CM4_GCC.a(PROGBAR_Skin.o) (PROGBAR__GetTextLocked)
C:\stm32ws\vva_tstat\STemWin\lib\libSTemWin526_CM4_GCC.a(IMAGE_BMP.o)
                              ./gui/HomeScreenDLG.o (IMAGE_SetBMP)
C:\stm32ws\vva_tstat\STemWin\lib\libSTemWin526_CM4_GCC.a(IMAGE.o)
                              C:\stm32ws\vva_tstat\STemWin\lib\libSTemWin526_CM4_GCC.a(IMAGE_BMP.o) (IMAGE__FreeAttached)
C:\stm32ws\vva_tstat\STemWin\lib\libSTemWin526_CM4_GCC.a(DIALOG.o)
                              C:\stm32ws\vva_tstat\STemWin\lib\libSTemWin526_CM4_GCC.a(WIDGET.o) (DIALOG_GetBkColor)
C:\stm32ws\vva_tstat\STemWin\lib\libSTemWin526_CM4_GCC.a(BUTTON_SkinFlex.o)
                              ./Src/main.o (BUTTON_DrawSkinFlex)
C:\stm32ws\vva_tstat\STemWin\lib\libSTemWin526_CM4_GCC.a(BUTTON_Skin.o)
                              ./Src/main.o (BUTTON_SetDefaultSkin)
C:\stm32ws\vva_tstat\STemWin\lib\libSTemWin526_CM4_GCC.a(BUTTON_CreateIndirect.o)
                              ./gui/HomeScreenDLG.o (BUTTON_CreateIndirect)
C:\stm32ws\vva_tstat\STemWin\lib\libSTemWin526_CM4_GCC.a(BUTTON.o)
                              C:\stm32ws\vva_tstat\STemWin\lib\libSTemWin526_CM4_GCC.a(BUTTON_CreateIndirect.o) (BUTTON_CreateUser)
C:\stm32ws\vva_tstat\STemWin\lib\libSTemWin526_CM4_GCC.a(WM__UpdateChildPositions.o)
                              C:\stm32ws\vva_tstat\STemWin\lib\libSTemWin526_CM4_GCC.a(WIDGET.o) (WM__UpdateChildPositions)
C:\stm32ws\vva_tstat\STemWin\lib\libSTemWin526_CM4_GCC.a(WM__Screen2Client.o)
                              C:\stm32ws\vva_tstat\STemWin\lib\libSTemWin526_CM4_GCC.a(WIDGET.o) (WM__Screen2Client)
C:\stm32ws\vva_tstat\STemWin\lib\libSTemWin526_CM4_GCC.a(WM__IsEnabled.o)
                              C:\stm32ws\vva_tstat\STemWin\lib\libSTemWin526_CM4_GCC.a(BUTTON_SkinFlex.o) (WM__IsEnabled)
C:\stm32ws\vva_tstat\STemWin\lib\libSTemWin526_CM4_GCC.a(WM__IsAncestor.o)
                              C:\stm32ws\vva_tstat\STemWin\lib\libSTemWin526_CM4_GCC.a(WINDOW.o) (WM__IsAncestor)
C:\stm32ws\vva_tstat\STemWin\lib\libSTemWin526_CM4_GCC.a(WM_UserData.o)
                              C:\stm32ws\vva_tstat\STemWin\lib\libSTemWin526_CM4_GCC.a(WINDOW.o) (WM__GetUserDataEx)
C:\stm32ws\vva_tstat\STemWin\lib\libSTemWin526_CM4_GCC.a(WM_Show.o)
                              ./Src/main.o (WM_ShowWindow)
C:\stm32ws\vva_tstat\STemWin\lib\libSTemWin526_CM4_GCC.a(WM_SetUserClipRect.o)
[...]
Memory Configuration

Name             Origin             Length             Attributes
FLASH            0x08000000         0x00100000         xr
RAM              0x20000000         0x00020000         xrw
CCMRAM           0x10000000         0x00010000         rw
*default*        0x00000000         0xffffffff

Linker script and memory map

LOAD c:/stm32tc/gcc49/bin/../lib/gcc/arm-none-eabi/4.9.3/armv7e-m/fpu/crti.o
LOAD c:/stm32tc/gcc49/bin/../lib/gcc/arm-none-eabi/4.9.3/armv7e-m/fpu/crtbegin.o
LOAD c:/stm32tc/gcc49/bin/../lib/gcc/arm-none-eabi/4.9.3/../../../../arm-none-eabi/lib/armv7e-m/fpu/crt0.o
LOAD ./gui/HomeScreenDLG.o
LOAD ./gui/SplashScreenDLG.o
LOAD ./Src/GUIConf.o
LOAD ./Src/LCDConf.o
LOAD ./Src/adc.o
LOAD ./Src/crc.o
LOAD ./Src/fsmc.o
LOAD ./Src/ft6206.o
LOAD ./Src/gpio.o
LOAD ./Src/i2c.o
LOAD ./Src/ili_9341.o
LOAD ./Src/main.o
LOAD ./Src/rtc.o
LOAD ./Src/stm32f4xx_hal_msp.o
LOAD ./Src/stm32f4xx_it.o
LOAD ./Src/tim.o
LOAD ./STemWin/OS/GUI_X.o
LOAD ./Drivers/STM32F4xx_HAL_Driver/Src/stm32f4xx_hal.o
LOAD ./Drivers/STM32F4xx_HAL_Driver/Src/stm32f4xx_hal_adc.o
LOAD ./Drivers/STM32F4xx_HAL_Driver/Src/stm32f4xx_hal_adc_ex.o
LOAD ./Drivers/STM32F4xx_HAL_Driver/Src/stm32f4xx_hal_cortex.o
LOAD ./Drivers/STM32F4xx_HAL_Driver/Src/stm32f4xx_hal_crc.o
LOAD ./Drivers/STM32F4xx_HAL_Driver/Src/stm32f4xx_hal_dma.o
LOAD ./Drivers/STM32F4xx_HAL_Driver/Src/stm32f4xx_hal_dma_ex.o
LOAD ./Drivers/STM32F4xx_HAL_Driver/Src/stm32f4xx_hal_flash.o
LOAD ./Drivers/STM32F4xx_HAL_Driver/Src/stm32f4xx_hal_flash_ex.o
LOAD ./Drivers/STM32F4xx_HAL_Driver/Src/stm32f4xx_hal_flash_ramfunc.o
LOAD ./Drivers/STM32F4xx_HAL_Driver/Src/stm32f4xx_hal_gpio.o
LOAD ./Drivers/STM32F4xx_HAL_Driver/Src/stm32f4xx_hal_i2c.o
LOAD ./Drivers/STM32F4xx_HAL_Driver/Src/stm32f4xx_hal_i2c_ex.o
LOAD ./Drivers/STM32F4xx_HAL_Driver/Src/stm32f4xx_hal_pwr.o
LOAD ./Drivers/STM32F4xx_HAL_Driver/Src/stm32f4xx_hal_pwr_ex.o
LOAD ./Drivers/STM32F4xx_HAL_Driver/Src/stm32f4xx_hal_rcc.o
LOAD ./Drivers/STM32F4xx_HAL_Driver/Src/stm32f4xx_hal_rcc_ex.o
LOAD ./Drivers/STM32F4xx_HAL_Driver/Src/stm32f4xx_hal_rtc.o
LOAD ./Drivers/STM32F4xx_HAL_Driver/Src/stm32f4xx_hal_rtc_ex.o
LOAD ./Drivers/STM32F4xx_HAL_Driver/Src/stm32f4xx_hal_sram.o
LOAD ./Drivers/STM32F4xx_HAL_Driver/Src/stm32f4xx_hal_tim.o
LOAD ./Drivers/STM32F4xx_HAL_Driver/Src/stm32f4xx_hal_tim_ex.o
LOAD ./Drivers/STM32F4xx_HAL_Driver/Src/stm32f4xx_ll_fsmc.o
LOAD ./Drivers/CMSIS/Device/ST/STM32F4xx/Source/Templates/gcc/startup_stm32f407xx.o
LOAD ./Drivers/CMSIS/Device/ST/STM32F4xx/Source/Templates/system_stm32f4xx.o
LOAD C:\stm32ws\vva_tstat\STemWin\lib\libSTemWin526_CM4_GCC.a
LOAD c:/stm32tc/gcc49/bin/../lib/gcc/arm-none-eabi/4.9.3/../../../../arm-none-eabi/lib/armv7e-m/fpu\libstdc++.a
LOAD c:/stm32tc/gcc49/bin/../lib/gcc/arm-none-eabi/4.9.3/../../../../arm-none-eabi/lib/armv7e-m/fpu\libm.a
START GROUP
LOAD c:/stm32tc/gcc49/bin/../lib/gcc/arm-none-eabi/4.9.3/armv7e-m/fpu\libgcc.a
LOAD c:/stm32tc/gcc49/bin/../lib/gcc/arm-none-eabi/4.9.3/../../../../arm-none-eabi/lib/armv7e-m/fpu\libg.a
LOAD c:/stm32tc/gcc49/bin/../lib/gcc/arm-none-eabi/4.9.3/../../../../arm-none-eabi/lib/armv7e-m/fpu\libc.a
END GROUP
LOAD c:/stm32tc/gcc49/bin/../lib/gcc/arm-none-eabi/4.9.3/armv7e-m/fpu/crtend.o
LOAD c:/stm32tc/gcc49/bin/../lib/gcc/arm-none-eabi/4.9.3/armv7e-m/fpu/crtn.o
                0x2001ffff                _estack = 0x2001ffff
                0x00000400                _Min_Heap_Size = 0x400
                0x00000600                _Min_Stack_Size = 0x600

.isr_vector     0x08000000      0x188
                0x08000000                . = ALIGN (0x4)
 *(.isr_vector)
 .isr_vector    0x08000000      0x188 ./Drivers/CMSIS/Device/ST/STM32F4xx/Source/Templates/gcc/startup_stm32f407xx.o
                0x08000000                g_pfnVectors
                0x08000188                . = ALIGN (0x4)

.text           0x08000188    0x12b8c
                0x08000188                . = ALIGN (0x4)
 *(.text)
 .text          0x08000188       0x5c c:/stm32tc/gcc49/bin/../lib/gcc/arm-none-eabi/4.9.3/armv7e-m/fpu/crtbegin.o
 .text          0x080001e4      0x134 c:/stm32tc/gcc49/bin/../lib/gcc/arm-none-eabi/4.9.3/../../../../arm-none-eabi/lib/armv7e-m/fpu\libg.a(lib_a-memcpy.o)
                0x080001e4                memcpy
 *(.text*)
 .text._GetImageById
                0x08000318       0x78 ./gui/HomeScreenDLG.o
 .text._cbDialog
                0x08000390      0x3a4 ./gui/HomeScreenDLG.o
 .text.CreateHomeScreen
                0x08000734       0x34 ./gui/HomeScreenDLG.o
                0x08000734                CreateHomeScreen
 .text._GetImageById
                0x08000768       0x30 ./gui/SplashScreenDLG.o
 .text._cbDialog
                0x08000798       0x5c ./gui/SplashScreenDLG.o
 .text.CreateSplashScreen
                0x080007f4       0x34 ./gui/SplashScreenDLG.o
                0x080007f4                CreateSplashScreen
 .text.GUI_X_Config
                0x08000828       0x14 ./Src/GUIConf.o
                0x08000828                GUI_X_Config
 .text.LcdWriteReg
                0x0800083c       0x1c ./Src/LCDConf.o
 .text.LcdWriteData
                0x08000858       0x20 ./Src/LCDConf.o
 .text.LcdWriteDataMultiple
                0x08000878       0x30 ./Src/LCDConf.o
 .text.LcdReadDataMultiple
                0x080008a8       0x34 ./Src/LCDConf.o
 .text.LCD_X_Config
                0x080008dc       0xb0 ./Src/LCDConf.o
                0x080008dc                LCD_X_Config
 .text.LCD_X_DisplayDriver
                0x0800098c       0x2c ./Src/LCDConf.o
                0x0800098c                LCD_X_DisplayDriver
 .text.MX_ADC1_Init
                0x080009b8       0x74 ./Src/adc.o
                0x080009b8                MX_ADC1_Init
 .text.HAL_ADC_MspInit
                0x08000a2c       0x58 ./Src/adc.o
                0x08000a2c                HAL_ADC_MspInit
 .text.MX_CRC_Init
                0x08000a84       0x1c ./Src/crc.o
                0x08000a84                MX_CRC_Init
 .text.HAL_CRC_MspInit
                0x08000aa0       0x30 ./Src/crc.o
                0x08000aa0                HAL_CRC_MspInit
 .text.MX_FSMC_Init
                0x08000ad0       0x9c ./Src/fsmc.o
                0x08000ad0                MX_FSMC_Init
 .text.HAL_FSMC_MspInit
                0x08000b6c       0x78 ./Src/fsmc.o
 .text.HAL_SRAM_MspInit
                0x08000be4       0x14 ./Src/fsmc.o
                0x08000be4                HAL_SRAM_MspInit
 .text.FT6206_read_register
                0x08000bf8       0x9c ./Src/ft6206.o
 .text.FT6206_write_register
                0x08000c94       0x68 ./Src/ft6206.o
 .text.FT6206_begin
                0x08000cfc       0x80 ./Src/ft6206.o
                0x08000cfc                FT6206_begin
 .text.FT6206_touched
                0x08000d7c       0x2c ./Src/ft6206.o
                0x08000d7c                FT6206_touched
 .text.FT6206_read_data
                0x08000da8      0x108 ./Src/ft6206.o
                0x08000da8                FT6206_read_data
 .text.MX_GPIO_Init
                0x08000eb0       0xe0 ./Src/gpio.o
                0x08000eb0                MX_GPIO_Init
 .text.MX_I2C1_Init
                0x08000f90       0x50 ./Src/i2c.o
                0x08000f90                MX_I2C1_Init
 .text.HAL_I2C_MspInit
                0x08000fe0       0x54 ./Src/i2c.o
                0x08000fe0                HAL_I2C_MspInit
 .text.set_tft_window
                0x08001034       0x84 ./Src/ili_9341.o
                0x08001034                set_tft_window
 .text.tft_fill_rect
                0x080010b8       0x78 ./Src/ili_9341.o
                0x080010b8                tft_fill_rect
 .text.ILI9341_init
                0x08001130      0x25c ./Src/ili_9341.o
                0x08001130                ILI9341_init
 .text.main     0x0800138c       0x8c ./Src/main.o
                0x0800138c                main
 .text.SystemClock_Config
                0x08001418       0x94 ./Src/main.o
                0x08001418                SystemClock_Config
 .text.show_splash
                0x080014ac       0x50 ./Src/main.o
                0x080014ac                show_splash
 .text.update_touch
                0x080014fc       0x8c ./Src/main.o
                0x080014fc                update_touch
 .text.TFT_reset
                0x08001588       0x28 ./Src/main.o
                0x08001588                TFT_reset
 .text.CTP_reset
                0x080015b0       0x24 ./Src/main.o
                0x080015b0                CTP_reset
 .text.MX_RTC_Init
                0x080015d4       0x94 ./Src/rtc.o
                0x080015d4                MX_RTC_Init
 .text.HAL_RTC_MspInit
                0x08001668       0x2c ./Src/rtc.o
                0x08001668                HAL_RTC_MspInit
 .text.HAL_MspInit
                0x08001694       0x18 ./Src/stm32f4xx_hal_msp.o
                0x08001694                HAL_MspInit
 .text.ADC_IRQHandler
                0x080016ac       0x10 ./Src/stm32f4xx_it.o
                0x080016ac                ADC_IRQHandler
 .text.SysTick_Handler
                0x080016bc       0x30 ./Src/stm32f4xx_it.o
                0x080016bc                SysTick_Handler
 .text.EXTI2_IRQHandler
                0x080016ec       0x20 ./Src/stm32f4xx_it.o
                0x080016ec                EXTI2_IRQHandler
 .text.MX_TIM9_Init
                0x0800170c       0x70 ./Src/tim.o
                0x0800170c                MX_TIM9_Init
 .text.HAL_TIM_Base_MspInit
                0x0800177c       0x50 ./Src/tim.o
                0x0800177c                HAL_TIM_Base_MspInit
 .text.GUI_X_Init
                0x080017cc        0xc ./STemWin/OS/GUI_X.o
                0x080017cc                GUI_X_Init
 .text.HAL_Init
                0x080017d8       0x44 ./Drivers/STM32F4xx_HAL_Driver/Src/stm32f4xx_hal.o
                0x080017d8                HAL_Init
 .text.HAL_InitTick
                0x0800181c       0x38 ./Drivers/STM32F4xx_HAL_Driver/Src/stm32f4xx_hal.o
                0x0800181c                HAL_InitTick
 .text.HAL_IncTick
                0x08001854       0x1c ./Drivers/STM32F4xx_HAL_Driver/Src/stm32f4xx_hal.o
                0x08001854                HAL_IncTick
 .text.HAL_GetTick
                0x08001870       0x18 ./Drivers/STM32F4xx_HAL_Driver/Src/stm32f4xx_hal.o
                0x08001870                HAL_GetTick
 .text.HAL_Delay
                0x08001888       0x2c ./Drivers/STM32F4xx_HAL_Driver/Src/stm32f4xx_hal.o
                0x08001888                HAL_Delay
 .text.HAL_ADC_Init
                0x080018b4       0x54 ./Drivers/STM32F4xx_HAL_Driver/Src/stm32f4xx_hal_adc.o
                0x080018b4                HAL_ADC_Init
 .text.HAL_ADC_IRQHandler
                0x08001908      0x25c ./Drivers/STM32F4xx_HAL_Driver/Src/stm32f4xx_hal_adc.o
                0x08001908                HAL_ADC_IRQHandler
 .text.HAL_ADC_ConvCpltCallback
                0x08001b64       0x14 ./Drivers/STM32F4xx_HAL_Driver/Src/stm32f4xx_hal_adc.o
                0x08001b64                HAL_ADC_ConvCpltCallback
 .text.HAL_ADC_LevelOutOfWindowCallback
                0x08001b78       0x14 ./Drivers/STM32F4xx_HAL_Driver/Src/stm32f4xx_hal_adc.o
                0x08001b78                HAL_ADC_LevelOutOfWindowCallback
 .text.HAL_ADC_ErrorCallback
                0x08001b8c       0x14 ./Drivers/STM32F4xx_HAL_Driver/Src/stm32f4xx_hal_adc.o
                0x08001b8c                HAL_ADC_ErrorCallback
 .text.HAL_ADC_ConfigChannel
                0x08001ba0      0x20c ./Drivers/STM32F4xx_HAL_Driver/Src/stm32f4xx_hal_adc.o
                0x08001ba0                HAL_ADC_ConfigChannel
 .text.ADC_Init
                0x08001dac      0x1c0 ./Drivers/STM32F4xx_HAL_Driver/Src/stm32f4xx_hal_adc.o
 .text.HAL_ADCEx_InjectedConvCpltCallback
                0x08001f6c       0x14 ./Drivers/STM32F4xx_HAL_Driver/Src/stm32f4xx_hal_adc_ex.o
                0x08001f6c                HAL_ADCEx_InjectedConvCpltCallback
 .text.NVIC_SetPriorityGrouping
                0x08001f80       0x48 ./Drivers/STM32F4xx_HAL_Driver/Src/stm32f4xx_hal_cortex.o
 .text.NVIC_GetPriorityGrouping
                0x08001fc8       0x1c ./Drivers/STM32F4xx_HAL_Driver/Src/stm32f4xx_hal_cortex.o
 .text.NVIC_EnableIRQ
                0x08001fe4       0x30 ./Drivers/STM32F4xx_HAL_Driver/Src/stm32f4xx_hal_cortex.o
 .text.NVIC_SetPriority
                0x08002014       0x54 ./Drivers/STM32F4xx_HAL_Driver/Src/stm32f4xx_hal_cortex.o
 .text.NVIC_EncodePriority
                0x08002068       0x68 ./Drivers/STM32F4xx_HAL_Driver/Src/stm32f4xx_hal_cortex.o
 .text.SysTick_Config
                0x080020d0       0x44 ./Drivers/STM32F4xx_HAL_Driver/Src/stm32f4xx_hal_cortex.o
 .text.HAL_NVIC_SetPriorityGrouping
                0x08002114       0x14 ./Drivers/STM32F4xx_HAL_Driver/Src/stm32f4xx_hal_cortex.o
                0x08002114                HAL_NVIC_SetPriorityGrouping
 .text.HAL_NVIC_SetPriority
                0x08002128       0x38 ./Drivers/STM32F4xx_HAL_Driver/Src/stm32f4xx_hal_cortex.o
                0x08002128                HAL_NVIC_SetPriority
 .text.HAL_NVIC_EnableIRQ
                0x08002160       0x1c ./Drivers/STM32F4xx_HAL_Driver/Src/stm32f4xx_hal_cortex.o
                0x08002160                HAL_NVIC_EnableIRQ
 .text.HAL_SYSTICK_Config
                0x0800217c       0x18 ./Drivers/STM32F4xx_HAL_Driver/Src/stm32f4xx_hal_cortex.o
                0x0800217c                HAL_SYSTICK_Config
 .text.HAL_SYSTICK_IRQHandler
                0x08002194        0xc ./Drivers/STM32F4xx_HAL_Driver/Src/stm32f4xx_hal_cortex.o
                0x08002194                HAL_SYSTICK_IRQHandler
 .text.HAL_SYSTICK_Callback
                0x080021a0        0xc ./Drivers/STM32F4xx_HAL_Driver/Src/stm32f4xx_hal_cortex.o
                0x080021a0                HAL_SYSTICK_Callback
 .text.HAL_CRC_Init
                0x080021ac       0x38 ./Drivers/STM32F4xx_HAL_Driver/Src/stm32f4xx_hal_crc.o
                0x080021ac                HAL_CRC_Init
 .text.HAL_GPIO_Init
                0x080021e4      0x32c ./Drivers/STM32F4xx_HAL_Driver/Src/stm32f4xx_hal_gpio.o
                0x080021e4                HAL_GPIO_Init
 .text.HAL_GPIO_WritePin
                0x08002510       0x30 ./Drivers/STM32F4xx_HAL_Driver/Src/stm32f4xx_hal_gpio.o
                0x08002510                HAL_GPIO_WritePin
 .text.HAL_GPIO_TogglePin
                0x08002540       0x24 ./Drivers/STM32F4xx_HAL_Driver/Src/stm32f4xx_hal_gpio.o
                0x08002540                HAL_GPIO_TogglePin
 .text.HAL_GPIO_EXTI_IRQHandler
                0x08002564       0x30 ./Drivers/STM32F4xx_HAL_Driver/Src/stm32f4xx_hal_gpio.o
                0x08002564                HAL_GPIO_EXTI_IRQHandler
 .text.HAL_GPIO_EXTI_Callback
                0x08002594       0x14 ./Drivers/STM32F4xx_HAL_Driver/Src/stm32f4xx_hal_gpio.o
                0x08002594                HAL_GPIO_EXTI_Callback
 .text.HAL_I2C_Init
                0x080025a8      0x1ac ./Drivers/STM32F4xx_HAL_Driver/Src/stm32f4xx_hal_i2c.o
                0x080025a8                HAL_I2C_Init
 .text.HAL_I2C_Master_Transmit
                0x08002754      0x168 ./Drivers/STM32F4xx_HAL_Driver/Src/stm32f4xx_hal_i2c.o
                0x08002754                HAL_I2C_Master_Transmit
 .text.HAL_I2C_Master_Receive
                0x080028bc      0x300 ./Drivers/STM32F4xx_HAL_Driver/Src/stm32f4xx_hal_i2c.o
                0x080028bc                HAL_I2C_Master_Receive
 .text.HAL_I2C_GetState
                0x08002bbc       0x1c ./Drivers/STM32F4xx_HAL_Driver/Src/stm32f4xx_hal_i2c.o
                0x08002bbc                HAL_I2C_GetState
 .text.I2C_MasterRequestWrite
                0x08002bd8       0xc4 ./Drivers/STM32F4xx_HAL_Driver/Src/stm32f4xx_hal_i2c.o
 .text.I2C_MasterRequestRead
                0x08002c9c      0x144 ./Drivers/STM32F4xx_HAL_Driver/Src/stm32f4xx_hal_i2c.o
 .text.I2C_WaitOnFlagUntilTimeout
                0x08002de0      0x114 ./Drivers/STM32F4xx_HAL_Driver/Src/stm32f4xx_hal_i2c.o
 .text.I2C_WaitOnMasterAddressFlagUntilTimeout
                0x08002ef4       0xd8 ./Drivers/STM32F4xx_HAL_Driver/Src/stm32f4xx_hal_i2c.o
 .text.HAL_RCC_OscConfig
                0x08002fcc      0x4b0 ./Drivers/STM32F4xx_HAL_Driver/Src/stm32f4xx_hal_rcc.o
                0x08002fcc                HAL_RCC_OscConfig
 .text.HAL_RCC_ClockConfig
                0x0800347c      0x2b0 ./Drivers/STM32F4xx_HAL_Driver/Src/stm32f4xx_hal_rcc.o
                0x0800347c                HAL_RCC_ClockConfig
 .text.HAL_RCC_GetSysClockFreq
                0x0800372c      0x118 ./Drivers/STM32F4xx_HAL_Driver/Src/stm32f4xx_hal_rcc.o
                0x0800372c                HAL_RCC_GetSysClockFreq
 .text.HAL_RCC_GetHCLKFreq
                0x08003844       0x58 ./Drivers/STM32F4xx_HAL_Driver/Src/stm32f4xx_hal_rcc.o
                0x08003844                HAL_RCC_GetHCLKFreq
 .text.HAL_RCC_GetPCLK1Freq
                0x0800389c       0x4c ./Drivers/STM32F4xx_HAL_Driver/Src/stm32f4xx_hal_rcc.o
                0x0800389c                HAL_RCC_GetPCLK1Freq
 .text.HAL_RCCEx_PeriphCLKConfig
                0x080038e8      0x1d4 ./Drivers/STM32F4xx_HAL_Driver/Src/stm32f4xx_hal_rcc_ex.o
                0x080038e8                HAL_RCCEx_PeriphCLKConfig
 .text.HAL_RTC_Init
                0x08003abc       0xf0 ./Drivers/STM32F4xx_HAL_Driver/Src/stm32f4xx_hal_rtc.o
                0x08003abc                HAL_RTC_Init
 .text.HAL_RTC_SetTime
                0x08003bac      0x18c ./Drivers/STM32F4xx_HAL_Driver/Src/stm32f4xx_hal_rtc.o
                0x08003bac                HAL_RTC_SetTime
 .text.HAL_RTC_SetDate
                0x08003d38      0x16c ./Drivers/STM32F4xx_HAL_Driver/Src/stm32f4xx_hal_rtc.o
                0x08003d38                HAL_RTC_SetDate
 .text.HAL_RTC_WaitForSynchro
                0x08003ea4       0x50 ./Drivers/STM32F4xx_HAL_Driver/Src/stm32f4xx_hal_rtc.o
                0x08003ea4                HAL_RTC_WaitForSynchro
 .text.RTC_EnterInitMode
                0x08003ef4       0x58 ./Drivers/STM32F4xx_HAL_Driver/Src/stm32f4xx_hal_rtc.o
                0x08003ef4                RTC_EnterInitMode
 .text.RTC_ByteToBcd2
                0x08003f4c       0x3c ./Drivers/STM32F4xx_HAL_Driver/Src/stm32f4xx_hal_rtc.o
                0x08003f4c                RTC_ByteToBcd2
 .text.RTC_Bcd2ToByte
                0x08003f88       0x3c ./Drivers/STM32F4xx_HAL_Driver/Src/stm32f4xx_hal_rtc.o
                0x08003f88                RTC_Bcd2ToByte
 .text.HAL_RTCEx_SetWakeUpTimer
                0x08003fc4       0xdc ./Drivers/STM32F4xx_HAL_Driver/Src/stm32f4xx_hal_rtc_ex.o
                0x08003fc4                HAL_RTCEx_SetWakeUpTimer
 .text.HAL_SRAM_Init
                0x080040a0       0x84 ./Drivers/STM32F4xx_HAL_Driver/Src/stm32f4xx_hal_sram.o
                0x080040a0                HAL_SRAM_Init
 .text.HAL_TIM_Base_Init
                0x08004124       0x50 ./Drivers/STM32F4xx_HAL_Driver/Src/stm32f4xx_hal_tim.o
                0x08004124                HAL_TIM_Base_Init
 .text.HAL_TIM_PWM_Init
                0x08004174       0x50 ./Drivers/STM32F4xx_HAL_Driver/Src/stm32f4xx_hal_tim.o
                0x08004174                HAL_TIM_PWM_Init
 .text.HAL_TIM_PWM_MspInit
                0x080041c4       0x14 ./Drivers/STM32F4xx_HAL_Driver/Src/stm32f4xx_hal_tim.o
                0x080041c4                HAL_TIM_PWM_MspInit
 .text.HAL_TIM_PWM_ConfigChannel
                0x080041d8      0x18c ./Drivers/STM32F4xx_HAL_Driver/Src/stm32f4xx_hal_tim.o
                0x080041d8                HAL_TIM_PWM_ConfigChannel
 .text.HAL_TIM_ConfigClockSource
                0x08004364      0x1c4 ./Drivers/STM32F4xx_HAL_Driver/Src/stm32f4xx_hal_tim.o
                0x08004364                HAL_TIM_ConfigClockSource
 .text.TIM_Base_SetConfig
                0x08004528      0x150 ./Drivers/STM32F4xx_HAL_Driver/Src/stm32f4xx_hal_tim.o
                0x08004528                TIM_Base_SetConfig
 .text.TIM_OC2_SetConfig
                0x08004678       0xf0 ./Drivers/STM32F4xx_HAL_Driver/Src/stm32f4xx_hal_tim.o
                0x08004678                TIM_OC2_SetConfig
 .text.TIM_OC1_SetConfig
                0x08004768       0xe4 ./Drivers/STM32F4xx_HAL_Driver/Src/stm32f4xx_hal_tim.o
 .text.TIM_OC3_SetConfig
                0x0800484c       0xec ./Drivers/STM32F4xx_HAL_Driver/Src/stm32f4xx_hal_tim.o
 .text.TIM_OC4_SetConfig
                0x08004938       0xc0 ./Drivers/STM32F4xx_HAL_Driver/Src/stm32f4xx_hal_tim.o
 .text.TIM_TI1_ConfigInputStage
                0x080049f8       0x64 ./Drivers/STM32F4xx_HAL_Driver/Src/stm32f4xx_hal_tim.o
 .text.TIM_TI2_ConfigInputStage
                0x08004a5c       0x68 ./Drivers/STM32F4xx_HAL_Driver/Src/stm32f4xx_hal_tim.o
 .text.TIM_ITRx_SetConfig
                0x08004ac4       0x40 ./Drivers/STM32F4xx_HAL_Driver/Src/stm32f4xx_hal_tim.o
 .text.TIM_ETR_SetConfig
                0x08004b04       0x44 ./Drivers/STM32F4xx_HAL_Driver/Src/stm32f4xx_hal_tim.o
 .text.FSMC_NORSRAM_Init
                0x08004b48       0x9c ./Drivers/STM32F4xx_HAL_Driver/Src/stm32f4xx_ll_fsmc.o
                0x08004b48                FSMC_NORSRAM_Init
 .text.FSMC_NORSRAM_Timing_Init
                0x08004be4       0x7c ./Drivers/STM32F4xx_HAL_Driver/Src/stm32f4xx_ll_fsmc.o
                0x08004be4                FSMC_NORSRAM_Timing_Init
 .text.FSMC_NORSRAM_Extended_Timing_Init
                0x08004c60       0x90 ./Drivers/STM32F4xx_HAL_Driver/Src/stm32f4xx_ll_fsmc.o
                0x08004c60                FSMC_NORSRAM_Extended_Timing_Init
 .text.Reset_Handler
                0x08004cf0       0x50 ./Drivers/CMSIS/Device/ST/STM32F4xx/Source/Templates/gcc/startup_stm32f407xx.o
                0x08004cf0                Reset_Handler
 .text.Default_Handler
                0x08004d40        0x2 ./Drivers/CMSIS/Device/ST/STM32F4xx/Source/Templates/gcc/startup_stm32f407xx.o
                0x08004d40                RTC_Alarm_IRQHandler
                0x08004d40                HASH_RNG_IRQHandler
                0x08004d40                TIM8_CC_IRQHandler
                0x08004d40                DebugMon_Handler
                0x08004d40                TIM1_CC_IRQHandler
                0x08004d40                DMA2_Stream5_IRQHandler
                0x08004d40                HardFault_Handler
                0x08004d40                DMA1_Stream5_IRQHandler
                0x08004d40                PVD_IRQHandler
                0x08004d40                SDIO_IRQHandler
                0x08004d40                TAMP_STAMP_IRQHandler
                0x08004d40                PendSV_Handler
                0x08004d40                NMI_Handler
                0x08004d40                CAN2_RX1_IRQHandler
                0x08004d40                EXTI3_IRQHandler
                0x08004d40                TIM8_TRG_COM_TIM14_IRQHandler
                0x08004d40                TIM1_UP_TIM10_IRQHandler
                0x08004d40                TIM8_UP_TIM13_IRQHandler
                0x08004d40                I2C3_ER_IRQHandler
                0x08004d40                EXTI0_IRQHandler
                0x08004d40                I2C2_EV_IRQHandler
                0x08004d40                DMA1_Stream2_IRQHandler
                0x08004d40                CAN1_RX0_IRQHandler
                0x08004d40                FPU_IRQHandler
                0x08004d40                OTG_HS_WKUP_IRQHandler
                0x08004d40                UsageFault_Handler
                0x08004d40                CAN2_SCE_IRQHandler
                0x08004d40                DMA2_Stream2_IRQHandler
                0x08004d40                SPI1_IRQHandler
                0x08004d40                TIM6_DAC_IRQHandler
                0x08004d40                TIM1_BRK_TIM9_IRQHandler
                0x08004d40                DCMI_IRQHandler
                0x08004d40                CAN2_RX0_IRQHandler
                0x08004d40                DMA2_Stream3_IRQHandler
                0x08004d40                USART6_IRQHandler
                0x08004d40                USART3_IRQHandler
                0x08004d40                CAN1_RX1_IRQHandler
                0x08004d40                UART5_IRQHandler
                0x08004d40                DMA2_Stream0_IRQHandler
                0x08004d40                TIM4_IRQHandler
                0x08004d40                I2C1_EV_IRQHandler
                0x08004d40                DMA1_Stream6_IRQHandler
                0x08004d40                DMA1_Stream1_IRQHandler
                0x08004d40                UART4_IRQHandler
                0x08004d40                TIM3_IRQHandler
                0x08004d40                RCC_IRQHandler
                0x08004d40                TIM8_BRK_TIM12_IRQHandler
                0x08004d40                Default_Handler
                0x08004d40                EXTI15_10_IRQHandler
                0x08004d40                DMA1_Stream7_IRQHandler
                0x08004d40                TIM7_IRQHandler
                0x08004d40                CAN2_TX_IRQHandler
                0x08004d40                TIM5_IRQHandler
                0x08004d40                DMA2_Stream7_IRQHandler
                0x08004d40                I2C3_EV_IRQHandler
                0x08004d40                EXTI9_5_IRQHandler
                0x08004d40                RTC_WKUP_IRQHandler
                0x08004d40                ETH_WKUP_IRQHandler
                0x08004d40                SPI2_IRQHandler
                0x08004d40                OTG_HS_EP1_IN_IRQHandler
                0x08004d40                MemManage_Handler
                0x08004d40                DMA1_Stream0_IRQHandler
                0x08004d40                CAN1_TX_IRQHandler
                0x08004d40                SVC_Handler
                0x08004d40                EXTI4_IRQHandler
                0x08004d40                FSMC_IRQHandler
                0x08004d40                ETH_IRQHandler
                0x08004d40                OTG_HS_EP1_OUT_IRQHandler
                0x08004d40                WWDG_IRQHandler
                0x08004d40                TIM2_IRQHandler
                0x08004d40                OTG_FS_WKUP_IRQHandler
                0x08004d40                TIM1_TRG_COM_TIM11_IRQHandler
                0x08004d40                OTG_HS_IRQHandler
                0x08004d40                EXTI1_IRQHandler
                0x08004d40                USART2_IRQHandler
                0x08004d40                I2C2_ER_IRQHandler
                0x08004d40                DMA2_Stream1_IRQHandler
                0x08004d40                CAN1_SCE_IRQHandler
                0x08004d40                FLASH_IRQHandler
                0x08004d40                DMA2_Stream4_IRQHandler
                0x08004d40                BusFault_Handler
                0x08004d40                USART1_IRQHandler
                0x08004d40                OTG_FS_IRQHandler
                0x08004d40                SPI3_IRQHandler
                0x08004d40                DMA1_Stream4_IRQHandler
                0x08004d40                I2C1_ER_IRQHandler
                0x08004d40                DMA2_Stream6_IRQHandler
                0x08004d40                DMA1_Stream3_IRQHandler
 *fill*         0x08004d42        0x2 
 .text.SystemInit
                0x08004d44       0x6c ./Drivers/CMSIS/Device/ST/STM32F4xx/Source/Templates/system_stm32f4xx.o
                0x08004d44                SystemInit
 .text.WINDOW_Callback
                0x08004db0      0x12c C:\stm32ws\vva_tstat\STemWin\lib\libSTemWin526_CM4_GCC.a(WINDOW.o)
                0x08004db0                WINDOW_Callback
 .text.WINDOW_SetBkColor
                0x08004edc       0x20 C:\stm32ws\vva_tstat\STemWin\lib\libSTemWin526_CM4_GCC.a(WINDOW.o)
                0x08004edc                WINDOW_SetBkColor
 .text.WINDOW_CreateUser
                0x08004efc       0x54 C:\stm32ws\vva_tstat\STemWin\lib\libSTemWin526_CM4_GCC.a(WINDOW.o)
                0x08004efc                WINDOW_CreateUser
 .text.WINDOW_CreateIndirect
                0x08004f50       0x3e C:\stm32ws\vva_tstat\STemWin\lib\libSTemWin526_CM4_GCC.a(WINDOW.o)
                0x08004f50                WINDOW_CreateIndirect
 .text._EffectRequiresRedraw
                0x08004f8e       0x5e C:\stm32ws\vva_tstat\STemWin\lib\libSTemWin526_CM4_GCC.a(WIDGET.o)
 .text.WIDGET__RotateRect90
                0x08004fec       0x24 C:\stm32ws\vva_tstat\STemWin\lib\libSTemWin526_CM4_GCC.a(WIDGET.o)
                0x08004fec                WIDGET__RotateRect90
 .text.WIDGET__GetClientRect
                0x08005010       0x36 C:\stm32ws\vva_tstat\STemWin\lib\libSTemWin526_CM4_GCC.a(WIDGET.o)
                0x08005010                WIDGET__GetClientRect
 .text.WIDGET__GetInsideRect
                0x08005046       0x1a C:\stm32ws\vva_tstat\STemWin\lib\libSTemWin526_CM4_GCC.a(WIDGET.o)
                0x08005046                WIDGET__GetInsideRect
 .text.WIDGET__GetWindowSizeX
                0x08005060       0x2c C:\stm32ws\vva_tstat\STemWin\lib\libSTemWin526_CM4_GCC.a(WIDGET.o)
                0x08005060                WIDGET__GetWindowSizeX
 .text.WIDGET_SetState
                0x0800508c       0x22 C:\stm32ws\vva_tstat\STemWin\lib\libSTemWin526_CM4_GCC.a(WIDGET.o)
                0x0800508c                WIDGET_SetState
 .text.WIDGET_OrState
                0x080050ae       0x2a C:\stm32ws\vva_tstat\STemWin\lib\libSTemWin526_CM4_GCC.a(WIDGET.o)
                0x080050ae                WIDGET_OrState
 .text.WIDGET_AndState
                0x080050d8       0x28 C:\stm32ws\vva_tstat\STemWin\lib\libSTemWin526_CM4_GCC.a(WIDGET.o)
                0x080050d8                WIDGET_AndState
 .text.WIDGET__Init
                0x08005100       0x10 C:\stm32ws\vva_tstat\STemWin\lib\libSTemWin526_CM4_GCC.a(WIDGET.o)
                0x08005100                WIDGET__Init
 .text.WIDGET_HandleActive
                0x08005110      0x13c C:\stm32ws\vva_tstat\STemWin\lib\libSTemWin526_CM4_GCC.a(WIDGET.o)
                0x08005110                WIDGET_HandleActive
 .text.WIDGET__DrawFocusRect
                0x0800524c       0x24 C:\stm32ws\vva_tstat\STemWin\lib\libSTemWin526_CM4_GCC.a(WIDGET.o)
                0x0800524c                WIDGET__DrawFocusRect
 .text.WIDGET__DrawVLine
                0x08005270       0x44 C:\stm32ws\vva_tstat\STemWin\lib\libSTemWin526_CM4_GCC.a(WIDGET.o)
                0x08005270                WIDGET__DrawVLine
 .text.WIDGET__FillRectEx
                0x080052b4       0x1e C:\stm32ws\vva_tstat\STemWin\lib\libSTemWin526_CM4_GCC.a(WIDGET.o)
                0x080052b4                WIDGET__FillRectEx
 .text.WIDGET__EFFECT_DrawDownRect
                0x080052d2       0x3a C:\stm32ws\vva_tstat\STemWin\lib\libSTemWin526_CM4_GCC.a(WIDGET.o)
                0x080052d2                WIDGET__EFFECT_DrawDownRect
 .text.WIDGET__EFFECT_DrawUpRect
                0x0800530c       0x2e C:\stm32ws\vva_tstat\STemWin\lib\libSTemWin526_CM4_GCC.a(WIDGET.o)
                0x0800530c                WIDGET__EFFECT_DrawUpRect
 .text.TEXT_SetTextColor
                0x0800533a       0x24 C:\stm32ws\vva_tstat\STemWin\lib\libSTemWin526_CM4_GCC.a(TEXT_SetTextColor.o)
                0x0800533a                TEXT_SetTextColor
 .text.TEXT_SetTextAlign
                0x0800535e       0x24 C:\stm32ws\vva_tstat\STemWin\lib\libSTemWin526_CM4_GCC.a(TEXT_SetTextAlign.o)
                0x0800535e                TEXT_SetTextAlign
 .text.TEXT_SetText
                0x08005382       0x50 C:\stm32ws\vva_tstat\STemWin\lib\libSTemWin526_CM4_GCC.a(TEXT_SetText.o)
                0x08005382                TEXT_SetText
 .text.TEXT_SetFont
                0x080053d2       0x24 C:\stm32ws\vva_tstat\STemWin\lib\libSTemWin526_CM4_GCC.a(TEXT_SetFont.o)
                0x080053d2                TEXT_SetFont
 .text.TEXT_CreateIndirect
                0x080053f6       0x3e C:\stm32ws\vva_tstat\STemWin\lib\libSTemWin526_CM4_GCC.a(TEXT_CreateIndirect.o)
                0x080053f6                TEXT_CreateIndirect
 .text.TEXT_Callback
                0x08005434       0xc6 C:\stm32ws\vva_tstat\STemWin\lib\libSTemWin526_CM4_GCC.a(TEXT.o)
                0x08005434                TEXT_Callback
 *fill*         0x080054fa        0x2 
 .text.TEXT_CreateUser
                0x080054fc       0x90 C:\stm32ws\vva_tstat\STemWin\lib\libSTemWin526_CM4_GCC.a(TEXT.o)
                0x080054fc                TEXT_CreateUser
 .text.SLIDER_DrawSkinFlex
                0x0800558c      0x3cc C:\stm32ws\vva_tstat\STemWin\lib\libSTemWin526_CM4_GCC.a(SLIDER_SkinFlex.o)
                0x0800558c                SLIDER_DrawSkinFlex
 .text._Create  0x08005958       0x28 C:\stm32ws\vva_tstat\STemWin\lib\libSTemWin526_CM4_GCC.a(SLIDER_Skin.o)
 .text._Paint   0x08005980      0x1ce C:\stm32ws\vva_tstat\STemWin\lib\libSTemWin526_CM4_GCC.a(SLIDER_Skin.o)
 *fill*         0x08005b4e        0x2 
 .text.SLIDER_SetDefaultSkin
                0x08005b50       0x1c C:\stm32ws\vva_tstat\STemWin\lib\libSTemWin526_CM4_GCC.a(SLIDER_Skin.o)
                0x08005b50                SLIDER_SetDefaultSkin
 .text.SLIDER_CreateIndirect
                0x08005b6c       0x3a C:\stm32ws\vva_tstat\STemWin\lib\libSTemWin526_CM4_GCC.a(SLIDER_CreateIndirect.o)
                0x08005b6c                SLIDER_CreateIndirect
 *fill*         0x08005ba6        0x2 
 .text.SLIDER_CreateUser
                0x08005ba8       0x90 C:\stm32ws\vva_tstat\STemWin\lib\libSTemWin526_CM4_GCC.a(SLIDER.o)
                0x08005ba8                SLIDER_CreateUser
 .text.SLIDER_Dec
                0x08005c38       0x3a C:\stm32ws\vva_tstat\STemWin\lib\libSTemWin526_CM4_GCC.a(SLIDER.o)
                0x08005c38                SLIDER_Dec
 .text.SLIDER_GetFlag
                0x08005c72       0x22 C:\stm32ws\vva_tstat\STemWin\lib\libSTemWin526_CM4_GCC.a(SLIDER.o)
                0x08005c72                SLIDER_GetFlag
 .text.SLIDER_Inc
                0x08005c94       0x3a C:\stm32ws\vva_tstat\STemWin\lib\libSTemWin526_CM4_GCC.a(SLIDER.o)
                0x08005c94                SLIDER_Inc
 .text.SLIDER_SetValue
                0x08005cce       0x4a C:\stm32ws\vva_tstat\STemWin\lib\libSTemWin526_CM4_GCC.a(SLIDER.o)
                0x08005cce                SLIDER_SetValue
 .text.SLIDER_Callback
                0x08005d18      0x162 C:\stm32ws\vva_tstat\STemWin\lib\libSTemWin526_CM4_GCC.a(SLIDER.o)
                0x08005d18                SLIDER_Callback
 *fill*         0x08005e7a        0x2 
 .text.PROGBAR_DrawSkinFlex
                0x08005e7c      0x158 C:\stm32ws\vva_tstat\STemWin\lib\libSTemWin526_CM4_GCC.a(PROGBAR_SkinFlex.o)
                0x08005e7c                PROGBAR_DrawSkinFlex
 .text._Create  0x08005fd4       0x2c C:\stm32ws\vva_tstat\STemWin\lib\libSTemWin526_CM4_GCC.a(PROGBAR_Skin.o)
 .text._Paint   0x08006000      0x144 C:\stm32ws\vva_tstat\STemWin\lib\libSTemWin526_CM4_GCC.a(PROGBAR_Skin.o)
 .text.PROGBAR_SetDefaultSkin
                0x08006144       0x1c C:\stm32ws\vva_tstat\STemWin\lib\libSTemWin526_CM4_GCC.a(PROGBAR_Skin.o)
                0x08006144                PROGBAR_SetDefaultSkin
 .text.PROGBAR_CreateIndirect
                0x08006160       0x3a C:\stm32ws\vva_tstat\STemWin\lib\libSTemWin526_CM4_GCC.a(PROGBAR_CreateIndirect.o)
                0x08006160                PROGBAR_CreateIndirect
 .text._SetValue
                0x0800619a       0x2c C:\stm32ws\vva_tstat\STemWin\lib\libSTemWin526_CM4_GCC.a(PROGBAR.o)
 .text.PROGBAR_Callback
                0x080061c6       0x58 C:\stm32ws\vva_tstat\STemWin\lib\libSTemWin526_CM4_GCC.a(PROGBAR.o)
                0x080061c6                PROGBAR_Callback
 .text.PROGBAR__GetTextLocked
                0x0800621e        0x6 C:\stm32ws\vva_tstat\STemWin\lib\libSTemWin526_CM4_GCC.a(PROGBAR.o)
                0x0800621e                PROGBAR__GetTextLocked
 .text.PROGBAR__GetTextRect
                0x08006224       0x86 C:\stm32ws\vva_tstat\STemWin\lib\libSTemWin526_CM4_GCC.a(PROGBAR.o)
                0x08006224                PROGBAR__GetTextRect
 .text.PROGBAR__Value2Pos
                0x080062aa       0x4c C:\stm32ws\vva_tstat\STemWin\lib\libSTemWin526_CM4_GCC.a(PROGBAR.o)
                0x080062aa                PROGBAR__Value2Pos
 *fill*         0x080062f6        0x2 
 .text.PROGBAR_CreateUser
                0x080062f8       0xbc C:\stm32ws\vva_tstat\STemWin\lib\libSTemWin526_CM4_GCC.a(PROGBAR.o)
                0x080062f8                PROGBAR_CreateUser
 .text.PROGBAR_SetValue
                0x080063b4      0x154 C:\stm32ws\vva_tstat\STemWin\lib\libSTemWin526_CM4_GCC.a(PROGBAR.o)
                0x080063b4                PROGBAR_SetValue
 .text._GetImageSize
                0x08006508       0x2a C:\stm32ws\vva_tstat\STemWin\lib\libSTemWin526_CM4_GCC.a(IMAGE_BMP.o)
 .text._DrawImageAt
                0x08006532       0x24 C:\stm32ws\vva_tstat\STemWin\lib\libSTemWin526_CM4_GCC.a(IMAGE_BMP.o)
 *fill*         0x08006556        0x2 
 .text.IMAGE_SetBMP
                0x08006558       0x48 C:\stm32ws\vva_tstat\STemWin\lib\libSTemWin526_CM4_GCC.a(IMAGE_BMP.o)
                0x08006558                IMAGE_SetBMP
 .text._Paint   0x080065a0       0x26 C:\stm32ws\vva_tstat\STemWin\lib\libSTemWin526_CM4_GCC.a(IMAGE.o)
 .text._PaintTiled
                0x080065c6       0xce C:\stm32ws\vva_tstat\STemWin\lib\libSTemWin526_CM4_GCC.a(IMAGE.o)
 .text.IMAGE__FreeAttached
                0x08006694       0x30 C:\stm32ws\vva_tstat\STemWin\lib\libSTemWin526_CM4_GCC.a(IMAGE.o)
                0x08006694                IMAGE__FreeAttached
 .text.IMAGE_Callback
                0x080066c4      0x1d8 C:\stm32ws\vva_tstat\STemWin\lib\libSTemWin526_CM4_GCC.a(IMAGE.o)
                0x080066c4                IMAGE_Callback
 .text.IMAGE__SetWindowSize
                0x0800689c       0x30 C:\stm32ws\vva_tstat\STemWin\lib\libSTemWin526_CM4_GCC.a(IMAGE.o)
                0x0800689c                IMAGE__SetWindowSize
 .text.IMAGE_CreateUser
                0x080068cc       0x98 C:\stm32ws\vva_tstat\STemWin\lib\libSTemWin526_CM4_GCC.a(IMAGE.o)
                0x080068cc                IMAGE_CreateUser
 .text.IMAGE_CreateIndirect
                0x08006964       0x3a C:\stm32ws\vva_tstat\STemWin\lib\libSTemWin526_CM4_GCC.a(IMAGE.o)
                0x08006964                IMAGE_CreateIndirect
 .text.GUI_CreateDialogBox
                0x0800699e       0x9e C:\stm32ws\vva_tstat\STemWin\lib\libSTemWin526_CM4_GCC.a(DIALOG.o)
                0x0800699e                GUI_CreateDialogBox
 .text.BUTTON_DrawSkinFlex
                0x08006a3c      0x238 C:\stm32ws\vva_tstat\STemWin\lib\libSTemWin526_CM4_GCC.a(BUTTON_SkinFlex.o)
                0x08006a3c                BUTTON_DrawSkinFlex
 .text._Create  0x08006c74       0x36 C:\stm32ws\vva_tstat\STemWin\lib\libSTemWin526_CM4_GCC.a(BUTTON_Skin.o)
 .text._Paint   0x08006caa       0x88 C:\stm32ws\vva_tstat\STemWin\lib\libSTemWin526_CM4_GCC.a(BUTTON_Skin.o)
 *fill*         0x08006d32        0x2 
 .text.BUTTON_SetDefaultSkin
                0x08006d34       0x1c C:\stm32ws\vva_tstat\STemWin\lib\libSTemWin526_CM4_GCC.a(BUTTON_Skin.o)
                0x08006d34                BUTTON_SetDefaultSkin
 .text.BUTTON_CreateIndirect
                0x08006d50       0x46 C:\stm32ws\vva_tstat\STemWin\lib\libSTemWin526_CM4_GCC.a(BUTTON_CreateIndirect.o)
                0x08006d50                BUTTON_CreateIndirect
 .text._OnButtonPressed
                0x08006d96       0x2e C:\stm32ws\vva_tstat\STemWin\lib\libSTemWin526_CM4_GCC.a(BUTTON.o)
 .text._OnButtonReleased
                0x08006dc4       0x3c C:\stm32ws\vva_tstat\STemWin\lib\libSTemWin526_CM4_GCC.a(BUTTON.o)
 .text._OnTouchDefault
                0x08006e00       0x40 C:\stm32ws\vva_tstat\STemWin\lib\libSTemWin526_CM4_GCC.a(BUTTON.o)
 .text.BUTTON_Callback
                0x08006e40       0xd8 C:\stm32ws\vva_tstat\STemWin\lib\libSTemWin526_CM4_GCC.a(BUTTON.o)
                0x08006e40                BUTTON_Callback
 .text.BUTTON_CreateUser
                0x08006f18       0x70 C:\stm32ws\vva_tstat\STemWin\lib\libSTemWin526_CM4_GCC.a(BUTTON.o)
                0x08006f18                BUTTON_CreateUser
 .text.BUTTON_SetText
                0x08006f88       0x50 C:\stm32ws\vva_tstat\STemWin\lib\libSTemWin526_CM4_GCC.a(BUTTON.o)
                0x08006f88                BUTTON_SetText
 .text.BUTTON_SetFont
                0x08006fd8       0x22 C:\stm32ws\vva_tstat\STemWin\lib\libSTemWin526_CM4_GCC.a(BUTTON.o)
                0x08006fd8                BUTTON_SetFont
 .text.WM__UpdateChildPositions
                0x08006ffa      0x104 C:\stm32ws\vva_tstat\STemWin\lib\libSTemWin526_CM4_GCC.a(WM__UpdateChildPositions.o)
                0x08006ffa                WM__UpdateChildPositions
 .text.WM__Screen2Client
                0x080070fe       0x12 C:\stm32ws\vva_tstat\STemWin\lib\libSTemWin526_CM4_GCC.a(WM__Screen2Client.o)
                0x080070fe                WM__Screen2Client
 .text.WM__IsEnabled
                0x08007110       0x12 C:\stm32ws\vva_tstat\STemWin\lib\libSTemWin526_CM4_GCC.a(WM__IsEnabled.o)
                0x08007110                WM__IsEnabled
 .text.WM__IsAncestor
                0x08007122       0x22 C:\stm32ws\vva_tstat\STemWin\lib\libSTemWin526_CM4_GCC.a(WM__IsAncestor.o)
                0x08007122                WM__IsAncestor
 .text.WM__IsAncestorOrSelf
                0x08007144        0xc C:\stm32ws\vva_tstat\STemWin\lib\libSTemWin526_CM4_GCC.a(WM__IsAncestor.o)
                0x08007144                WM__IsAncestorOrSelf
 .text.WM_InvalidateWindowAndDescs
                0x08007150       0x26 C:\stm32ws\vva_tstat\STemWin\lib\libSTemWin526_CM4_GCC.a(WM_Show.o)
                0x08007150                WM_InvalidateWindowAndDescs
 .text.WM_ShowWindow
                0x08007176       0x26 C:\stm32ws\vva_tstat\STemWin\lib\libSTemWin526_CM4_GCC.a(WM_Show.o)
                0x08007176                WM_ShowWindow
 .text.WM_SetUserClipRect
                0x0800719c       0x18 C:\stm32ws\vva_tstat\STemWin\lib\libSTemWin526_CM4_GCC.a(WM_SetUserClipRect.o)
                0x0800719c                WM_SetUserClipRect
 .text.WM_SetHasTrans
                0x080071b4       0x3c C:\stm32ws\vva_tstat\STemWin\lib\libSTemWin526_CM4_GCC.a(WM_SetTrans.o)
                0x080071b4                WM_SetHasTrans
 .text.WM_GetHasTrans
                0x080071f0       0x12 C:\stm32ws\vva_tstat\STemWin\lib\libSTemWin526_CM4_GCC.a(WM_SetTrans.o)
                0x080071f0                WM_GetHasTrans
 .text.WM_SetSize
                0x08007202       0x48 C:\stm32ws\vva_tstat\STemWin\lib\libSTemWin526_CM4_GCC.a(WM_SetSize.o)
                0x08007202                WM_SetSize
 .text._GetPrevChild
                0x0800724a       0x1e C:\stm32ws\vva_tstat\STemWin\lib\libSTemWin526_CM4_GCC.a(WM_SetFocusOnPrevChild.o)
 .text.WM_SetFocusOnPrevChild
                0x08007268       0x3a C:\stm32ws\vva_tstat\STemWin\lib\libSTemWin526_CM4_GCC.a(WM_SetFocusOnPrevChild.o)
                0x08007268                WM_SetFocusOnPrevChild
 .text._GetNextChild
                0x080072a2       0x26 C:\stm32ws\vva_tstat\STemWin\lib\libSTemWin526_CM4_GCC.a(WM_SetFocusOnNextChild.o)
 .text.WM_SetFocusOnNextChild
                0x080072c8       0x64 C:\stm32ws\vva_tstat\STemWin\lib\libSTemWin526_CM4_GCC.a(WM_SetFocusOnNextChild.o)
                0x080072c8                WM_SetFocusOnNextChild
 .text.WM_SetFocus
                0x0800732c       0x9c C:\stm32ws\vva_tstat\STemWin\lib\libSTemWin526_CM4_GCC.a(WM_SetFocus.o)
                0x0800732c                WM_SetFocus
 .text.WM__ReleaseCapture
                0x080073c8       0x34 C:\stm32ws\vva_tstat\STemWin\lib\libSTemWin526_CM4_GCC.a(WM_SetCapture.o)
 .text.WM_SetCapture
                0x080073fc       0x34 C:\stm32ws\vva_tstat\STemWin\lib\libSTemWin526_CM4_GCC.a(WM_SetCapture.o)
                0x080073fc                WM_SetCapture
 .text.WM_ReleaseCapture
                0x08007430        0x4 C:\stm32ws\vva_tstat\STemWin\lib\libSTemWin526_CM4_GCC.a(WM_SetCapture.o)
                0x08007430                WM_ReleaseCapture
 .text.WM_SendMessageNoPara
                0x08007434        0x4 C:\stm32ws\vva_tstat\STemWin\lib\libSTemWin526_CM4_GCC.a(WM_SendMessageNoPara.o)
                0x08007434                WM_SendMessageNoPara
 .text.WM_ResizeWindow
                0x08007438       0xf4 C:\stm32ws\vva_tstat\STemWin\lib\libSTemWin526_CM4_GCC.a(WM_ResizeWindow.o)
                0x08007438                WM_ResizeWindow
 .text.WM_NotifyParent
                0x0800752c       0x12 C:\stm32ws\vva_tstat\STemWin\lib\libSTemWin526_CM4_GCC.a(WM_NotifyParent.o)
                0x0800752c                WM_NotifyParent
 .text._MoveDescendents
                0x0800753e       0x6c C:\stm32ws\vva_tstat\STemWin\lib\libSTemWin526_CM4_GCC.a(WM_Move.o)
 .text.WM__MoveWindow
                0x080075aa       0xa4 C:\stm32ws\vva_tstat\STemWin\lib\libSTemWin526_CM4_GCC.a(WM_Move.o)
                0x080075aa                WM__MoveWindow
 .text.WM_MoveWindow
                0x0800764e        0x4 C:\stm32ws\vva_tstat\STemWin\lib\libSTemWin526_CM4_GCC.a(WM_Move.o)
                0x0800764e                WM_MoveWindow
 .text.WM_IsWindow
                0x08007652        0x4 C:\stm32ws\vva_tstat\STemWin\lib\libSTemWin526_CM4_GCC.a(WM_IsWindow.o)
                0x08007652                WM_IsWindow
 .text.WM_IsFocussable
                0x08007656       0x1e C:\stm32ws\vva_tstat\STemWin\lib\libSTemWin526_CM4_GCC.a(WM_IsFocussable.o)
                0x08007656                WM_IsFocussable
 .text.WM__GetWindowSizeX
                0x08007674        0xe C:\stm32ws\vva_tstat\STemWin\lib\libSTemWin526_CM4_GCC.a(WM_GetWindowSize.o)
                0x08007674                WM__GetWindowSizeX
 .text.WM__GetWindowSizeY
                0x08007682        0xe C:\stm32ws\vva_tstat\STemWin\lib\libSTemWin526_CM4_GCC.a(WM_GetWindowSize.o)
                0x08007682                WM__GetWindowSizeY
 .text.WM_GetWindowSizeX
                0x08007690       0x28 C:\stm32ws\vva_tstat\STemWin\lib\libSTemWin526_CM4_GCC.a(WM_GetWindowSize.o)
                0x08007690                WM_GetWindowSizeX
 .text.WM_GetWindowSizeY
                0x080076b8       0x28 C:\stm32ws\vva_tstat\STemWin\lib\libSTemWin526_CM4_GCC.a(WM_GetWindowSize.o)
                0x080076b8                WM_GetWindowSizeY
 .text.WM_GetParent
                0x080076e0       0x10 C:\stm32ws\vva_tstat\STemWin\lib\libSTemWin526_CM4_GCC.a(WM_GetParent.o)
                0x080076e0                WM_GetParent
 .text.WM_GetId
                0x080076f0       0x20 C:\stm32ws\vva_tstat\STemWin\lib\libSTemWin526_CM4_GCC.a(WM_GetId.o)
                0x080076f0                WM_GetId
 .text.WM_GetFocussedWindow
                0x08007710       0x14 C:\stm32ws\vva_tstat\STemWin\lib\libSTemWin526_CM4_GCC.a(WM_GetFocussedWindow.o)
                0x08007710                WM_GetFocussedWindow
 .text.WM_GetFirstChild
                0x08007724       0x10 C:\stm32ws\vva_tstat\STemWin\lib\libSTemWin526_CM4_GCC.a(WM_GetFirstChild.o)
                0x08007724                WM_GetFirstChild
 .text._GetDialogItem
                0x08007734       0x3c C:\stm32ws\vva_tstat\STemWin\lib\libSTemWin526_CM4_GCC.a(WM_GetDialogItem.o)
 .text.WM_GetDialogItem
                0x08007770        0x8 C:\stm32ws\vva_tstat\STemWin\lib\libSTemWin526_CM4_GCC.a(WM_GetDialogItem.o)
                0x08007770                WM_GetDialogItem
 .text.WM_GetDesktopWindow
                0x08007778       0x18 C:\stm32ws\vva_tstat\STemWin\lib\libSTemWin526_CM4_GCC.a(WM_GetDesktopWindow.o)
                0x08007778                WM_GetDesktopWindow
 .text.WM_GetClientWindow
                0x08007790       0x1a C:\stm32ws\vva_tstat\STemWin\lib\libSTemWin526_CM4_GCC.a(WM_GetClientWindow.o)
                0x08007790                WM_GetClientWindow
 .text.WM__GetClientRectEx
                0x080077aa       0x20 C:\stm32ws\vva_tstat\STemWin\lib\libSTemWin526_CM4_GCC.a(WM_GetClientRect.o)
                0x080077aa                WM__GetClientRectEx
 .text.WM_GetClientRectEx
                0x080077ca        0x4 C:\stm32ws\vva_tstat\STemWin\lib\libSTemWin526_CM4_GCC.a(WM_GetClientRect.o)
                0x080077ca                WM_GetClientRectEx
 *fill*         0x080077ce        0x2 
 .text.WM_GetClientRect
                0x080077d0       0x1c C:\stm32ws\vva_tstat\STemWin\lib\libSTemWin526_CM4_GCC.a(WM_GetClientRect.o)
                0x080077d0                WM_GetClientRect
 .text._cbInvalidateOne
                0x080077ec        0x4 C:\stm32ws\vva_tstat\STemWin\lib\libSTemWin526_CM4_GCC.a(WM_BringToTop.o)
 .text.WM_BringToTop
                0x080077f0       0x74 C:\stm32ws\vva_tstat\STemWin\lib\libSTemWin526_CM4_GCC.a(WM_BringToTop.o)
                0x080077f0                WM_BringToTop
 .text._OnExit  0x08007864       0x50 C:\stm32ws\vva_tstat\STemWin\lib\libSTemWin526_CM4_GCC.a(WM.o)
 .text._Paint1  0x080078b4       0x24 C:\stm32ws\vva_tstat\STemWin\lib\libSTemWin526_CM4_GCC.a(WM.o)
 .text._Paint1Trans
                0x080078d8       0x94 C:\stm32ws\vva_tstat\STemWin\lib\libSTemWin526_CM4_GCC.a(WM.o)
 .text._PaintTransChildren
                0x0800796c       0xac C:\stm32ws\vva_tstat\STemWin\lib\libSTemWin526_CM4_GCC.a(WM.o)
 .text._Findy1  0x08007a18       0xac C:\stm32ws\vva_tstat\STemWin\lib\libSTemWin526_CM4_GCC.a(WM.o)
 .text._Findx0  0x08007ac4       0x8a C:\stm32ws\vva_tstat\STemWin\lib\libSTemWin526_CM4_GCC.a(WM.o)
 .text._Findx1  0x08007b4e       0x76 C:\stm32ws\vva_tstat\STemWin\lib\libSTemWin526_CM4_GCC.a(WM.o)
 .text.WM__PaintWinAndOverlays
                0x08007bc4       0x74 C:\stm32ws\vva_tstat\STemWin\lib\libSTemWin526_CM4_GCC.a(WM.o)
 .text._cbPaintMemDev
                0x08007c38       0x58 C:\stm32ws\vva_tstat\STemWin\lib\libSTemWin526_CM4_GCC.a(WM.o)
 .text.WM__ClipAtParentBorders
                0x08007c90       0x60 C:\stm32ws\vva_tstat\STemWin\lib\libSTemWin526_CM4_GCC.a(WM.o)
                0x08007c90                WM__ClipAtParentBorders
 .text.WM__InsertWindowIntoList
                0x08007cf0       0x9c C:\stm32ws\vva_tstat\STemWin\lib\libSTemWin526_CM4_GCC.a(WM.o)
                0x08007cf0                WM__InsertWindowIntoList
 .text.WM__RemoveWindowFromList
                0x08007d8c       0x3c C:\stm32ws\vva_tstat\STemWin\lib\libSTemWin526_CM4_GCC.a(WM.o)
                0x08007d8c                WM__RemoveWindowFromList
 .text.WM__Client2Screen
                0x08007dc8       0x10 C:\stm32ws\vva_tstat\STemWin\lib\libSTemWin526_CM4_GCC.a(WM.o)
                0x08007dc8                WM__Client2Screen
 .text._SetClipRectUserIntersect
                0x08007dd8       0x50 C:\stm32ws\vva_tstat\STemWin\lib\libSTemWin526_CM4_GCC.a(WM.o)
 .text.WM__ActivateClipRect
                0x08007e28       0x48 C:\stm32ws\vva_tstat\STemWin\lib\libSTemWin526_CM4_GCC.a(WM.o)
                0x08007e28                WM__ActivateClipRect
 .text.WM__IsWindow
                0x08007e70       0x20 C:\stm32ws\vva_tstat\STemWin\lib\libSTemWin526_CM4_GCC.a(WM.o)
                0x08007e70                WM__IsWindow
 .text.WM__InvalidateDrawAndDescs
                0x08007e90       0x50 C:\stm32ws\vva_tstat\STemWin\lib\libSTemWin526_CM4_GCC.a(WM.o)
                0x08007e90                WM__InvalidateDrawAndDescs
 .text.WM__RemoveFromLinList
                0x08007ee0       0x28 C:\stm32ws\vva_tstat\STemWin\lib\libSTemWin526_CM4_GCC.a(WM.o)
                0x08007ee0                WM__RemoveFromLinList
 .text.WM__RectIsNZ
                0x08007f08       0x22 C:\stm32ws\vva_tstat\STemWin\lib\libSTemWin526_CM4_GCC.a(WM.o)
                0x08007f08                WM__RectIsNZ
 *fill*         0x08007f2a        0x2 
 .text._Invalidate1Abs
                0x08007f2c       0x88 C:\stm32ws\vva_tstat\STemWin\lib\libSTemWin526_CM4_GCC.a(WM.o)
 .text.WM_InvalidateWindowAndDescsEx
                0x08007fb4       0x5c C:\stm32ws\vva_tstat\STemWin\lib\libSTemWin526_CM4_GCC.a(WM.o)
                0x08007fb4                WM_InvalidateWindowAndDescsEx
 .text.WM__InvalidateRect
                0x08008010       0x76 C:\stm32ws\vva_tstat\STemWin\lib\libSTemWin526_CM4_GCC.a(WM.o)
                0x08008010                WM__InvalidateRect
 .text.WM__InvalidateRectEx
                0x08008086        0x6 C:\stm32ws\vva_tstat\STemWin\lib\libSTemWin526_CM4_GCC.a(WM.o)
                0x08008086                WM__InvalidateRectEx
 .text.WM__DetachWindow
                0x0800808c       0x28 C:\stm32ws\vva_tstat\STemWin\lib\libSTemWin526_CM4_GCC.a(WM.o)
                0x0800808c                WM__DetachWindow
 .text.WM__InvalidateParent
                0x080080b4       0x2a C:\stm32ws\vva_tstat\STemWin\lib\libSTemWin526_CM4_GCC.a(WM.o)
                0x080080b4                WM__InvalidateParent
 .text.WM__Invalidate1Abs
                0x080080de        0x6 C:\stm32ws\vva_tstat\STemWin\lib\libSTemWin526_CM4_GCC.a(WM.o)
                0x080080de                WM__Invalidate1Abs
 .text.WM_SendMessage
                0x080080e4        0x8 C:\stm32ws\vva_tstat\STemWin\lib\libSTemWin526_CM4_GCC.a(WM.o)
                0x080080e4                WM_SendMessage
 .text.WM__SendMsgNoData
                0x080080ec       0x14 C:\stm32ws\vva_tstat\STemWin\lib\libSTemWin526_CM4_GCC.a(WM.o)
                0x080080ec                WM__SendMsgNoData
 .text.WM__GetClientRectWin
                0x08008100       0x18 C:\stm32ws\vva_tstat\STemWin\lib\libSTemWin526_CM4_GCC.a(WM.o)
                0x08008100                WM__GetClientRectWin
 .text.WM_InvalidateRect
                0x08008118       0x78 C:\stm32ws\vva_tstat\STemWin\lib\libSTemWin526_CM4_GCC.a(WM.o)
                0x08008118                WM_InvalidateRect
 .text.WM_InvalidateWindow
                0x08008190        0x6 C:\stm32ws\vva_tstat\STemWin\lib\libSTemWin526_CM4_GCC.a(WM.o)
                0x08008190                WM_InvalidateWindow
 *fill*         0x08008196        0x2 
 .text.WM__GetTopLevelLayer
                0x08008198       0x28 C:\stm32ws\vva_tstat\STemWin\lib\libSTemWin526_CM4_GCC.a(WM.o)
                0x08008198                WM__GetTopLevelLayer
 .text.WM__SelectTopLevelLayer
                0x080081c0       0x14 C:\stm32ws\vva_tstat\STemWin\lib\libSTemWin526_CM4_GCC.a(WM.o)
                0x080081c0                WM__SelectTopLevelLayer
 .text.WM_SelectWindow
                0x080081d4       0x40 C:\stm32ws\vva_tstat\STemWin\lib\libSTemWin526_CM4_GCC.a(WM.o)
                0x080081d4                WM_SelectWindow
 .text.WM_DeleteWindow
                0x08008214       0xf4 C:\stm32ws\vva_tstat\STemWin\lib\libSTemWin526_CM4_GCC.a(WM.o)
                0x08008214                WM_DeleteWindow
 .text.WM_CreateWindowAsChild
                0x08008308      0x160 C:\stm32ws\vva_tstat\STemWin\lib\libSTemWin526_CM4_GCC.a(WM.o)
                0x08008308                WM_CreateWindowAsChild
 .text.WM_GetActiveWindow
                0x08008468        0xc C:\stm32ws\vva_tstat\STemWin\lib\libSTemWin526_CM4_GCC.a(WM.o)
                0x08008468                WM_GetActiveWindow
 .text.WM__GetNextIVR
                0x08008474      0x180 C:\stm32ws\vva_tstat\STemWin\lib\libSTemWin526_CM4_GCC.a(WM.o)
                0x08008474                WM__GetNextIVR
 .text.WM__InitIVRSearch
                0x080085f4      0x100 C:\stm32ws\vva_tstat\STemWin\lib\libSTemWin526_CM4_GCC.a(WM.o)
                0x080085f4                WM__InitIVRSearch
 .text.WM_SetDefault
                0x080086f4       0x14 C:\stm32ws\vva_tstat\STemWin\lib\libSTemWin526_CM4_GCC.a(WM.o)
                0x080086f4                WM_SetDefault
 .text.WM__Paint1
                0x08008708       0x90 C:\stm32ws\vva_tstat\STemWin\lib\libSTemWin526_CM4_GCC.a(WM.o)
                0x08008708                WM__Paint1
 .text.WM__Paint
                0x08008798       0xb4 C:\stm32ws\vva_tstat\STemWin\lib\libSTemWin526_CM4_GCC.a(WM.o)
                0x08008798                WM__Paint
 .text.WM_Exec  0x0800884c      0x158 C:\stm32ws\vva_tstat\STemWin\lib\libSTemWin526_CM4_GCC.a(WM.o)
                0x0800884c                WM_Exec
 .text.WM_Activate
                0x080089a4       0x10 C:\stm32ws\vva_tstat\STemWin\lib\libSTemWin526_CM4_GCC.a(WM.o)
                0x080089a4                WM_Activate
 .text.WM_Deactivate
                0x080089b4       0x14 C:\stm32ws\vva_tstat\STemWin\lib\libSTemWin526_CM4_GCC.a(WM.o)
                0x080089b4                WM_Deactivate
 .text.WM_DefaultProc
                0x080089c8       0x48 C:\stm32ws\vva_tstat\STemWin\lib\libSTemWin526_CM4_GCC.a(WM.o)
                0x080089c8                WM_DefaultProc
 .text.cbBackWin
                0x08008a10       0x68 C:\stm32ws\vva_tstat\STemWin\lib\libSTemWin526_CM4_GCC.a(WM.o)
 .text.WM_Init  0x08008a78       0xf4 C:\stm32ws\vva_tstat\STemWin\lib\libSTemWin526_CM4_GCC.a(WM.o)
                0x08008a78                WM_Init
 .text.GUI_MEMDEV_WriteAt
                0x08008b6c       0x60 C:\stm32ws\vva_tstat\STemWin\lib\libSTemWin526_CM4_GCC.a(GUIDEV_Write.o)
                0x08008b6c                GUI_MEMDEV_WriteAt
 .text.GUI_MEMDEV_Write
                0x08008bcc        0xc C:\stm32ws\vva_tstat\STemWin\lib\libSTemWin526_CM4_GCC.a(GUIDEV_Write.o)
                0x08008bcc                GUI_MEMDEV_Write
 .text._CreateStaticDevice
                0x08008bd8      0x15c C:\stm32ws\vva_tstat\STemWin\lib\libSTemWin526_CM4_GCC.a(GUIDEV_StaticDevices.o)
 .text.GUI_MEMDEV_Paint1Static
                0x08008d34       0x1c C:\stm32ws\vva_tstat\STemWin\lib\libSTemWin526_CM4_GCC.a(GUIDEV_StaticDevices.o)
                0x08008d34                GUI_MEMDEV_Paint1Static
 .text.GUI_MEMDEV_SetOrg
                0x08008d50       0x54 C:\stm32ws\vva_tstat\STemWin\lib\libSTemWin526_CM4_GCC.a(GUIDEV_SetOrg.o)
                0x08008d50                GUI_MEMDEV_SetOrg
 .text.GUI_MEMDEV_GetYSize
                0x08008da4       0x2c C:\stm32ws\vva_tstat\STemWin\lib\libSTemWin526_CM4_GCC.a(GUIDEV_GetYSize.o)
                0x08008da4                GUI_MEMDEV_GetYSize
 .text.GUI_MEMDEV_GetXPos
                0x08008dd0       0x2c C:\stm32ws\vva_tstat\STemWin\lib\libSTemWin526_CM4_GCC.a(GUIDEV_GetPos.o)
                0x08008dd0                GUI_MEMDEV_GetXPos
 .text.GUI_MEMDEV_GetYPos
                0x08008dfc       0x2c C:\stm32ws\vva_tstat\STemWin\lib\libSTemWin526_CM4_GCC.a(GUIDEV_GetPos.o)
                0x08008dfc                GUI_MEMDEV_GetYPos
 .text.GUI_MEMDEV_GetDataPtr
                0x08008e28       0x18 C:\stm32ws\vva_tstat\STemWin\lib\libSTemWin526_CM4_GCC.a(GUIDEV_GetDataPtr.o)
                0x08008e28                GUI_MEMDEV_GetDataPtr
 .text.GUI_MEMDEV_CreateFixed
                0x08008e40       0x16 C:\stm32ws\vva_tstat\STemWin\lib\libSTemWin526_CM4_GCC.a(GUIDEV_CreateFixed.o)
                0x08008e40                GUI_MEMDEV_CreateFixed
 *fill*         0x08008e56        0x2 
 .text.GUI_MEMDEV_Clear
                0x08008e58       0x40 C:\stm32ws\vva_tstat\STemWin\lib\libSTemWin526_CM4_GCC.a(GUIDEV_Clear.o)
                0x08008e58                GUI_MEMDEV_Clear
 .text.GUI_MEMDEV_Draw
                0x08008e98      0x12c C:\stm32ws\vva_tstat\STemWin\lib\libSTemWin526_CM4_GCC.a(GUIDEV_Banding.o)
                0x08008e98                GUI_MEMDEV_Draw
 .text._GetDevData
                0x08008fc4       0x10 C:\stm32ws\vva_tstat\STemWin\lib\libSTemWin526_CM4_GCC.a(GUIDEV_32.o)
 .text._GetDevFunc
                0x08008fd4       0x10 C:\stm32ws\vva_tstat\STemWin\lib\libSTemWin526_CM4_GCC.a(GUIDEV_32.o)
 .text._GetDevProp
                0x08008fe4        0xa C:\stm32ws\vva_tstat\STemWin\lib\libSTemWin526_CM4_GCC.a(GUIDEV_32.o)
 .text._SetOrg  0x08008fee        0xc C:\stm32ws\vva_tstat\STemWin\lib\libSTemWin526_CM4_GCC.a(GUIDEV_32.o)
 .text._GetRect
                0x08008ffa       0x30 C:\stm32ws\vva_tstat\STemWin\lib\libSTemWin526_CM4_GCC.a(GUIDEV_32.o)
 *fill*         0x0800902a        0x2 
 .text._XY2PTR  0x0800902c       0x40 C:\stm32ws\vva_tstat\STemWin\lib\libSTemWin526_CM4_GCC.a(GUIDEV_32.o)
 .text._GetPixelIndex
                0x0800906c        0xe C:\stm32ws\vva_tstat\STemWin\lib\libSTemWin526_CM4_GCC.a(GUIDEV_32.o)
 *fill*         0x0800907a        0x2 
 .text._XorPixel
                0x0800907c       0x5c C:\stm32ws\vva_tstat\STemWin\lib\libSTemWin526_CM4_GCC.a(GUIDEV_32.o)
 .text._SetPixelIndex
                0x080090d8       0x4c C:\stm32ws\vva_tstat\STemWin\lib\libSTemWin526_CM4_GCC.a(GUIDEV_32.o)
 .text._DrawVLine
                0x08009124       0xb8 C:\stm32ws\vva_tstat\STemWin\lib\libSTemWin526_CM4_GCC.a(GUIDEV_32.o)
 .text._FillRect
                0x080091dc       0xbc C:\stm32ws\vva_tstat\STemWin\lib\libSTemWin526_CM4_GCC.a(GUIDEV_32.o)
 .text._DrawHLine
                0x08009298        0xa C:\stm32ws\vva_tstat\STemWin\lib\libSTemWin526_CM4_GCC.a(GUIDEV_32.o)
 *fill*         0x080092a2        0x2 
 .text._DrawBitmap
                0x080092a4      0x710 C:\stm32ws\vva_tstat\STemWin\lib\libSTemWin526_CM4_GCC.a(GUIDEV_32.o)
 .text.GUI_MEMDEV__WriteToActiveAt
                0x080099b4       0x36 C:\stm32ws\vva_tstat\STemWin\lib\libSTemWin526_CM4_GCC.a(GUIDEV.o)
                0x080099b4                GUI_MEMDEV__WriteToActiveAt
 *fill*         0x080099ea        0x2 
 .text.GUI_MEMDEV__CreateFixed
                0x080099ec       0xfc C:\stm32ws\vva_tstat\STemWin\lib\libSTemWin526_CM4_GCC.a(GUIDEV.o)
                0x080099ec                GUI_MEMDEV__CreateFixed
 .text.GUI_MEMDEV_GetBitsPerPixel
                0x08009ae8       0x28 C:\stm32ws\vva_tstat\STemWin\lib\libSTemWin526_CM4_GCC.a(GUIDEV.o)
                0x08009ae8                GUI_MEMDEV_GetBitsPerPixel
 .text.GUI_MEMDEV_Delete
                0x08009b10       0x44 C:\stm32ws\vva_tstat\STemWin\lib\libSTemWin526_CM4_GCC.a(GUIDEV.o)
                0x08009b10                GUI_MEMDEV_Delete
 .text.GUI_MEMDEV_CreateEx
                0x08009b54       0x74 C:\stm32ws\vva_tstat\STemWin\lib\libSTemWin526_CM4_GCC.a(GUIDEV.o)
                0x08009b54                GUI_MEMDEV_CreateEx
 .text.GUI_MEMDEV_Create
                0x08009bc8        0xc C:\stm32ws\vva_tstat\STemWin\lib\libSTemWin526_CM4_GCC.a(GUIDEV.o)
                0x08009bc8                GUI_MEMDEV_Create
 .text.GUI_MEMDEV_Select
                0x08009bd4       0x4c C:\stm32ws\vva_tstat\STemWin\lib\libSTemWin526_CM4_GCC.a(GUIDEV.o)
                0x08009bd4                GUI_MEMDEV_Select
 .text.GUI_MEMDEV_CopyToLCDAt
                0x08009c20       0xa4 C:\stm32ws\vva_tstat\STemWin\lib\libSTemWin526_CM4_GCC.a(GUIDEV.o)
                0x08009c20                GUI_MEMDEV_CopyToLCDAt
 .text.GUI_MEMDEV_CopyToLCD
                0x08009cc4        0xc C:\stm32ws\vva_tstat\STemWin\lib\libSTemWin526_CM4_GCC.a(GUIDEV.o)
                0x08009cc4                GUI_MEMDEV_CopyToLCD
 .text._SetPhysRAMAddr
                0x08009cd0       0xa2 C:\stm32ws\vva_tstat\STemWin\lib\libSTemWin526_CM4_GCC.a(GUIDRV_FlexColor_Func66709.o)
 .text._SetRect
                0x08009d72       0xaa C:\stm32ws\vva_tstat\STemWin\lib\libSTemWin526_CM4_GCC.a(GUIDRV_FlexColor_Func66709.o)
 .text._SetOrientation
                0x08009e1c       0x3c C:\stm32ws\vva_tstat\STemWin\lib\libSTemWin526_CM4_GCC.a(GUIDRV_FlexColor_Func66709.o)
 .text._ReadPixel_16bpp_B8
                0x08009e58       0x36 C:\stm32ws\vva_tstat\STemWin\lib\libSTemWin526_CM4_GCC.a(GUIDRV_FlexColor_Func66709.o)
 .text._ReadPixel_16bpp_B16_I
                0x08009e8e       0x3e C:\stm32ws\vva_tstat\STemWin\lib\libSTemWin526_CM4_GCC.a(GUIDRV_FlexColor_Func66709.o)
 .text._SetReg_B8
                0x08009ecc       0x18 C:\stm32ws\vva_tstat\STemWin\lib\libSTemWin526_CM4_GCC.a(GUIDRV_FlexColor_Func66709.o)
 .text._SetReg_B16
                0x08009ee4        0xc C:\stm32ws\vva_tstat\STemWin\lib\libSTemWin526_CM4_GCC.a(GUIDRV_FlexColor_Func66709.o)
 .text._WritePara_B8
                0x08009ef0        0xc C:\stm32ws\vva_tstat\STemWin\lib\libSTemWin526_CM4_GCC.a(GUIDRV_FlexColor_Func66709.o)
 .text._WritePara_B16
                0x08009efc        0xc C:\stm32ws\vva_tstat\STemWin\lib\libSTemWin526_CM4_GCC.a(GUIDRV_FlexColor_Func66709.o)
 .text._SetInterface
                0x08009f08       0x30 C:\stm32ws\vva_tstat\STemWin\lib\libSTemWin526_CM4_GCC.a(GUIDRV_FlexColor_Func66709.o)
 .text._ReadRect_16bpp_B16_I
                0x08009f38       0x62 C:\stm32ws\vva_tstat\STemWin\lib\libSTemWin526_CM4_GCC.a(GUIDRV_FlexColor_Func66709.o)
 .text._ReadRect_16bpp_B8
                0x08009f9a       0x60 C:\stm32ws\vva_tstat\STemWin\lib\libSTemWin526_CM4_GCC.a(GUIDRV_FlexColor_Func66709.o)
 *fill*         0x08009ffa        0x2 
 .text.GUIDRV_FlexColor_SetFunc66709
                0x08009ffc       0x74 C:\stm32ws\vva_tstat\STemWin\lib\libSTemWin526_CM4_GCC.a(GUIDRV_FlexColor_Func66709.o)
                0x08009ffc                GUIDRV_FlexColor_SetFunc66709
 .text._ReadData
                0x0800a070        0xa C:\stm32ws\vva_tstat\STemWin\lib\libSTemWin526_CM4_GCC.a(GUIDRV_FlexColor_16bpp_C0B16.o)
 .text._WriteData
                0x0800a07a        0xc C:\stm32ws\vva_tstat\STemWin\lib\libSTemWin526_CM4_GCC.a(GUIDRV_FlexColor_16bpp_C0B16.o)
 *fill*         0x0800a086        0x2 
 .text._DrawBitmap
                0x0800a088      0x524 C:\stm32ws\vva_tstat\STemWin\lib\libSTemWin526_CM4_GCC.a(GUIDRV_FlexColor_16bpp_C0B16.o)
 .text._FillRect
                0x0800a5ac       0xec C:\stm32ws\vva_tstat\STemWin\lib\libSTemWin526_CM4_GCC.a(GUIDRV_FlexColor_16bpp_C0B16.o)
 .text.GUIDRV_FlexColor_SetMode16bppC0B16
                0x0800a698       0x68 C:\stm32ws\vva_tstat\STemWin\lib\libSTemWin526_CM4_GCC.a(GUIDRV_FlexColor_16bpp_C0B16.o)
                0x0800a698                GUIDRV_FlexColor_SetMode16bppC0B16
 .text._Log2PhysX_X0Y0S0
                0x0800a700        0x4 C:\stm32ws\vva_tstat\STemWin\lib\libSTemWin526_CM4_GCC.a(GUIDRV_FlexColor.o)
 .text._Log2PhysX_X1Y0S0
                0x0800a704        0x8 C:\stm32ws\vva_tstat\STemWin\lib\libSTemWin526_CM4_GCC.a(GUIDRV_FlexColor.o)
 .text._Log2PhysX_X0Y1S0
                0x0800a70c        0x4 C:\stm32ws\vva_tstat\STemWin\lib\libSTemWin526_CM4_GCC.a(GUIDRV_FlexColor.o)
 .text._Log2PhysX_X1Y1S0
                0x0800a710        0x8 C:\stm32ws\vva_tstat\STemWin\lib\libSTemWin526_CM4_GCC.a(GUIDRV_FlexColor.o)
 .text._Log2PhysX_X0Y0S1
                0x0800a718        0x4 C:\stm32ws\vva_tstat\STemWin\lib\libSTemWin526_CM4_GCC.a(GUIDRV_FlexColor.o)
 .text._Log2PhysX_X1Y0S1
                0x0800a71c        0x8 C:\stm32ws\vva_tstat\STemWin\lib\libSTemWin526_CM4_GCC.a(GUIDRV_FlexColor.o)
 .text._Log2PhysX_X0Y1S1
                0x0800a724        0x4 C:\stm32ws\vva_tstat\STemWin\lib\libSTemWin526_CM4_GCC.a(GUIDRV_FlexColor.o)
 .text._Log2PhysX_X1Y1S1
                0x0800a728        0x8 C:\stm32ws\vva_tstat\STemWin\lib\libSTemWin526_CM4_GCC.a(GUIDRV_FlexColor.o)
 .text._Log2PhysY_X0Y0S0
                0x0800a730        0x4 C:\stm32ws\vva_tstat\STemWin\lib\libSTemWin526_CM4_GCC.a(GUIDRV_FlexColor.o)
 .text._Log2PhysY_X1Y0S0
                0x0800a734        0x4 C:\stm32ws\vva_tstat\STemWin\lib\libSTemWin526_CM4_GCC.a(GUIDRV_FlexColor.o)
 .text._Log2PhysY_X0Y1S0
                0x0800a738        0x8 C:\stm32ws\vva_tstat\STemWin\lib\libSTemWin526_CM4_GCC.a(GUIDRV_FlexColor.o)
 .text._Log2PhysY_X1Y1S0
                0x0800a740        0x8 C:\stm32ws\vva_tstat\STemWin\lib\libSTemWin526_CM4_GCC.a(GUIDRV_FlexColor.o)
 .text._Log2PhysY_X0Y0S1
                0x0800a748        0x4 C:\stm32ws\vva_tstat\STemWin\lib\libSTemWin526_CM4_GCC.a(GUIDRV_FlexColor.o)
 .text._Log2PhysY_X1Y0S1
                0x0800a74c        0x4 C:\stm32ws\vva_tstat\STemWin\lib\libSTemWin526_CM4_GCC.a(GUIDRV_FlexColor.o)
 .text._Log2PhysY_X0Y1S1
                0x0800a750        0x8 C:\stm32ws\vva_tstat\STemWin\lib\libSTemWin526_CM4_GCC.a(GUIDRV_FlexColor.o)
 .text._Log2PhysY_X1Y1S1
                0x0800a758        0x8 C:\stm32ws\vva_tstat\STemWin\lib\libSTemWin526_CM4_GCC.a(GUIDRV_FlexColor.o)
 .text._SetPixelIndex
                0x0800a760        0xc C:\stm32ws\vva_tstat\STemWin\lib\libSTemWin526_CM4_GCC.a(GUIDRV_FlexColor.o)
 .text._GetPixelIndex
                0x0800a76c        0xc C:\stm32ws\vva_tstat\STemWin\lib\libSTemWin526_CM4_GCC.a(GUIDRV_FlexColor.o)
 .text._XorPixel
                0x0800a778       0x26 C:\stm32ws\vva_tstat\STemWin\lib\libSTemWin526_CM4_GCC.a(GUIDRV_FlexColor.o)
 .text._DrawHLine
                0x0800a79e        0xe C:\stm32ws\vva_tstat\STemWin\lib\libSTemWin526_CM4_GCC.a(GUIDRV_FlexColor.o)
 .text._DrawVLine
                0x0800a7ac       0x10 C:\stm32ws\vva_tstat\STemWin\lib\libSTemWin526_CM4_GCC.a(GUIDRV_FlexColor.o)
 .text._FillRect
                0x0800a7bc       0x10 C:\stm32ws\vva_tstat\STemWin\lib\libSTemWin526_CM4_GCC.a(GUIDRV_FlexColor.o)
 .text._DrawBitmap
                0x0800a7cc       0x28 C:\stm32ws\vva_tstat\STemWin\lib\libSTemWin526_CM4_GCC.a(GUIDRV_FlexColor.o)
 .text._GetDevFunc_SetRect
                0x0800a7f4        0x2 C:\stm32ws\vva_tstat\STemWin\lib\libSTemWin526_CM4_GCC.a(GUIDRV_FlexColor.o)
 *fill*         0x0800a7f6        0x2 
 .text._GetDevFunc_SetRectOutside
                0x0800a7f8       0x3c C:\stm32ws\vva_tstat\STemWin\lib\libSTemWin526_CM4_GCC.a(GUIDRV_FlexColor.o)
 .text._ReadPixelCust_16bpp
                0x0800a834        0xe C:\stm32ws\vva_tstat\STemWin\lib\libSTemWin526_CM4_GCC.a(GUIDRV_FlexColor.o)
 .text._ReadPixelCust_18bpp
                0x0800a842        0xe C:\stm32ws\vva_tstat\STemWin\lib\libSTemWin526_CM4_GCC.a(GUIDRV_FlexColor.o)
 .text._ReadRectCust_16bpp
                0x0800a850       0x38 C:\stm32ws\vva_tstat\STemWin\lib\libSTemWin526_CM4_GCC.a(GUIDRV_FlexColor.o)
 .text._ReadRectCust_18bpp
                0x0800a888       0x38 C:\stm32ws\vva_tstat\STemWin\lib\libSTemWin526_CM4_GCC.a(GUIDRV_FlexColor.o)
 .text._GetDevFunc
                0x0800a8c0       0x6c C:\stm32ws\vva_tstat\STemWin\lib\libSTemWin526_CM4_GCC.a(GUIDRV_FlexColor.o)
 .text._GetDevProp
                0x0800a92c       0x60 C:\stm32ws\vva_tstat\STemWin\lib\libSTemWin526_CM4_GCC.a(GUIDRV_FlexColor.o)
 .text._GetDevData
                0x0800a98c        0xc C:\stm32ws\vva_tstat\STemWin\lib\libSTemWin526_CM4_GCC.a(GUIDRV_FlexColor.o)
 .text._GetRect
                0x0800a998       0x16 C:\stm32ws\vva_tstat\STemWin\lib\libSTemWin526_CM4_GCC.a(GUIDRV_FlexColor.o)
 *fill*         0x0800a9ae        0x2 
 .text.GUIDRV_FlexColor__SetLog2Phys
                0x0800a9b0       0x48 C:\stm32ws\vva_tstat\STemWin\lib\libSTemWin526_CM4_GCC.a(GUIDRV_FlexColor.o)
                0x0800a9b0                GUIDRV_FlexColor__SetLog2Phys
 .text._SetOrg  0x0800a9f8       0x12 C:\stm32ws\vva_tstat\STemWin\lib\libSTemWin526_CM4_GCC.a(GUIDRV_FlexColor.o)
 .text.GUIDRV_FlexColor__SetPixelIndexNoCache
                0x0800aa0a       0x94 C:\stm32ws\vva_tstat\STemWin\lib\libSTemWin526_CM4_GCC.a(GUIDRV_FlexColor.o)
                0x0800aa0a                GUIDRV_FlexColor__SetPixelIndexNoCache
 .text.GUIDRV_FlexColor__GetPixelIndexNoCache
                0x0800aa9e       0xb6 C:\stm32ws\vva_tstat\STemWin\lib\libSTemWin526_CM4_GCC.a(GUIDRV_FlexColor.o)
                0x0800aa9e                GUIDRV_FlexColor__GetPixelIndexNoCache
 .text.GUIDRV_FlexColor__InitOnce
                0x0800ab54       0x34 C:\stm32ws\vva_tstat\STemWin\lib\libSTemWin526_CM4_GCC.a(GUIDRV_FlexColor.o)
                0x0800ab54                GUIDRV_FlexColor__InitOnce
 .text._SetDevFunc
                0x0800ab88       0x9c C:\stm32ws\vva_tstat\STemWin\lib\libSTemWin526_CM4_GCC.a(GUIDRV_FlexColor.o)
 .text._GetDevFunc_Init
                0x0800ac24       0x4a C:\stm32ws\vva_tstat\STemWin\lib\libSTemWin526_CM4_GCC.a(GUIDRV_FlexColor.o)
 .text._GetDevFunc_SetSize
                0x0800ac6e       0x14 C:\stm32ws\vva_tstat\STemWin\lib\libSTemWin526_CM4_GCC.a(GUIDRV_FlexColor.o)
 .text._GetDevFunc_SetVSize
                0x0800ac82       0x14 C:\stm32ws\vva_tstat\STemWin\lib\libSTemWin526_CM4_GCC.a(GUIDRV_FlexColor.o)
 .text.GUIDRV_FlexColor_Config
                0x0800ac96       0x3c C:\stm32ws\vva_tstat\STemWin\lib\libSTemWin526_CM4_GCC.a(GUIDRV_FlexColor.o)
                0x0800ac96                GUIDRV_FlexColor_Config
 .text.GUIDRV_FlexColor_SetFunc
                0x0800acd2       0x32 C:\stm32ws\vva_tstat\STemWin\lib\libSTemWin526_CM4_GCC.a(GUIDRV_FlexColor.o)
                0x0800acd2                GUIDRV_FlexColor_SetFunc
 .text.LCD_UpdateColorIndices
                0x0800ad04       0x24 C:\stm32ws\vva_tstat\STemWin\lib\libSTemWin526_CM4_GCC.a(LCD_UpdateColorIndices.o)
                0x0800ad04                LCD_UpdateColorIndices
 .text.LCD_SetClipRectEx
                0x0800ad28       0x30 C:\stm32ws\vva_tstat\STemWin\lib\libSTemWin526_CM4_GCC.a(LCD_SetClipRectEx.o)
                0x0800ad28                LCD_SetClipRectEx
 .text.LCD_SetVSizeEx
                0x0800ad58       0x2e C:\stm32ws\vva_tstat\STemWin\lib\libSTemWin526_CM4_GCC.a(LCD_Set.o)
                0x0800ad58                LCD_SetVSizeEx
 .text.LCD_SetSizeEx
                0x0800ad86       0x2e C:\stm32ws\vva_tstat\STemWin\lib\libSTemWin526_CM4_GCC.a(LCD_Set.o)
                0x0800ad86                LCD_SetSizeEx
 .text.LCD_SetPosEx
                0x0800adb4       0x2e C:\stm32ws\vva_tstat\STemWin\lib\libSTemWin526_CM4_GCC.a(LCD_Set.o)
                0x0800adb4                LCD_SetPosEx
 .text.LCD_SetLUTEntryEx
                0x0800ade2       0x2e C:\stm32ws\vva_tstat\STemWin\lib\libSTemWin526_CM4_GCC.a(LCD_Set.o)
                0x0800ade2                LCD_SetLUTEntryEx
 .text.LCD_GetPosEx
                0x0800ae10       0x2e C:\stm32ws\vva_tstat\STemWin\lib\libSTemWin526_CM4_GCC.a(LCD_Set.o)
                0x0800ae10                LCD_GetPosEx
 .text._GetDevProp
                0x0800ae3e       0x1e C:\stm32ws\vva_tstat\STemWin\lib\libSTemWin526_CM4_GCC.a(LCD_GetEx.o)
 .text._GetMaxValue
                0x0800ae5c       0x22 C:\stm32ws\vva_tstat\STemWin\lib\libSTemWin526_CM4_GCC.a(LCD_GetEx.o)
 .text.LCD_GetXSizeEx
                0x0800ae7e        0x6 C:\stm32ws\vva_tstat\STemWin\lib\libSTemWin526_CM4_GCC.a(LCD_GetEx.o)
                0x0800ae7e                LCD_GetXSizeEx
 .text.LCD_GetYSizeEx
                0x0800ae84        0x6 C:\stm32ws\vva_tstat\STemWin\lib\libSTemWin526_CM4_GCC.a(LCD_GetEx.o)
                0x0800ae84                LCD_GetYSizeEx
 .text.LCD_GetVXSizeEx
                0x0800ae8a        0x6 C:\stm32ws\vva_tstat\STemWin\lib\libSTemWin526_CM4_GCC.a(LCD_GetEx.o)
                0x0800ae8a                LCD_GetVXSizeEx
 .text.LCD_GetVYSizeEx
                0x0800ae90        0x6 C:\stm32ws\vva_tstat\STemWin\lib\libSTemWin526_CM4_GCC.a(LCD_GetEx.o)
                0x0800ae90                LCD_GetVYSizeEx
 .text.LCD_GetBitsPerPixelEx
                0x0800ae96        0x6 C:\stm32ws\vva_tstat\STemWin\lib\libSTemWin526_CM4_GCC.a(LCD_GetEx.o)
                0x0800ae96                LCD_GetBitsPerPixelEx
 .text.LCD_GetNumColorsEx
                0x0800ae9c        0x6 C:\stm32ws\vva_tstat\STemWin\lib\libSTemWin526_CM4_GCC.a(LCD_GetEx.o)
                0x0800ae9c                LCD_GetNumColorsEx
 *fill*         0x0800aea2        0x2 
 .text.LCD_GetXSize
                0x0800aea4       0x10 C:\stm32ws\vva_tstat\STemWin\lib\libSTemWin526_CM4_GCC.a(LCD_GetEx.o)
                0x0800aea4                LCD_GetXSize
 .text.LCD_GetYSize
                0x0800aeb4       0x10 C:\stm32ws\vva_tstat\STemWin\lib\libSTemWin526_CM4_GCC.a(LCD_GetEx.o)
                0x0800aeb4                LCD_GetYSize
 .text.LCD_GetNumColors
                0x0800aec4       0x10 C:\stm32ws\vva_tstat\STemWin\lib\libSTemWin526_CM4_GCC.a(LCD_GetEx.o)
                0x0800aec4                LCD_GetNumColors
 .text.GUI_GetBitsPerPixelEx
                0x0800aed4       0x18 C:\stm32ws\vva_tstat\STemWin\lib\libSTemWin526_CM4_GCC.a(LCD_GetEx.o)
                0x0800aed4                GUI_GetBitsPerPixelEx
 .text.LCD_GetPaletteEx
                0x0800aeec       0x14 C:\stm32ws\vva_tstat\STemWin\lib\libSTemWin526_CM4_GCC.a(LCD_GetEx.o)
                0x0800aeec                LCD_GetPaletteEx
 .text.LCD_GetPalette
                0x0800af00       0x10 C:\stm32ws\vva_tstat\STemWin\lib\libSTemWin526_CM4_GCC.a(LCD_GetEx.o)
                0x0800af00                LCD_GetPalette
 .text.GUI_GetpfIndex2ColorEx
                0x0800af10       0x10 C:\stm32ws\vva_tstat\STemWin\lib\libSTemWin526_CM4_GCC.a(LCD_GetEx.o)
                0x0800af10                GUI_GetpfIndex2ColorEx
 .text.LCD_GetpfColor2IndexEx
                0x0800af20        0xe C:\stm32ws\vva_tstat\STemWin\lib\libSTemWin526_CM4_GCC.a(LCD_GetEx.o)
                0x0800af20                LCD_GetpfColor2IndexEx
 *fill*         0x0800af2e        0x2 
 .text.GUI_GetpfColor2IndexEx
                0x0800af30       0x10 C:\stm32ws\vva_tstat\STemWin\lib\libSTemWin526_CM4_GCC.a(LCD_GetEx.o)
                0x0800af30                GUI_GetpfColor2IndexEx
 .text.LCD_GetVXSizeMax
                0x0800af40        0x6 C:\stm32ws\vva_tstat\STemWin\lib\libSTemWin526_CM4_GCC.a(LCD_GetEx.o)
                0x0800af40                LCD_GetVXSizeMax
 .text.LCD__GetBPP
                0x0800af46       0x82 C:\stm32ws\vva_tstat\STemWin\lib\libSTemWin526_CM4_GCC.a(LCD_GetEx.o)
                0x0800af46                LCD__GetBPP
 .text.LCD__GetBPPDevice
                0x0800afc8       0x2c C:\stm32ws\vva_tstat\STemWin\lib\libSTemWin526_CM4_GCC.a(LCD_GetEx.o)
                0x0800afc8                LCD__GetBPPDevice
 .text._SetDrawMode
                0x0800aff4       0x28 C:\stm32ws\vva_tstat\STemWin\lib\libSTemWin526_CM4_GCC.a(LCD.o)
 .text.LCD_SetDrawMode
                0x0800b01c       0x10 C:\stm32ws\vva_tstat\STemWin\lib\libSTemWin526_CM4_GCC.a(LCD.o)
                0x0800b01c                LCD_SetDrawMode
 .text.LCD_DrawPixel
                0x0800b02c       0x5c C:\stm32ws\vva_tstat\STemWin\lib\libSTemWin526_CM4_GCC.a(LCD.o)
                0x0800b02c                LCD_DrawPixel
 .text.LCD_DrawHLine
                0x0800b088       0x4c C:\stm32ws\vva_tstat\STemWin\lib\libSTemWin526_CM4_GCC.a(LCD.o)
                0x0800b088                LCD_DrawHLine
 .text.LCD_DrawVLine
                0x0800b0d4       0x4c C:\stm32ws\vva_tstat\STemWin\lib\libSTemWin526_CM4_GCC.a(LCD.o)
                0x0800b0d4                LCD_DrawVLine
 .text.LCD_FillRect
                0x0800b120       0x54 C:\stm32ws\vva_tstat\STemWin\lib\libSTemWin526_CM4_GCC.a(LCD.o)
                0x0800b120                LCD_FillRect
 .text.LCD__DrawBitmap_1bpp
                0x0800b174      0x1b8 C:\stm32ws\vva_tstat\STemWin\lib\libSTemWin526_CM4_GCC.a(LCD.o)
                0x0800b174                LCD__DrawBitmap_1bpp
 .text.LCD_DrawBitmap
                0x0800b32c      0x21c C:\stm32ws\vva_tstat\STemWin\lib\libSTemWin526_CM4_GCC.a(LCD.o)
                0x0800b32c                LCD_DrawBitmap
 .text.LCD_SetClipRectMax
                0x0800b548       0x20 C:\stm32ws\vva_tstat\STemWin\lib\libSTemWin526_CM4_GCC.a(LCD.o)
                0x0800b548                LCD_SetClipRectMax
 .text.emWin_LCD_Init
                0x0800b568       0x8e C:\stm32ws\vva_tstat\STemWin\lib\libSTemWin526_CM4_GCC.a(LCD.o)
                0x0800b568                emWin_LCD_Init
 *fill*         0x0800b5f6        0x2 
 .text.LCD_Color2Index
                0x0800b5f8       0x20 C:\stm32ws\vva_tstat\STemWin\lib\libSTemWin526_CM4_GCC.a(LCD.o)
                0x0800b5f8                LCD_Color2Index
 .text.LCD_Index2Color
                0x0800b618       0x20 C:\stm32ws\vva_tstat\STemWin\lib\libSTemWin526_CM4_GCC.a(LCD.o)
                0x0800b618                LCD_Index2Color
 .text.LCD_SetColorIndex
                0x0800b638       0x1c C:\stm32ws\vva_tstat\STemWin\lib\libSTemWin526_CM4_GCC.a(LCD.o)
                0x0800b638                LCD_SetColorIndex
 .text._SetColor
                0x0800b654       0x20 C:\stm32ws\vva_tstat\STemWin\lib\libSTemWin526_CM4_GCC.a(LCD.o)
 .text.LCD_SetBkColorIndex
                0x0800b674       0x1c C:\stm32ws\vva_tstat\STemWin\lib\libSTemWin526_CM4_GCC.a(LCD.o)
                0x0800b674                LCD_SetBkColorIndex
 .text._SetBkColor
                0x0800b690       0x20 C:\stm32ws\vva_tstat\STemWin\lib\libSTemWin526_CM4_GCC.a(LCD.o)
 .text.LCD_SetBkColor
                0x0800b6b0       0x10 C:\stm32ws\vva_tstat\STemWin\lib\libSTemWin526_CM4_GCC.a(LCD.o)
                0x0800b6b0                LCD_SetBkColor
 .text.LCD_SetColor
                0x0800b6c0       0x10 C:\stm32ws\vva_tstat\STemWin\lib\libSTemWin526_CM4_GCC.a(LCD.o)
                0x0800b6c0                LCD_SetColor
 .text.GUI__memset16
                0x0800b6d0       0x5a C:\stm32ws\vva_tstat\STemWin\lib\libSTemWin526_CM4_GCC.a(GUI__memset16.o)
                0x0800b6d0                GUI__memset16
 .text.GUI__memset
                0x0800b72a       0x54 C:\stm32ws\vva_tstat\STemWin\lib\libSTemWin526_CM4_GCC.a(GUI__memset.o)
                0x0800b72a                GUI__memset
 .text.GUI__SetText
                0x0800b77e       0x74 C:\stm32ws\vva_tstat\STemWin\lib\libSTemWin526_CM4_GCC.a(GUI__SetText.o)
                0x0800b77e                GUI__SetText
 .text.GUI__ReduceRect
                0x0800b7f2       0x1c C:\stm32ws\vva_tstat\STemWin\lib\libSTemWin526_CM4_GCC.a(GUI__ReduceRect.o)
                0x0800b7f2                GUI__ReduceRect
 *fill*         0x0800b80e        0x2 
 .text.GUI__ManageCacheEx
                0x0800b810       0xd8 C:\stm32ws\vva_tstat\STemWin\lib\libSTemWin526_CM4_GCC.a(GUI__ManageCache.o)
                0x0800b810                GUI__ManageCacheEx
 .text.GUI__ManageCache
                0x0800b8e8       0x10 C:\stm32ws\vva_tstat\STemWin\lib\libSTemWin526_CM4_GCC.a(GUI__ManageCache.o)
                0x0800b8e8                GUI__ManageCache
 .text.GUI__IntersectRects
                0x0800b8f8       0x64 C:\stm32ws\vva_tstat\STemWin\lib\libSTemWin526_CM4_GCC.a(GUI__IntersectRects.o)
                0x0800b8f8                GUI__IntersectRects
 .text.GUI__IntersectRect
                0x0800b95c       0x3c C:\stm32ws\vva_tstat\STemWin\lib\libSTemWin526_CM4_GCC.a(GUI__IntersectRect.o)
                0x0800b95c                GUI__IntersectRect
 .text._GetTwinArcPara
                0x0800b998       0x56 C:\stm32ws\vva_tstat\STemWin\lib\libSTemWin526_CM4_GCC.a(GUI__DrawTwinArc.o)
 *fill*         0x0800b9ee        0x2 
 .text.GUI__DrawTwinArc4
                0x0800b9f0      0x1d8 C:\stm32ws\vva_tstat\STemWin\lib\libSTemWin526_CM4_GCC.a(GUI__DrawTwinArc.o)
                0x0800b9f0                GUI__DrawTwinArc4
 .text.GUI__MixColors
                0x0800bbc8       0x5e C:\stm32ws\vva_tstat\STemWin\lib\libSTemWin526_CM4_GCC.a(GUI__Alpha.o)
                0x0800bbc8                GUI__MixColors
 *fill*         0x0800bc26        0x2 
 .text._OnExit  0x0800bc28       0x40 C:\stm32ws\vva_tstat\STemWin\lib\libSTemWin526_CM4_GCC.a(GUI__Alpha.o)
 .text.GUI__GetAlphaBuffer
                0x0800bc68       0xd0 C:\stm32ws\vva_tstat\STemWin\lib\libSTemWin526_CM4_GCC.a(GUI__Alpha.o)
                0x0800bc68                GUI__GetAlphaBuffer
 .text.GUI__DoAlphaBlending
                0x0800bd38      0x1cc C:\stm32ws\vva_tstat\STemWin\lib\libSTemWin526_CM4_GCC.a(GUI__Alpha.o)
                0x0800bd38                GUI__DoAlphaBlending
 .text.GUI__AllocAlphaBuffer
                0x0800bf04       0x18 C:\stm32ws\vva_tstat\STemWin\lib\libSTemWin526_CM4_GCC.a(GUI__Alpha.o)
                0x0800bf04                GUI__AllocAlphaBuffer
 .text.GUI_SignalEvent
                0x0800bf1c       0x10 C:\stm32ws\vva_tstat\STemWin\lib\libSTemWin526_CM4_GCC.a(GUI_WaitEvent.o)
                0x0800bf1c                GUI_SignalEvent
 .text._Unlink  0x0800bf2c       0x4c C:\stm32ws\vva_tstat\STemWin\lib\libSTemWin526_CM4_GCC.a(GUI_Timer.o)
 .text.GUI_TIMER__GetFirstTimer
                0x0800bf78       0x2c C:\stm32ws\vva_tstat\STemWin\lib\libSTemWin526_CM4_GCC.a(GUI_Timer.o)
                0x0800bf78                GUI_TIMER__GetFirstTimer
 .text.GUI_TIMER__GetNextTimerLin
                0x0800bfa4       0x32 C:\stm32ws\vva_tstat\STemWin\lib\libSTemWin526_CM4_GCC.a(GUI_Timer.o)
                0x0800bfa4                GUI_TIMER__GetNextTimerLin
 *fill*         0x0800bfd6        0x2 
 .text.GUI_TIMER_Delete
                0x0800bfd8       0x60 C:\stm32ws\vva_tstat\STemWin\lib\libSTemWin526_CM4_GCC.a(GUI_Timer.o)
                0x0800bfd8                GUI_TIMER_Delete
 .text.GUI_TIMER_GetFlag
                0x0800c038       0x28 C:\stm32ws\vva_tstat\STemWin\lib\libSTemWin526_CM4_GCC.a(GUI_Timer.o)
                0x0800c038                GUI_TIMER_GetFlag
 .text.GUI_TOUCH_StoreStateEx
                0x0800c060       0x28 C:\stm32ws\vva_tstat\STemWin\lib\libSTemWin526_CM4_GCC.a(GUI_TOUCH.o)
                0x0800c060                GUI_TOUCH_StoreStateEx
 .text.GUI_SetTextMode
                0x0800c088       0x14 C:\stm32ws\vva_tstat\STemWin\lib\libSTemWin526_CM4_GCC.a(GUI_SetTextMode.o)
                0x0800c088                GUI_SetTextMode
 .text.GUI_SetFont
                0x0800c09c       0x14 C:\stm32ws\vva_tstat\STemWin\lib\libSTemWin526_CM4_GCC.a(GUI_SetFont.o)
                0x0800c09c                GUI_SetFont
 .text.GUI_SetDrawMode
                0x0800c0b0        0x4 C:\stm32ws\vva_tstat\STemWin\lib\libSTemWin526_CM4_GCC.a(GUI_SetDrawMode.o)
                0x0800c0b0                GUI_SetDrawMode
 .text.GL_SetDefault
                0x0800c0b4       0x40 C:\stm32ws\vva_tstat\STemWin\lib\libSTemWin526_CM4_GCC.a(GUI_SetDefault.o)
                0x0800c0b4                GL_SetDefault
 .text.GUI_SetBkColor
                0x0800c0f4        0x4 C:\stm32ws\vva_tstat\STemWin\lib\libSTemWin526_CM4_GCC.a(GUI_SetColor.o)
                0x0800c0f4                GUI_SetBkColor
 .text.GUI_SetColor
                0x0800c0f8        0x4 C:\stm32ws\vva_tstat\STemWin\lib\libSTemWin526_CM4_GCC.a(GUI_SetColor.o)
                0x0800c0f8                GUI_SetColor
 .text.GUI__AlphaSuppressMixing
                0x0800c0fc       0x24 C:\stm32ws\vva_tstat\STemWin\lib\libSTemWin526_CM4_GCC.a(GUI_SetAlpha.o)
                0x0800c0fc                GUI__AlphaSuppressMixing
 .text.GUI_GetCursorLayer
                0x0800c120       0x14 C:\stm32ws\vva_tstat\STemWin\lib\libSTemWin526_CM4_GCC.a(GUI_SelectLayer.o)
                0x0800c120                GUI_GetCursorLayer
 .text.GUI_GetLayerPosEx
                0x0800c134       0x14 C:\stm32ws\vva_tstat\STemWin\lib\libSTemWin526_CM4_GCC.a(GUI_SelectLayer.o)
                0x0800c134                GUI_GetLayerPosEx
 .text.GUI_SelectLayer
                0x0800c148       0x24 C:\stm32ws\vva_tstat\STemWin\lib\libSTemWin526_CM4_GCC.a(GUI_SelectLayer.o)
                0x0800c148                GUI_SelectLayer
 .text.GUI_SetLayerPosEx
                0x0800c16c        0x4 C:\stm32ws\vva_tstat\STemWin\lib\libSTemWin526_CM4_GCC.a(GUI_SelectLayer.o)
                0x0800c16c                GUI_SetLayerPosEx
 .text.GUI_SelectLCD
                0x0800c170       0x12 C:\stm32ws\vva_tstat\STemWin\lib\libSTemWin526_CM4_GCC.a(GUI_SelectLCD.o)
                0x0800c170                GUI_SelectLCD
 *fill*         0x0800c182        0x2 
 .text.GUI_SaveContext_W
                0x0800c184       0x14 C:\stm32ws\vva_tstat\STemWin\lib\libSTemWin526_CM4_GCC.a(GUI_SaveContext.o)
                0x0800c184                GUI_SaveContext_W
 .text.GUI_RestoreContext
                0x0800c198       0x14 C:\stm32ws\vva_tstat\STemWin\lib\libSTemWin526_CM4_GCC.a(GUI_SaveContext.o)
                0x0800c198                GUI_RestoreContext
 .text.GUI_RectsIntersect
                0x0800c1ac       0x3a C:\stm32ws\vva_tstat\STemWin\lib\libSTemWin526_CM4_GCC.a(GUI_RectsIntersect.o)
                0x0800c1ac                GUI_RectsIntersect
 .text.GUI_ALLOC_Realloc
                0x0800c1e6       0x54 C:\stm32ws\vva_tstat\STemWin\lib\libSTemWin526_CM4_GCC.a(GUI_Realloc.o)
                0x0800c1e6                GUI_ALLOC_Realloc
 *fill*         0x0800c23a        0x2 
 .text.GUI_SetPenSize
                0x0800c23c       0x10 C:\stm32ws\vva_tstat\STemWin\lib\libSTemWin526_CM4_GCC.a(GUI_Pen.o)
                0x0800c23c                GUI_SetPenSize
 .text.GUI_PID_GetState
                0x0800c24c       0x58 C:\stm32ws\vva_tstat\STemWin\lib\libSTemWin526_CM4_GCC.a(GUI_PID.o)
                0x0800c24c                GUI_PID_GetState
 .text.GUI_PID_StoreState
                0x0800c2a4       0x9c C:\stm32ws\vva_tstat\STemWin\lib\libSTemWin526_CM4_GCC.a(GUI_PID.o)
                0x0800c2a4                GUI_PID_StoreState
 .text.GUI_PID_IsEmpty
                0x0800c340       0x18 C:\stm32ws\vva_tstat\STemWin\lib\libSTemWin526_CM4_GCC.a(GUI_PID.o)
                0x0800c340                GUI_PID_IsEmpty
 .text.GUI_StoreKey
                0x0800c358       0x10 C:\stm32ws\vva_tstat\STemWin\lib\libSTemWin526_CM4_GCC.a(GUI_OnKey.o)
                0x0800c358                GUI_StoreKey
 .text.GUI_PollKeyMsg
                0x0800c368       0x3c C:\stm32ws\vva_tstat\STemWin\lib\libSTemWin526_CM4_GCC.a(GUI_OnKey.o)
                0x0800c368                GUI_PollKeyMsg
 .text.GUI_MoveRect
                0x0800c3a4       0x20 C:\stm32ws\vva_tstat\STemWin\lib\libSTemWin526_CM4_GCC.a(GUI_MoveRect.o)
                0x0800c3a4                GUI_MoveRect
 .text.GUI_MergeRect
                0x0800c3c4       0x56 C:\stm32ws\vva_tstat\STemWin\lib\libSTemWin526_CM4_GCC.a(GUI_MergeRect.o)
                0x0800c3c4                GUI_MergeRect
 *fill*         0x0800c41a        0x2 
 .text.GUI_GotoXY
                0x0800c41c       0x10 C:\stm32ws\vva_tstat\STemWin\lib\libSTemWin526_CM4_GCC.a(GUI_Goto.o)
                0x0800c41c                GUI_GotoXY
 .text.GUI_GetStringDistX
                0x0800c42c       0x14 C:\stm32ws\vva_tstat\STemWin\lib\libSTemWin526_CM4_GCC.a(GUI_GetStringDistX.o)
                0x0800c42c                GUI_GetStringDistX
 .text.GUI_GetOrg
                0x0800c440       0x1c C:\stm32ws\vva_tstat\STemWin\lib\libSTemWin526_CM4_GCC.a(GUI_GetOrg.o)
                0x0800c440                GUI_GetOrg
 .text.GUI_GetFontSizeY
                0x0800c45c        0x4 C:\stm32ws\vva_tstat\STemWin\lib\libSTemWin526_CM4_GCC.a(GUI_GetFontSizeY.o)
                0x0800c45c                GUI_GetFontSizeY
 .text.GUI_GetClientRect
                0x0800c460        0x8 C:\stm32ws\vva_tstat\STemWin\lib\libSTemWin526_CM4_GCC.a(GUI_GetClientRect.o)
                0x0800c460                GUI_GetClientRect
 .text.GUI_FillRectEx
                0x0800c468       0x16 C:\stm32ws\vva_tstat\STemWin\lib\libSTemWin526_CM4_GCC.a(GUI_FillRectEx.o)
                0x0800c468                GUI_FillRectEx
 *fill*         0x0800c47e        0x2 
 .text.GUI_FillRect
                0x0800c480       0x44 C:\stm32ws\vva_tstat\STemWin\lib\libSTemWin526_CM4_GCC.a(GUI_FillRect.o)
                0x0800c480                GUI_FillRect
 .text.GUI_Exec1
                0x0800c4c4       0x28 C:\stm32ws\vva_tstat\STemWin\lib\libSTemWin526_CM4_GCC.a(GUI_Exec.o)
                0x0800c4c4                GUI_Exec1
 .text.GUI_Exec
                0x0800c4ec       0x12 C:\stm32ws\vva_tstat\STemWin\lib\libSTemWin526_CM4_GCC.a(GUI_Exec.o)
                0x0800c4ec                GUI_Exec
 *fill*         0x0800c4fe        0x2 
 .text.GUI_DrawVLine
                0x0800c500       0x40 C:\stm32ws\vva_tstat\STemWin\lib\libSTemWin526_CM4_GCC.a(GUI_DrawVLine.o)
                0x0800c500                GUI_DrawVLine
 .text._SetLineColor
                0x0800c540       0x8c C:\stm32ws\vva_tstat\STemWin\lib\libSTemWin526_CM4_GCC.a(GUI_DrawLine.o)
 .text.GUI_sin  0x0800c5cc       0x58 C:\stm32ws\vva_tstat\STemWin\lib\libSTemWin526_CM4_GCC.a(GUI_DrawLine.o)
                0x0800c5cc                GUI_sin
 .text.GUI_cos  0x0800c624        0x8 C:\stm32ws\vva_tstat\STemWin\lib\libSTemWin526_CM4_GCC.a(GUI_DrawLine.o)
                0x0800c624                GUI_cos
 .text.GL_DrawLine1Ex
                0x0800c62c      0x1b4 C:\stm32ws\vva_tstat\STemWin\lib\libSTemWin526_CM4_GCC.a(GUI_DrawLine.o)
                0x0800c62c                GL_DrawLine1Ex
 .text.GL_DrawLineEx
                0x0800c7e0      0x1b4 C:\stm32ws\vva_tstat\STemWin\lib\libSTemWin526_CM4_GCC.a(GUI_DrawLine.o)
                0x0800c7e0                GL_DrawLineEx
 .text.GL_DrawLine
                0x0800c994       0x16 C:\stm32ws\vva_tstat\STemWin\lib\libSTemWin526_CM4_GCC.a(GUI_DrawLine.o)
                0x0800c994                GL_DrawLine
 *fill*         0x0800c9aa        0x2 
 .text.GUI_DrawLine
                0x0800c9ac       0x3c C:\stm32ws\vva_tstat\STemWin\lib\libSTemWin526_CM4_GCC.a(GUI_DrawLine.o)
                0x0800c9ac                GUI_DrawLine
 .text.GUI_DrawHLine
                0x0800c9e8       0x48 C:\stm32ws\vva_tstat\STemWin\lib\libSTemWin526_CM4_GCC.a(GUI_DrawHLine.o)
                0x0800c9e8                GUI_DrawHLine
 .text._DrawGradient
                0x0800ca30      0x1d8 C:\stm32ws\vva_tstat\STemWin\lib\libSTemWin526_CM4_GCC.a(GUI_DrawGradient.o)
 .text.GUI_DrawGradientV
                0x0800cc08       0x64 C:\stm32ws\vva_tstat\STemWin\lib\libSTemWin526_CM4_GCC.a(GUI_DrawGradient.o)
                0x0800cc08                GUI_DrawGradientV
 .text.GUI_DrawGradientH
                0x0800cc6c       0x64 C:\stm32ws\vva_tstat\STemWin\lib\libSTemWin526_CM4_GCC.a(GUI_DrawGradient.o)
                0x0800cc6c                GUI_DrawGradientH
 .text.GUI_DrawFocusRect
                0x0800ccd0       0xac C:\stm32ws\vva_tstat\STemWin\lib\libSTemWin526_CM4_GCC.a(GUI_DrawFocusRect.o)
                0x0800ccd0                GUI_DrawFocusRect
 .text.GUI_WrapGetNumLines
                0x0800cd7c       0x20 C:\stm32ws\vva_tstat\STemWin\lib\libSTemWin526_CM4_GCC.a(GUI_DispStringInRectWrap.o)
                0x0800cd7c                GUI_WrapGetNumLines
 .text.GUI_DispStringInRectWrap
                0x0800cd9c      0x136 C:\stm32ws\vva_tstat\STemWin\lib\libSTemWin526_CM4_GCC.a(GUI_DispStringInRectWrap.o)
                0x0800cd9c                GUI_DispStringInRectWrap
 *fill*         0x0800ced2        0x2 
 .text.GUI__DispStringInRect
                0x0800ced4      0x148 C:\stm32ws\vva_tstat\STemWin\lib\libSTemWin526_CM4_GCC.a(GUI_DispStringInRect.o)
                0x0800ced4                GUI__DispStringInRect
 .text.GUI_DispStringInRectMax
                0x0800d01c       0x46 C:\stm32ws\vva_tstat\STemWin\lib\libSTemWin526_CM4_GCC.a(GUI_DispStringInRect.o)
                0x0800d01c                GUI_DispStringInRectMax
 .text.GUI_DispStringInRect